C251 COMPILER V5.60.0,  STC32G_Timer_Isr                                                   03/07/26  13:00:51  PAGE 1   


C251 COMPILER V5.60.0, COMPILATION OF MODULE STC32G_Timer_Isr
OBJECT MODULE PLACED IN .\Objects\STC32G_Timer_Isr.obj
COMPILER INVOKED BY: C:\Keil_v5\C251\BIN\C251.EXE ..\Driver\Library\STC32G_Timer_Isr.c XSMALL INTR2 OPTIMIZE(SIZE) BROWS
                    -E INCDIR(..\App;..\Driver;..\Driver\Library;..\Driver\Tool) DEBUG PRINT(.\Listings\STC32G_Timer_Isr.lst) OBJECT(.\Object
                    -s\STC32G_Timer_Isr.obj) 

stmt  level    source

    1          /*---------------------------------------------------------------------*/
    2          /* --- Web: www.STCAI.com ---------------------------------------------*/
    3          /*---------------------------------------------------------------------*/
    4          
    5          #include "STC32G_Timer.h"
    6          
    7          //========================================================================
    8          // 函数: Timer0_ISR_Handler
    9          // 描述: Timer0中断函数.
   10          // 参数: none.
   11          // 返回: none.
   12          // 版本: V1.0, 2020-09-23
   13          //========================================================================
   14          //void Timer0_ISR_Handler(void) interrupt TMR0_VECTOR // 进中断时已经清除标志
   15          //{
   16          //}
   17          
   18          //========================================================================
   19          // 函数: Timer1_ISR_Handler
   20          // 描述: Timer1中断函数.
   21          // 参数: none.
   22          // 返回: none.
   23          // 版本: V1.0, 2020-09-23
   24          //========================================================================
   25          void Timer1_ISR_Handler(void) interrupt TMR1_VECTOR // 进中断时已经清除标志
   26          {
   27   1              // TODO: 在此处添加用户代码
   28   1              P66 = ~P66;
   29   1      }
   30          
   31          //========================================================================
   32          // 函数: Timer2_ISR_Handler
   33          // 描述: Timer2中断函数.
   34          // 参数: none.
   35          // 返回: none.
   36          // 版本: V1.0, 2020-09-23
   37          //========================================================================
   38          void Timer2_ISR_Handler(void) interrupt TMR2_VECTOR // 进中断时已经清除标志
   39          {
   40   1              // TODO: 在此处添加用户代码
   41   1              P65 = ~P65;
   42   1      }
   43          
   44          //========================================================================
   45          // 函数: Timer3_ISR_Handler
   46          // 描述: Timer3中断函数.
   47          // 参数: none.
   48          // 返回: none.
   49          // 版本: V1.0, 2020-09-23
   50          //========================================================================
   51          void Timer3_ISR_Handler(void) interrupt TMR3_VECTOR // 进中断时已经清除标志
   52          {
   53   1              // TODO: 在此处添加用户代码
   54   1              P64 = ~P64;
   55   1      }
   56          
   57          //========================================================================
C251 COMPILER V5.60.0,  STC32G_Timer_Isr                                                   03/07/26  13:00:51  PAGE 2   

   58          // 函数: Timer4_ISR_Handler
   59          // 描述: Timer4中断函数.
   60          // 参数: none.
   61          // 返回: none.
   62          // 版本: V1.0, 2020-09-23
   63          //========================================================================
   64          void Timer4_ISR_Handler(void) interrupt TMR4_VECTOR // 进中断时已经清除标志
   65          {
   66   1              // TODO: 在此处添加用户代码
   67   1              P63 = ~P63;
   68   1      }


Module Information          Static   Overlayable
------------------------------------------------
  code size            =        40     ------
  ecode size           =    ------     ------
  data size            =    ------     ------
  idata size           =    ------     ------
  pdata size           =    ------     ------
  xdata size           =    ------     ------
  xdata-const size     =    ------     ------
  edata size           =    ------     ------
  bit size             =    ------     ------
  ebit size            =    ------     ------
  bitaddressable size  =    ------     ------
  ebitaddressable size =    ------     ------
  far data size        =    ------     ------
  huge data size       =    ------     ------
  const size           =    ------     ------
  hconst size          =    ------     ------
End of Module Information.


C251 COMPILATION COMPLETE.  0 WARNING(S),  0 ERROR(S)
