C251 COMPILER V5.60.0,  DHT11_drive                                                        08/05/25  19:12:48  PAGE 1   


C251 COMPILER V5.60.0, COMPILATION OF MODULE DHT11_drive
OBJECT MODULE PLACED IN .\Objects\DHT11_drive.obj
COMPILER INVOKED BY: C:\Keil_v5\C251\BIN\C251.EXE USER\DHT11_drive.c XSMALL INTR2 BROWSE INCDIR(.\USER;.\Library) DEBUG 
                    -PRINT(.\Listings\DHT11_drive.lst) TABS(2) OBJECT(.\Objects\DHT11_drive.obj) 

stmt  level    source

    1          #include  "config.h"
    2          //------------------------------STC函数库文件--------------------------
    3          #include "stc32g.h"
    4          #include "stc32_stc8_usb.h"
    5          
    6          #include "STC32G_GPIO.h"
    7          #include "STC32G_NVIC.h"
    8          #include "STC32G_Delay.h"
    9          #include "STC32G_Switch.h"
   10          //------------------------------用户文件------------------------------
   11          #include "DHT11_drive.h"
   12          
   13          #define Timeout 20 //防止在与硬件通信时发生死循环的计数范围
   14          #define Data_size 5
   15          
   16           unsigned char Value_array[Data_size] = {0xAA};//存放五字节数据的数组
   17          
   18          //========================================================================
   19          // 函数: void Delay35us(void) 
   20          // 描述: 35us延时@24.000MHz.
   21          // 参数: none.
   22          // 返回: none.
   23          // 版本: V1.0, 2024-07-06
   24          void Delay35us(void)  //@24.000MHz
   25          {
   26   1        volatile unsigned long edata i;
   27   1      
   28   1        i = 14UL;
   29   1        while (i){
   30   2          i--;
   31   2        }
   32   1      }
   33          
   34          //========================================================================
   35          // 函数: void Delay40us(void) 
   36          // 描述: 40us延时@24.000MHz.
   37          // 参数: none.
   38          // 返回: none.
   39          // 版本: V1.0, 2024-07-06
   40          void Delay40us(void)  //@24.000MHz
   41          {
   42   1      
   43   1        volatile unsigned long edata i;
   44   1      
   45   1        i = 17UL;
   46   1        while (i){
   47   2          i--;
   48   2        }
   49   1      }
   50          
   51          //========================================================================
   52          // 函数: void Delay54us(void) 
   53          // 描述: 54us延时@24.000MHz.
   54          // 参数: none.
   55          // 返回: none.
   56          // 版本: V1.0, 2024-07-06
   57          void Delay54us(void)  
   58          {
C251 COMPILER V5.60.0,  DHT11_drive                                                        08/05/25  19:12:48  PAGE 2   

   59   1        volatile unsigned long edata i;
   60   1      
   61   1        i = 23UL;
   62   1        while (i){
   63   2          i--;
   64   2        }
   65   1      }
   66          
   67          //========================================================================
   68          // 函数: void DHT11_GPIO_config(void)
   69          // 描述: IDHT11 I/O配置.
   70          // 参数: none.
   71          // 返回: none.
   72          // 版本: V1.0, 2024-07-06
   73          void DHT11_GPIO_config(void)
   74          {
   75   1        P1_MODE_IO_PU(GPIO_Pin_1  );    //P1.1设置为准双向口
   76   1      }
   77          
   78          //========================================================================
   79          // 函数: void DHT11_Init(void)
   80          // 描述: DHT11复位.
   81          // 参数: none.
   82          // 返回: none.
   83          // 版本: V1.0, 2024-07-06
   84          void DHT11_Reset(void) 
   85          {
   86   1        bit DQ_Flag = 1;
   87   1        
   88   1        DHT11_DQ=1;           //DQ先置高 
   89   1        delay_ms(1000);
   90   1      }
   91          
   92          //========================================================================
   93          // 函数: void DHT11_Init(void)
   94          // 描述: DHT11初始化.
   95          // 参数: none.
   96          // 返回: none.
   97          // 版本: V1.0, 2024-07-06
   98          void DHT11_Init(void) 
   99          {
  100   1          DHT11_GPIO_config();
  101   1          DHT11_Reset();
  102   1      }
  103          
  104          //========================================================================
  105          // 函数: unsigned char DHT11_ReadByte(void)
  106          // 描述: 读取一个字节.
  107          // 参数: none.
  108          // 返回: none.
  109          // 版本: V1.0, 2024-07-05
  110          unsigned char DHT11_ReadByte(void)    //读取一个字节
  111          {
  112   1          unsigned char iii;
  113   1          unsigned char Dat=0;
  114   1          unsigned char T_count;
  115   1          
  116   1          for(iii = 8; iii > 0; iii--)
  117   1          {
  118   2              //高位在先
  119   2              Dat <<= 1;
  120   2              T_count = 0;
  121   2              
  122   2              Delay54us();//每一位数据前会有一个54us的低电平时间.等待54us低电平结束。
  123   2              while(DHT11_DQ == 0 && T_count++ < Timeout);    
  124   2              if(T_count >= Timeout)
C251 COMPILER V5.60.0,  DHT11_drive                                                        08/05/25  19:12:48  PAGE 3   

  125   2              {
  126   3                  return 0; //函数执行过程发生错误就退出函数
  127   3              }
  128   2      
  129   2              Delay35us();  //延时35us后检测数据线是否还是高电平
  130   2                            //23-27us的高电平表示该位是0,为60-74us高电平表该位是1。 
  131   2              if(DHT11_DQ != 0)
  132   2              {
  133   3                  //进入这里表示该位是1
  134   3                  Dat++;
  135   3                  //等待剩余(约40us)的高电平结束
  136   3                  while(DHT11_DQ != 0 && T_count++ < Timeout)
  137   3                  {
  138   4            //        DHT11_DQ = 1;
  139   4                  }
  140   3                  if(T_count >= Timeout)
  141   3                  {
  142   4                    return 0;
  143   4                  }
  144   3              }
  145   2          }
  146   1          return Dat;   
  147   1      }
  148          
  149          //========================================================================
  150          // 函数: unsigned int DHT11_Read_Temperature(void)
  151          // 描述: 读取并且换算温度，并返回.
  152          // 参数: none.
  153          // 返回: none.
  154          // 版本: V1.0, 2024-07-05
  155          unsigned int DHT11_Read_Temperature(void) //读取并且换算温度，并返回
  156          {
  157   1      //    bit MinusFlag;    //温度正负  0：正数  1：负数
  158   1      //    unsigned char TempH;
  159   1      //    unsigned char TempL;
  160   1      //    unsigned int temperture;
  161   1        
  162   1          unsigned char ii = 0, Check_value = 0, T_count = 0;
  163   1          EA = 0;
  164   1        
  165   1          DHT11_DQ = 0;   //拉低数据线大于18ms 发送开始信号
  166   1          delay_ms(20);;  //需大于18 毫秒，但不得超过30毫秒
  167   1          DHT11_DQ = 1;   //释放数据线,用于检测低电平的应答信号
  168   1          
  169   1          Delay40us(); //延时40us,等待一段时间后检测应答信号,应答信号是从机拉低数据线83us
  170   1          if(DHT11_DQ == 1) //检测应答信号,判断应答信号是否为低电平
  171   1          {       
  172   2              return 0; //如果是高电平，则没应答信号，返回“0”
  173   2          }
  174   1      //    else  //如果是低电平，有应答信号，进行数据接收
  175   1      //    {
  176   1              //  理论应该有延时
  177   1      //        while(DHT11_DQ == 0 && T_count++ < Timeout); //等待应答信号结束
  178   1      //        if(T_count >= Timeout) //检测计数器是否超过了设定的范围
  179   1      //        {
  180   1      //            DHT11_DQ = 1;
  181   1      //            return 0; //读数据出错,返回0退出函数
  182   1      //        }
  183   1      //        T_count = 0;
  184   1      //        DHT11_DQ = 1;//释放数据线
  185   1      //        //  理论应该有延时
  186   1      //        while(DHT11_DQ != 0 && T_count++ < Timeout);  //应答信号后会有一个87us 的高电平，等待高电平结束
  187   1      //        if(T_count >= Timeout)
  188   1      //        {
  189   1      //            DHT11_DQ = 1;
  190   1      //            return 0; //读数据出错,返回0退出函数
C251 COMPILER V5.60.0,  DHT11_drive                                                        08/05/25  19:12:48  PAGE 4   

  191   1      //        }
  192   1      //        for(ii = 0; ii < Data_size; ii++)   //读出湿度、温度值
  193   1      //        {
  194   1      //            Value_array[ii] = DHT11_ReadByte();
  195   1      //            if(ii != Data_size - 1)  //读出的五字节数据中的前四字节数据和等于第五字节数据表示成功
  196   1      //            {      
  197   1      //                Check_value += Value_array[ii];
  198   1      //            }                 
  199   1      //        }
  200   1      //        if(Check_value == Value_array[Data_size - 1])
  201   1      //        {
  202   1      //            //将温湿度扩大10倍方便分离出每一位
  203   1      ////            Humi_value = Value_array[0] * 10;
  204   1      ////            Temp_value = value_array[2] * 10;
  205   1      //            DHT11_DQ = 1;
  206   1      ////            return OK; //正确的读出DHT11输出的数据
  207   1      //        }
  208   1      //        else
  209   1      //        {
  210   1      //            //校验数据出错
  211   1      ////            return ERROR;
  212   1      //        }
  213   1      //    }
  214   1          EA = 1;
  215   1          return 1; 
  216   1      }
  217          
  218          //========================================================================
  219          // 函数: void Test_DHT11_USB_CDC_Send_temperture()
  220          // 描述: USB_CDC测试.
  221          // 参数: none.
  222          // 返回: none.
  223          // 版本: V1.0, 2024-06-26
  224          void Test_DHT11_USB_CDC_Send_temperture(void)
  225          {   
  226   1          unsigned int Tempdata=0;
  227   1        
  228   1      //    if (bUsbOutReady)   //当硬件接收完成上位机通过串口助手发送数据后会自动将 bUsbOutReady 置 1
  229   1      //                        //接收的数据字节数保存在 OutNumber 变量中
  230   1      //                        //接收的数据保存在 UsbOutBuffer 缓冲区
  231   1      //    {
  232   1          Tempdata=DHT11_Read_Temperature();
  233   1      //    OutNumber=sprintf(UsbOutBuffer, "当前温度:%d\n",Tempdata);
  234   1      //    USB_SendData(UsbOutBuffer,OutNumber); //使用 USB_SendData 库函数可向上位机发送数据
  235   1      //                                              //这里的测试代码为将 接收数据原样返回         
  236   1      //    usb_OUT_done();   //处理完成接收的数据后  //调用 usb_OUT_done 准备 接收 下一笔数据
  237   1      //    }
  238   1      }
  239          
  240          
  241          
  242          ///*****************************************************************************/
  243          ////文件名是dht11.c
  244          //#include "dht11.h"
  245          //#include <reg52.h>
  246          ////请根据自己的dht11 接的IO 口来改动位定义
  247          //sbit dht11 = P2^0;
  248          ////防止在与硬件通信时发生死循环的计数范围
  249          //#define NUMBER 20
  250          //#define SIZE 5
  251          //static unsigned char status;
  252          ////存放五字节数据的数组
  253          //static unsigned char value_array[SIZE];
  254          ///*可在其他的文件引用温湿度值,实际是温度的整数的10 倍
  255          //如dht11 读回的温度是26,则temp_value = 260, 湿度同理*/
  256          //int temp_value, humi_value;
C251 COMPILER V5.60.0,  DHT11_drive                                                        08/05/25  19:12:48  PAGE 5   

  257          //static unsigned char ReadValue(void);
  258          //extern void Delay_1ms(unsigned int ms)
  259          //{
  260          //  unsigned int x, y;
  261          //  for(x = ms; x > 0; x--)
  262          //  {
  263          //    for(y = 124; y > 0; y--);
  264          //  }
  265          //}
  266          //static void DHT11_Delay_10us(void)
  267          //{
  268          //  unsigned char i;
  269          //  i--;
  270          //  i--;
  271          //  i--;
  272          //  i--;
  273          //  i--;
  274          //  i--;
  275          //}
  276          ///*读一个字节的数据*/
  277          //static unsigned char DHT11_ReadValue(void)
  278          //{
  279          //  unsigned char count, value = 0, i;
  280          //  status = OK; //设定标志为正常状态
  281          //  for(i = 8; i > 0; i--)
  282          //  {
  283          //    //高位在先
  284          //    value <<= 1;
  285          //    count = 0;
  286          //    //每一位数据前会有一个50us 的低电平时间.等待50us 低电平结束
  287          //    while(dht11 == 0 && count++ < NUMBER);
  288          //    if(count >= NUMBER)
  289          //    {
  290          //      status = ERROR; //设定错误标志
  291          //      return 0; //函数执行过程发生错误就退出函数
  292          //    }
  293          //    //26-28us 的高电平表示该位是0,为70us 高电平表该位1
  294          //    DHT11_Delay_10us();
  295          //    DHT11_Delay_10us();
  296          //    DHT11_Delay_10us();
  297          //    //延时30us 后检测数据线是否还是高电平
  298          //    if(dht11 != 0)
  299          //    {
  300          //      //进入这里表示该位是1
  301          //      value++;
  302          //      //等待剩余(约40us)的高电平结束
  303          //      while(dht11 != 0 && count++ < NUMBER)
  304          //      {
  305          //        dht11 = 1;
  306          //      }
  307          //      if(count >= NUMBER)
  308          //      {
  309          //        status = ERROR; //设定错误标志
  310          //        return 0;
  311          //      }
  312          //    }
  313          //  }
  314          //  return (value);
  315          //}
  316          
  317          
  318          ////读温度和湿度函数，读一次的数据,共五字节，读出成功函数返回OK, 错误返回ERROR
  319          //extern unsigned char DHT11_ReadTempAndHumi(void)
  320          //{
  321          //unsigned char i = 0, check_value = 0,count = 0;
  322          //EA = 0;
C251 COMPILER V5.60.0,  DHT11_drive                                                        08/05/25  19:12:48  PAGE 6   

  323          //dht11 = 0; //拉低数据线大于18ms 发送开始信号
  324          //Delay_1ms(20); //需大于18 毫秒
  325          //dht11 = 1; //释放数据线,用于检测低电平的应答信号
  326          ////延时20-40us,等待一段时间后检测应答信号,应答信号是从机拉低数据线80us
  327          //DHT11_Delay_10us();
  328          //DHT11_Delay_10us();
  329          //DHT11_Delay_10us();
  330          //DHT11_Delay_10us();
  331          //if(dht11 != 0) //检测应答信号,应答信号是低电平
  332          //{
  333          ////没应答信号
  334          //EA = 1;
  335          //return ERROR;
  336          //}
  337          //else
  338          //{
  339          ////有应答信号
  340          //while(dht11 == 0 && count++ < NUMBER); //等待应答信号结束
  341          //if(count >= NUMBER) //检测计数器是否超过了设定的范围
  342          //{
  343          //dht11 = 1;
  344          //EA = 1;
  345          //return ERROR; //读数据出错,退出函数
  346          //}
  347          //count = 0;
  348          //dht11 = 1;//释放数据线
  349          ////应答信号后会有一个80us 的高电平，等待高电平结束
  350          //while(dht11 != 0 && count++ < NUMBER);
  351          //if(count >= NUMBER)
  352          //{
  353          //dht11 = 1;
  354          //EA = 1;
  355          //return ERROR; //退出函数
  356          //}
  357          ////读出湿.温度值
  358          //for(i = 0; i < SIZE; i++)
  359          //{
  360          //value_array[i] = DHT11_ReadValue();
  361          //if(status == ERROR)//调用ReadValue()读数据出错会设定status 为ERROR
  362          //{
  363          //dht11 = 1;
  364          //EA = 1;
  365          //return ERROR;
  366          //}
  367          ////读出的最后一个值是校验值不需加上去
  368          //if(i != SIZE - 1)
  369          //{
  370          ////读出的五字节数据中的前四字节数据和等于第五字节数据表示成功
  371          //check_value += value_array[i];
  372          //}
  373          //}//end for
  374          ////在没用发生函数调用失败时进行校验
  375          //if(check_value == value_array[SIZE - 1])
  376          //{
  377          ////将温湿度扩大10 倍方便分离出每一位
  378          //humi_value = value_array[0] * 10;
  379          //temp_value = value_array[2] * 10;
  380          //dht11 = 1;
  381          //EA = 1;
  382          //return OK; //正确的读出dht11 输出的数据
  383          //}
  384          //else
  385          //{
  386          ////校验数据出错
  387          //EA = 1;
  388          //return ERROR;
C251 COMPILER V5.60.0,  DHT11_drive                                                        08/05/25  19:12:48  PAGE 7   

  389          //}
  390          //}
  391          //}
  392          ///*****************************************************************************/
  393          ///*****************************************************************************/
  394          ///*****************************************************************************/


Module Information          Static   Overlayable
------------------------------------------------
  code size            =       222     ------
  ecode size           =    ------     ------
  data size            =    ------     ------
  idata size           =    ------     ------
  pdata size           =    ------     ------
  xdata size           =    ------     ------
  xdata-const size     =    ------     ------
  edata size           =         5         12
  bit size             =    ------          1
  ebit size            =    ------     ------
  bitaddressable size  =    ------     ------
  ebitaddressable size =    ------     ------
  far data size        =    ------     ------
  huge data size       =    ------     ------
  const size           =    ------     ------
  hconst size          =         9     ------
End of Module Information.


C251 COMPILATION COMPLETE.  0 WARNING(S),  0 ERROR(S)
