C251 COMPILER V5.60.0,  DS134_Tur_drive                                                    02/06/25  09:07:49  PAGE 1   


C251 COMPILER V5.60.0, COMPILATION OF MODULE DS134_Tur_drive
OBJECT MODULE PLACED IN .\Objects\DS134_Tur_drive.obj
COMPILER INVOKED BY: C:\Keil_v5\C251\BIN\C251.EXE USER\DS134_Tur_drive.c XSMALL INTR2 BROWSE INCDIR(.\USER;.\Library) DE
                    -BUG PRINT(.\Listings\DS134_Tur_drive.lst) OBJECT(.\Objects\DS134_Tur_drive.obj) 

stmt  level    source

    1          #include "DS134_tur_drive.h"
*** ERROR C126 IN LINE 14 OF USER\DS134_tur_drive.h: 'Tur_Init': function returning invalid type
    2          
    3          #include "stc32g.h"
    4          #include "STC32G_ADC.h"
    5          #include "STC32G_GPIO.h"
    6          #include "STC32G_Delay.h"
    7          
    8          #define V_REF 3.3f
    9          
   10          sbit Tr = P1^1; //发射管控制端口
   11          
   12          void Tur_Init(void)
   13          {
*** ERROR C53 IN LINE 13 OF USER\DS134_Tur_drive.c: redefinition of 'Tur_Init': different return types
   14   1          ADC_InitTypeDef ADC_InitSruct;
   15   1      
   16   1          P1_MODE_IN_HIZ(GPIO_Pin_0); // P1.0设置为高阻输入(ADC0)
   17   1          P1_MODE_OUT_PP(GPIO_Pin_1); // P1.1设置为推挽输出
   18   1          
   19   1          ADC_InitSruct.ADC_SMPduty = 31;
   20   1          ADC_InitSruct.ADC_Speed = ADC_SPEED_2X16T;
   21   1          ADC_InitSruct.ADC_AdjResult = ADC_LEFT_JUSTIFIED;
   22   1          ADC_InitSruct.ADC_CsSetup = 0;
   23   1          ADC_InitSruct.ADC_CsHold = 1;
   24   1      
   25   1          ADC_Inilize(&ADC_InitSruct);
   26   1          ADC_PowerControl(ENABLE);
   27   1      }
   28          
   29          float Tur_Read(void)
   30          {
   31   1          u16 adc_val = 0;
   32   1          float adc_vol = 0.0f;
   33   1          float tur_val = 0.0f;
   34   1      
   35   1          adc_val = Get_ADCResult(ADC_CH0);
   36   1          adc_vol = (float)adc_val * V_REF / 4096;
   37   1          adc_vol = Avg_Filter(adc_vol);          //滤波
*** WARNING C140 IN LINE 37 OF USER\DS134_Tur_drive.c: 'Avg_Filter' undefined; assuming 'extern int Avg_Filter()'
*** WARNING C95 IN LINE 37 OF USER\DS134_Tur_drive.c: 'Avg_Filter': too many actual parameters
   38   1      
   39   1          //浊度数据转换
   40   1          
   41   1          return tur_val;
   42   1      }
   43          
   44          #define AVG_NUMS 10
   45          volatile float dat[AVG_NUMS] = {0.0f};
   46          static float Avg_Filter(float in_data)
   47          {
*** ERROR C53 IN LINE 47 OF USER\DS134_Tur_drive.c: redefinition of 'Avg_Filter': different return types
   48   1          float sum_data = 0.0f;
   49   1          int i = 0;
   50   1          // 前移（左移）滑动窗口
   51   1          for (; i < AVG_NUMS - 1; i++) {
   52   2              dat[i] = dat[i + 1];
   53   2              sum_data += dat[i];
C251 COMPILER V5.60.0,  DS134_Tur_drive                                                    02/06/25  09:07:49  PAGE 2   

   54   2          }
   55   1          dat[AVG_NUMS - 1] = in_data;
   56   1          sum_data += dat[AVG_NUMS - 1];
   57   1          return (sum_data / AVG_NUMS);
   58   1      }

C251 COMPILATION COMPLETE.  2 WARNING(S),  3 ERROR(S)
