C251 COMPILER V5.60.0,  KEY_drive                                                          04/11/25  14:23:58  PAGE 1   


C251 COMPILER V5.60.0, COMPILATION OF MODULE KEY_drive
OBJECT MODULE PLACED IN .\Objects\KEY_drive.obj
COMPILER INVOKED BY: C:\Keil_v5\C251\BIN\C251.EXE ..\Driver\KEY_drive.c XSMALL INTR2 BROWSE INCDIR(..\App;..\Driver;..\D
                    -river\Library;..\Driver\Tool) DEBUG PRINT(.\Listings\KEY_drive.lst) OBJECT(.\Objects\KEY_drive.obj) 

stmt  level    source

    1          #include "KEY_drive.h"
    2          
    3          #include "multi_button.h"
    4          #include "STC32G_GPIO.h"
    5          #include "STC32G_Delay.h"
    6          
    7          void gpio_init(void)
    8          {
    9   1              P3_MODE_IO_PU(GPIO_Pin_2);
   10   1              P3_PULL_UP_ENABLE(GPIO_Pin_2);
   11   1      }
   12          
   13          u8 gpio_ReadPin(u8 port, u8 pin)
   14          {
   15   1          switch (port)
   16   1          {
   17   2              case 0: return (P0 >> pin) & 0x01;
   18   2              case 1: return (P1 >> pin) & 0x01;
   19   2              case 2: return (P2 >> pin) & 0x01;
   20   2              case 3: return (P3 >> pin) & 0x01;
   21   2              case 4: return (P4 >> pin) & 0x01;
   22   2              case 5: return (P5 >> pin) & 0x01;
   23   2              case 6: return (P6 >> pin) & 0x01;
   24   2              case 7: return (P7 >> pin) & 0x01;
   25   2              default: return 0;
   26   2          } 
   27   1      }
   28          
   29          void gpio_WritePin(u8 port, u8 pin, u8 level)
   30          {
   31   1          switch (port)
   32   1          {
   33   2              case 0:
   34   2                  if (level) P0 |= (1 << pin);
   35   2                  else       P0 &= ~(1 << pin);
   36   2                  break;
   37   2              case 1:
   38   2                  if (level) P1 |= (1 << pin);
   39   2                  else       P1 &= ~(1 << pin);
   40   2                  break;
   41   2              case 2:
   42   2                  if (level) P2 |= (1 << pin);
   43   2                  else       P2 &= ~(1 << pin);
   44   2                  break;
   45   2              case 3:
   46   2                  if (level) P3 |= (1 << pin);
   47   2                  else       P3 &= ~(1 << pin);
   48   2                  break;
   49   2              case 4:
   50   2                  if (level) P4 |= (1 << pin);
   51   2                  else       P4 &= ~(1 << pin);
   52   2                  break;
   53   2              case 5:
   54   2                  if (level) P5 |= (1 << pin);
   55   2                  else       P5 &= ~(1 << pin);
   56   2                  break;
   57   2              case 6:
   58   2                  if (level) P6 |= (1 << pin);
C251 COMPILER V5.60.0,  KEY_drive                                                          04/11/25  14:23:58  PAGE 2   

   59   2                  else       P6 &= ~(1 << pin);
   60   2                  break;
   61   2              case 7:
   62   2                  if (level) P7 |= (1 << pin);
   63   2                  else       P7 &= ~(1 << pin);
   64   2                  break;
   65   2              default:
   66   2                  break;
   67   2          }
   68   1      }


Module Information          Static   Overlayable
------------------------------------------------
  code size            =       558     ------
  ecode size           =    ------     ------
  data size            =    ------     ------
  idata size           =    ------     ------
  pdata size           =    ------     ------
  xdata size           =    ------     ------
  xdata-const size     =    ------     ------
  edata size           =    ------     ------
  bit size             =    ------     ------
  ebit size            =    ------     ------
  bitaddressable size  =    ------     ------
  ebitaddressable size =    ------     ------
  far data size        =    ------     ------
  huge data size       =    ------     ------
  const size           =    ------     ------
  hconst size          =    ------     ------
End of Module Information.


C251 COMPILATION COMPLETE.  0 WARNING(S),  0 ERROR(S)
