C251 COMPILER V5.60.0,  log                                                                19/05/26  14:35:44  PAGE 1   


C251 COMPILER V5.60.0, COMPILATION OF MODULE log
OBJECT MODULE PLACED IN .\Objects\log.obj
COMPILER INVOKED BY: C:\Keil_v5\C251\BIN\C251.EXE ..\Driver\Tool\log.c XSMALL INTR2 BROWSE INCDIR(..\App;..\Driver;..\Dr
                    -iver\Library;..\Driver\Tool) DEBUG PRINT(.\Listings\log.lst) OBJECT(.\Objects\log.obj) 

stmt  level    source

    1          /**
    2           * @file log.c
    3           * @author wongsx
    4           * @brief
    5           * @version 0.1
    6           * @date 2025-09-22
    7           *
    8           * @copyright Copyright (c) 2025
    9           *
   10           */
   11          
   12          #include "log.h"
   13          
   14          #include <stdio.h>
   15          #include <stdarg.h>
   16          
   17          #define __log_color_set(clr) printf(clr)
   18          #define __log_color_reset() printf("\033[0m")
   19          
   20          #define BLACK "\033[1;30m"
   21          #define RED "\033[1;31m"
   22          #define GREEN "\033[1;32m"
   23          #define YELLOW "\033[1;33m"
   24          #define BLUE "\033[1;34m"
   25          #define PURPLE "\033[1;35m"
   26          #define CYAN "\033[1;36m"
   27          #define WHITE "\033[1;37m"
   28          
   29          char putchar(char c)
   30          {
   31   1          USB_SendData(&c, 1);
   32   1          return c;
   33   1      }
   34          
   35          static void log_vprint(const char *color,
   36                                 const char *level,
   37                                 const char *file,
   38                                 int line,
   39                                 const char *fmt,
   40                                 va_list args)
   41          {
   42   1          __log_color_set(color);
   43   1          printf("[%s] %s:%d ", level, file, line);
   44   1          vprintf(fmt, args);
   45   1          __log_color_reset();
   46   1          printf("\n");
   47   1      }
   48          
   49          void log_error(const char *file, int line, const char *fmt, ...)
   50          {
   51   1          va_list args;
   52   1          va_start(args, fmt);
   53   1          log_vprint(RED, "ERROR", file, line, fmt, args);
   54   1          va_end(args);
   55   1      }
   56          
   57          void log_warn(const char *file, int line, const char *fmt, ...)
   58          {
C251 COMPILER V5.60.0,  log                                                                19/05/26  14:35:44  PAGE 2   

   59   1          va_list args;
   60   1          va_start(args, fmt);
   61   1          log_vprint(YELLOW, "WARN", file, line, fmt, args);
   62   1          va_end(args);
   63   1      }
   64          
   65          void log_info(const char *file, int line, const char *fmt, ...)
   66          {
   67   1          va_list args;
   68   1          va_start(args, fmt);
   69   1          log_vprint(GREEN, "INFO", file, line, fmt, args);
   70   1          va_end(args);
   71   1      }
   72          
   73          void log_debug(const char *file, int line, const char *fmt, ...)
   74          {
   75   1          va_list args;
   76   1          va_start(args, fmt);
   77   1          log_vprint(CYAN, "DEBUG", file, line, fmt, args);
   78   1          va_end(args);
   79   1      }
   80          
   81          void log_null(const char *fmt, ...) {}
*** WARNING C47 IN LINE 81 OF ..\Driver\Tool\log.c: 'fmt': unreferenced parameter


Module Information          Static   Overlayable
------------------------------------------------
  code size            =       291     ------
  ecode size           =    ------     ------
  data size            =    ------     ------
  idata size           =    ------     ------
  pdata size           =    ------     ------
  xdata size           =    ------     ------
  xdata-const size     =    ------     ------
  edata size           =    ------        259
  bit size             =    ------     ------
  ebit size            =    ------     ------
  bitaddressable size  =    ------     ------
  ebitaddressable size =    ------     ------
  far data size        =    ------     ------
  huge data size       =    ------     ------
  const size           =    ------     ------
  hconst size          =        73     ------
End of Module Information.


C251 COMPILATION COMPLETE.  1 WARNING(S),  0 ERROR(S)
