C251 COMPILER V5.60.0,  STC32G_NVIC                                                        19/05/26  14:35:43  PAGE 1   


C251 COMPILER V5.60.0, COMPILATION OF MODULE STC32G_NVIC
OBJECT MODULE PLACED IN .\Objects\STC32G_NVIC.obj
COMPILER INVOKED BY: C:\Keil_v5\C251\BIN\C251.EXE ..\Driver\Library\STC32G_NVIC.c XSMALL INTR2 BROWSE INCDIR(..\App;..\D
                    -river;..\Driver\Library;..\Driver\Tool) DEBUG PRINT(.\Listings\STC32G_NVIC.lst) OBJECT(.\Objects\STC32G_NVIC.obj) 

stmt  level    source

    1          #include "STC32G_NVIC.h"
    2          
    3          //========================================================================
    4          // 函数: NVIC_Timer0_Init
    5          // 描述: Timer0嵌套向量中断控制器初始化.
    6          // 参数: State:    中断使能状态, ENABLE/DISABLE.
    7          // 参数: Priority: 中断优先级, Priority_0,Priority_1,Priority_2,Priority_3.
    8          // 返回: 执行结果 SUCCESS/FAIL.
    9          // 版本: V1.0, 2020-09-29
   10          //========================================================================
   11          u8 NVIC_Timer0_Init(u8 State, u8 Priority)
   12          {
   13   1              if(State <= ENABLE) Timer0_Interrupt(State); else  return FAIL;
   14   1              if(Priority <= Priority_3) Timer0_Priority(Priority); else  return FAIL;
   15   1              return SUCCESS;
   16   1      }
   17          
   18          //========================================================================
   19          // 函数: NVIC_Timer1_Init
   20          // 描述: Timer1嵌套向量中断控制器初始化.
   21          // 参数: State:    中断使能状态, ENABLE/DISABLE.
   22          // 参数: Priority: 中断优先级, Priority_0,Priority_1,Priority_2,Priority_3.
   23          // 返回: 执行结果 SUCCESS/FAIL.
   24          // 版本: V1.0, 2020-09-29
   25          //========================================================================
   26          u8 NVIC_Timer1_Init(u8 State, u8 Priority)
   27          {
   28   1              if(State <= ENABLE) Timer1_Interrupt(State); else  return FAIL;
   29   1              if(Priority <= Priority_3) Timer1_Priority(Priority); else  return FAIL;
   30   1              return SUCCESS;
   31   1      }
   32          
   33          //========================================================================
   34          // 函数: NVIC_Timer2_Init
   35          // 描述: Timer2嵌套向量中断控制器初始化.
   36          // 参数: State:    中断使能状态, ENABLE/DISABLE.
   37          // 参数: Priority: 中断优先级, NULL.
   38          // 返回: 执行结果 SUCCESS/FAIL.
   39          // 版本: V1.0, 2020-09-29
   40          //========================================================================
   41          u8 NVIC_Timer2_Init(u8 State, u8 Priority)
   42          {
   43   1              if(State <= ENABLE) Timer2_Interrupt(State); else  return FAIL;
   44   1              Priority = NULL;
   45   1              return SUCCESS;
   46   1      }
   47          
   48          //========================================================================
   49          // 函数: NVIC_Timer3_Init
   50          // 描述: Timer3嵌套向量中断控制器初始化.
   51          // 参数: State:    中断使能状态, ENABLE/DISABLE.
   52          // 参数: Priority: 中断优先级, NULL.
   53          // 返回: 执行结果 SUCCESS/FAIL.
   54          // 版本: V1.0, 2020-09-29
   55          //========================================================================
   56          u8 NVIC_Timer3_Init(u8 State, u8 Priority)
   57          {
   58   1              if(State <= ENABLE) Timer3_Interrupt(State); else  return FAIL;
C251 COMPILER V5.60.0,  STC32G_NVIC                                                        19/05/26  14:35:43  PAGE 2   

   59   1              Priority = NULL;
   60   1              return SUCCESS;
   61   1      }
   62          
   63          //========================================================================
   64          // 函数: NVIC_Timer4_Init
   65          // 描述: Timer4嵌套向量中断控制器初始化.
   66          // 参数: State:    中断使能状态, ENABLE/DISABLE.
   67          // 参数: Priority: 中断优先级, NULL.
   68          // 返回: 执行结果 SUCCESS/FAIL.
   69          // 版本: V1.0, 2020-09-29
   70          //========================================================================
   71          u8 NVIC_Timer4_Init(u8 State, u8 Priority)
   72          {
   73   1              if(State <= ENABLE) Timer4_Interrupt(State); else  return FAIL;
   74   1              Priority = NULL;
   75   1              return SUCCESS;
   76   1      }
   77          
   78          //========================================================================
   79          // 函数: NVIC_INT0_Init
   80          // 描述: INT0嵌套向量中断控制器初始化.
   81          // 参数: State:    中断使能状态, ENABLE/DISABLE.
   82          // 参数: Priority: 中断优先级, Priority_0,Priority_1,Priority_2,Priority_3.
   83          // 返回: 执行结果 SUCCESS/FAIL.
   84          // 版本: V1.0, 2020-09-29
   85          //========================================================================
   86          u8 NVIC_INT0_Init(u8 State, u8 Priority)
   87          {
   88   1              if(State <= ENABLE) INT0_Interrupt(State); else  return FAIL;
   89   1              if(Priority <= Priority_3) INT0_Priority(Priority); else  return FAIL;
   90   1              return SUCCESS;
   91   1      }
   92          
   93          //========================================================================
   94          // 函数: NVIC_INT1_Init
   95          // 描述: INT1嵌套向量中断控制器初始化.
   96          // 参数: State:    中断使能状态, ENABLE/DISABLE.
   97          // 参数: Priority: 中断优先级, Priority_0,Priority_1,Priority_2,Priority_3.
   98          // 返回: 执行结果 SUCCESS/FAIL.
   99          // 版本: V1.0, 2020-09-29
  100          //========================================================================
  101          u8 NVIC_INT1_Init(u8 State, u8 Priority)
  102          {
  103   1              if(State <= ENABLE) INT1_Interrupt(State); else  return FAIL;
  104   1              if(Priority <= Priority_3) INT1_Priority(Priority); else  return FAIL;
  105   1              return SUCCESS;
  106   1      }
  107          
  108          //========================================================================
  109          // 函数: NVIC_INT2_Init
  110          // 描述: INT2嵌套向量中断控制器初始化.
  111          // 参数: State:    中断使能状态, ENABLE/DISABLE.
  112          // 参数: Priority: 中断优先级, NULL.
  113          // 返回: 执行结果 SUCCESS/FAIL.
  114          // 版本: V1.0, 2020-09-29
  115          //========================================================================
  116          u8 NVIC_INT2_Init(u8 State, u8 Priority)
  117          {
  118   1              if(State <= ENABLE) INT2_Interrupt(State); else  return FAIL;
  119   1              Priority = NULL;
  120   1              return SUCCESS;
  121   1      }
  122          
  123          //========================================================================
  124          // 函数: NVIC_INT3_Init
C251 COMPILER V5.60.0,  STC32G_NVIC                                                        19/05/26  14:35:43  PAGE 3   

  125          // 描述: INT3嵌套向量中断控制器初始化.
  126          // 参数: State:    中断使能状态, ENABLE/DISABLE.
  127          // 参数: Priority: 中断优先级, NULL.
  128          // 返回: 执行结果 SUCCESS/FAIL.
  129          // 版本: V1.0, 2020-09-29
  130          //========================================================================
  131          u8 NVIC_INT3_Init(u8 State, u8 Priority)
  132          {
  133   1              if(State <= ENABLE) INT3_Interrupt(State); else  return FAIL;
  134   1              Priority = NULL;
  135   1              return SUCCESS;
  136   1      }
  137          
  138          //========================================================================
  139          // 函数: NVIC_INT4_Init
  140          // 描述: INT4嵌套向量中断控制器初始化.
  141          // 参数: State:    中断使能状态, ENABLE/DISABLE.
  142          // 参数: Priority: 中断优先级, NULL.
  143          // 返回: 执行结果 SUCCESS/FAIL.
  144          // 版本: V1.0, 2020-09-29
  145          //========================================================================
  146          u8 NVIC_INT4_Init(u8 State, u8 Priority)
  147          {
  148   1              if(State <= ENABLE) INT4_Interrupt(State); else  return FAIL;
  149   1              Priority = NULL;
  150   1              return SUCCESS;
  151   1      }
  152          
  153          //========================================================================
  154          // 函数: NVIC_ADC_Init
  155          // 描述: ADC嵌套向量中断控制器初始化.
  156          // 参数: State:    中断使能状态, ENABLE/DISABLE.
  157          // 参数: Priority: 中断优先级, Priority_0,Priority_1,Priority_2,Priority_3.
  158          // 返回: 执行结果 SUCCESS/FAIL.
  159          // 版本: V1.0, 2020-09-29
  160          //========================================================================
  161          u8 NVIC_ADC_Init(u8 State, u8 Priority)
  162          {
  163   1              if(State <= ENABLE) ADC_Interrupt(State); else  return FAIL;
  164   1              if(Priority <= Priority_3) ADC_Priority(Priority); else  return FAIL;
  165   1              return SUCCESS;
  166   1      }
  167          
  168          //========================================================================
  169          // 函数: NVIC_CMP_Init
  170          // 描述: 比较器嵌套向量中断控制器初始化.
  171          // 参数: State:    中断使能状态, RISING_EDGE/FALLING_EDGE/DISABLE.
  172          // 参数: Priority: 中断优先级, Priority_0,Priority_1,Priority_2,Priority_3.
  173          // 返回: 执行结果 SUCCESS/FAIL.
  174          // 版本: V1.0, 2020-09-29
  175          //========================================================================
  176          u8 NVIC_CMP_Init(u8 State, u8 Priority)
  177          {
  178   1              if(State & RISING_EDGE) PIE = 1;                        //允许上升沿中断
  179   1              else    PIE = 0;                        //禁止上升沿中断
  180   1              if(State & FALLING_EDGE)        NIE = 1;                //允许下降沿中断
  181   1              else    NIE = 0;                        //禁止上升沿中断
  182   1              if(Priority <= Priority_3) CMP_Priority(Priority); else  return FAIL;
  183   1              return SUCCESS;
  184   1      }
  185          
  186          //========================================================================
  187          // 函数: NVIC_I2C_Init
  188          // 描述: I2C嵌套向量中断控制器初始化.
  189          // 参数: Mode:     模式, I2C_Mode_Master/I2C_Mode_Slave.
  190          // 参数: State:    中断使能状态, I2C_Mode_Master: ENABLE/DISABLE.
C251 COMPILER V5.60.0,  STC32G_NVIC                                                        19/05/26  14:35:43  PAGE 4   

  191          //                              I2C_Mode_Slave: I2C_ESTAI/I2C_ERXI/I2C_ETXI/I2C_ESTOI/DISABLE.
  192          // 参数: Priority: 中断优先级, Priority_0,Priority_1,Priority_2,Priority_3.
  193          // 返回: 执行结果 SUCCESS/FAIL.
  194          // 版本: V1.0, 2020-09-29
  195          //========================================================================
  196          u8 NVIC_I2C_Init(u8 Mode, u8 State, u8 Priority)
  197          {
  198   1              if(Mode > 1) return FAIL;
  199   1              if(Mode == 1)   //I2C_Mode_Master
  200   1              {
  201   2                      I2C_Master_Inturrupt(State);
  202   2              }
  203   1              else if(Mode == 0)      //I2C_Mode_Slave
  204   1              {
  205   2                      I2CSLCR = (I2CSLCR & ~0x78) | State;
  206   2              }
  207   1              if(Priority <= Priority_3) CMP_Priority(Priority); else  return FAIL;
  208   1              return SUCCESS;
  209   1      }
  210          
  211          //========================================================================
  212          // 函数: NVIC_UART1_Init
  213          // 描述: UART1嵌套向量中断控制器初始化.
  214          // 参数: State:    中断使能状态, ENABLE/DISABLE.
  215          // 参数: Priority: 中断优先级, Priority_0,Priority_1,Priority_2,Priority_3.
  216          // 返回: 执行结果 SUCCESS/FAIL.
  217          // 版本: V1.0, 2020-09-29
  218          //========================================================================
  219          u8 NVIC_UART1_Init(u8 State, u8 Priority)
  220          {
  221   1              if(State <= ENABLE) UART1_Interrupt(State); else  return FAIL;
  222   1              if(Priority <= Priority_3) UART1_Priority(Priority); else  return FAIL;
  223   1              return SUCCESS;
  224   1      }
  225          
  226          //========================================================================
  227          // 函数: NVIC_UART2_Init
  228          // 描述: UART2嵌套向量中断控制器初始化.
  229          // 参数: State:    中断使能状态, ENABLE/DISABLE.
  230          // 参数: Priority: 中断优先级, Priority_0,Priority_1,Priority_2,Priority_3.
  231          // 返回: 执行结果 SUCCESS/FAIL.
  232          // 版本: V1.0, 2020-09-29
  233          //========================================================================
  234          u8 NVIC_UART2_Init(u8 State, u8 Priority)
  235          {
  236   1              if(State <= ENABLE) UART2_Interrupt(State); else  return FAIL;
  237   1              if(Priority <= Priority_3) UART2_Priority(Priority); else  return FAIL;
  238   1              return SUCCESS;
  239   1      }
  240          
  241          //========================================================================
  242          // 函数: NVIC_UART3_Init
  243          // 描述: UART3嵌套向量中断控制器初始化.
  244          // 参数: State:    中断使能状态, ENABLE/DISABLE.
  245          // 参数: Priority: 中断优先级, Priority_0,Priority_1,Priority_2,Priority_3.
  246          // 返回: 执行结果 SUCCESS/FAIL.
  247          // 版本: V1.0, 2020-09-29
  248          //========================================================================
  249          u8 NVIC_UART3_Init(u8 State, u8 Priority)
  250          {
  251   1              if(State <= ENABLE) UART3_Interrupt(State); else  return FAIL;
  252   1              if(Priority <= Priority_3) UART3_Priority(Priority); else  return FAIL;
  253   1              return SUCCESS;
  254   1      }
  255          
  256          //========================================================================
C251 COMPILER V5.60.0,  STC32G_NVIC                                                        19/05/26  14:35:43  PAGE 5   

  257          // 函数: NVIC_UART4_Init
  258          // 描述: UART4嵌套向量中断控制器初始化.
  259          // 参数: State:    中断使能状态, ENABLE/DISABLE.
  260          // 参数: Priority: 中断优先级, Priority_0,Priority_1,Priority_2,Priority_3.
  261          // 返回: 执行结果 SUCCESS/FAIL.
  262          // 版本: V1.0, 2020-09-29
  263          //========================================================================
  264          u8 NVIC_UART4_Init(u8 State, u8 Priority)
  265          {
  266   1              if(State <= ENABLE) UART4_Interrupt(State); else  return FAIL;
  267   1              if(Priority <= Priority_3) UART4_Priority(Priority); else  return FAIL;
  268   1              return SUCCESS;
  269   1      }
  270          
  271          //========================================================================
  272          // 函数: NVIC_SPI_Init
  273          // 描述: SPI嵌套向量中断控制器初始化.
  274          // 参数: State:    中断使能状态, ENABLE/DISABLE.
  275          // 参数: Priority: 中断优先级, Priority_0,Priority_1,Priority_2,Priority_3.
  276          // 返回: 执行结果 SUCCESS/FAIL.
  277          // 版本: V1.0, 2020-09-29
  278          //========================================================================
  279          u8 NVIC_SPI_Init(u8 State, u8 Priority)
  280          {
  281   1              if(State <= ENABLE) SPI_Interrupt(State); else  return FAIL;
  282   1              if(Priority <= Priority_3) SPI_Priority(Priority); else  return FAIL;
  283   1              return SUCCESS;
  284   1      }
  285          
  286          //========================================================================
  287          // 函数: NVIC_RTC_Init
  288          // 描述: SPI嵌套向量中断控制器初始化.
  289          // 参数: State:    中断使能状态, 中断使能, 0x80:闹钟中断, 0x40:日中断, 0x20:小时中断, 0x10:分钟中断, 0x08
             -:秒中断, 0x04:1/2秒中断, 0x02:1/8秒中断, 0x01:1/32秒中断 /DISABLE.
  290          // 参数: Priority: 中断优先级, Priority_0,Priority_1,Priority_2,Priority_3.
  291          // 返回: 执行结果 SUCCESS/FAIL.
  292          // 版本: V1.0, 2020-09-29
  293          //========================================================================
  294          u8 NVIC_RTC_Init(u8 State, u8 Priority)
  295          {
  296   1              if(Priority <= Priority_3) RTC_Priority(Priority); else  return FAIL;
  297   1              RTC_Interrupt(State); 
  298   1              return SUCCESS;
  299   1      }
  300          
  301          //========================================================================
  302          // 函数: NVIC_PWM_Init
  303          // 描述: PWM嵌套向量中断控制器初始化.
  304          // 参数: Channel:  通道, PWMA/PWMB.
  305          // 参数: State:    中断使能状态, PWM_BIE/PWM_TIE/PWM_COMIE/PWM_CC8IE~PWM_CC1IE/PWM_UIE/DISABLE.
  306          // 参数: Priority: 中断优先级, Priority_0,Priority_1,Priority_2,Priority_3.
  307          // 返回: 执行结果 SUCCESS/FAIL.
  308          // 版本: V1.0, 2020-09-29
  309          //========================================================================
  310          #ifndef PWMA
  311          #define PWMA    9
  312          #endif
  313          #ifndef PWMB
  314          #define PWMB    10
  315          #endif
  316          u8 NVIC_PWM_Init(u8 Channel, u8 State, u8 Priority)
  317          {
  318   1              if(Channel > PWMB) return FAIL;
  319   1              if(Priority > Priority_3) return FAIL;
  320   1              switch(Channel)
  321   1              {
C251 COMPILER V5.60.0,  STC32G_NVIC                                                        19/05/26  14:35:43  PAGE 6   

  322   2                      case PWMA:
  323   2                              PWMA_IER = State;
  324   2                              PWMA_Priority(Priority);
  325   2                      break;
  326   2      
  327   2                      case PWMB:
  328   2                              PWMB_IER = State;
  329   2                              PWMB_Priority(Priority);
  330   2                      break;
  331   2      
  332   2                      default:
  333   2                              PWMB_IER = State;
  334   2                              Priority = NULL;
  335   2                      break;
  336   2              }
  337   1              return SUCCESS;
  338   1      }
  339          
  340          //========================================================================
  341          // 函数: NVIC_DMA_ADC_Init
  342          // 描述: DMA ADC嵌套向量中断控制器初始化.
  343          // 参数: State:    中断使能状态, ENABLE/DISABLE.
  344          // 参数: Priority: 中断优先级, Priority_0,Priority_1,Priority_2,Priority_3.
  345          // 参数: Bus_Priority: 数据总线访问优先级, Priority_0,Priority_1,Priority_2,Priority_3.
  346          // 返回: 执行结果 SUCCESS/FAIL.
  347          // 版本: V1.0, 2021-05-21
  348          //========================================================================
  349          u8 NVIC_DMA_ADC_Init(u8 State, u8 Priority, u8 Bus_Priority)
  350          {
  351   1              DMA_ADC_CFG &= ~0x0f;
  352   1              if(Priority <= Priority_3) DMA_ADC_CFG |= Priority << 2;
  353   1              if(Bus_Priority <= Priority_3) DMA_ADC_CFG |= Bus_Priority;     //数据总线访问优先级
  354   1              if(State == ENABLE)
  355   1                      DMA_ADC_CFG |= 0x80;            //bit7 1:Enable Interrupt
  356   1              else
  357   1                      DMA_ADC_CFG &= ~0x80;           //bit7 0:Disable Interrupt
  358   1              return SUCCESS;
  359   1      }
  360          
  361          //========================================================================
  362          // 函数: NVIC_DMA_M2M_Init
  363          // 描述: DMA M2M嵌套向量中断控制器初始化.
  364          // 参数: State:    中断使能状态, ENABLE/DISABLE.
  365          // 参数: Priority: 中断优先级, Priority_0,Priority_1,Priority_2,Priority_3.
  366          // 参数: Bus_Priority: 数据总线访问优先级, Priority_0,Priority_1,Priority_2,Priority_3.
  367          // 返回: 执行结果 SUCCESS/FAIL.
  368          // 版本: V1.0, 2021-05-21
  369          //========================================================================
  370          u8 NVIC_DMA_M2M_Init(u8 State, u8 Priority, u8 Bus_Priority)
  371          {
  372   1              DMA_M2M_CFG &= ~0x0f;
  373   1              if(Priority <= Priority_3) DMA_M2M_CFG |= Priority << 2;
  374   1              if(Bus_Priority <= Priority_3) DMA_M2M_CFG |= Bus_Priority;     //数据总线访问优先级
  375   1              if(State == ENABLE)
  376   1                      DMA_M2M_CFG |= 0x80;            //bit7 1:Enable Interrupt
  377   1              else
  378   1                      DMA_M2M_CFG &= ~0x80;           //bit7 0:Disable Interrupt
  379   1              return SUCCESS;
  380   1      }
  381          
  382          //========================================================================
  383          // 函数: NVIC_DMA_SPI_Init
  384          // 描述: DMA SPI嵌套向量中断控制器初始化.
  385          // 参数: State:    中断使能状态, ENABLE/DISABLE.
  386          // 参数: Priority: 中断优先级, Priority_0,Priority_1,Priority_2,Priority_3.
  387          // 参数: Bus_Priority: 数据总线访问优先级, Priority_0,Priority_1,Priority_2,Priority_3.
C251 COMPILER V5.60.0,  STC32G_NVIC                                                        19/05/26  14:35:43  PAGE 7   

  388          // 返回: 执行结果 SUCCESS/FAIL.
  389          // 版本: V1.0, 2021-05-27
  390          //========================================================================
  391          u8 NVIC_DMA_SPI_Init(u8 State, u8 Priority, u8 Bus_Priority)
  392          {
  393   1              DMA_SPI_CFG &= ~0x0f;
  394   1              if(Priority <= Priority_3) DMA_SPI_CFG |= Priority << 2;
  395   1              if(Bus_Priority <= Priority_3) DMA_SPI_CFG |= Bus_Priority;     //数据总线访问优先级
  396   1              if(State == ENABLE)
  397   1                      DMA_SPI_CFG |= 0x80;            //bit7 1:Enable Interrupt
  398   1              else
  399   1                      DMA_SPI_CFG &= ~0x80;           //bit7 0:Disable Interrupt
  400   1              return SUCCESS;
  401   1      }
  402          
  403          //========================================================================
  404          // 函数: NVIC_DMA_UART1_Tx_Init
  405          // 描述: DMA UART1 Tx嵌套向量中断控制器初始化.
  406          // 参数: State:    中断使能状态, ENABLE/DISABLE.
  407          // 参数: Priority: 中断优先级, Priority_0,Priority_1,Priority_2,Priority_3.
  408          // 参数: Bus_Priority: 数据总线访问优先级, Priority_0,Priority_1,Priority_2,Priority_3.
  409          // 返回: 执行结果 SUCCESS/FAIL.
  410          // 版本: V1.0, 2021-05-21
  411          //========================================================================
  412          u8 NVIC_DMA_UART1_Tx_Init(u8 State, u8 Priority, u8 Bus_Priority)
  413          {
  414   1              DMA_UR1T_CFG &= ~0x0f;
  415   1              if(Priority <= Priority_3) DMA_UR1T_CFG |= Priority << 2;
  416   1              if(Bus_Priority <= Priority_3) DMA_UR1T_CFG |= Bus_Priority;    //数据总线访问优先级
  417   1              if(State == ENABLE)
  418   1                      DMA_UR1T_CFG |= 0x80;           //bit7 1:Enable Interrupt
  419   1              else
  420   1                      DMA_UR1T_CFG &= ~0x80;  //bit7 0:Disable Interrupt
  421   1              return SUCCESS;
  422   1      }
  423          
  424          //========================================================================
  425          // 函数: NVIC_DMA_UART1_Rx_Init
  426          // 描述: DMA UART1 Rx嵌套向量中断控制器初始化.
  427          // 参数: State:    中断使能状态, ENABLE/DISABLE.
  428          // 参数: Priority: 中断优先级, Priority_0,Priority_1,Priority_2,Priority_3.
  429          // 参数: Bus_Priority: 数据总线访问优先级, Priority_0,Priority_1,Priority_2,Priority_3.
  430          // 返回: 执行结果 SUCCESS/FAIL.
  431          // 版本: V1.0, 2021-05-21
  432          //========================================================================
  433          u8 NVIC_DMA_UART1_Rx_Init(u8 State, u8 Priority, u8 Bus_Priority)
  434          {
  435   1              DMA_UR1R_CFG &= ~0x0f;
  436   1              if(Priority <= Priority_3) DMA_UR1R_CFG |= Priority << 2;
  437   1              if(Bus_Priority <= Priority_3) DMA_UR1R_CFG |= Bus_Priority;    //数据总线访问优先级
  438   1              if(State == ENABLE)
  439   1                      DMA_UR1R_CFG |= 0x80;           //bit7 1:Enable Interrupt
  440   1              else
  441   1                      DMA_UR1R_CFG &= ~0x80;  //bit7 0:Disable Interrupt
  442   1              return SUCCESS;
  443   1      }
  444          
  445          //========================================================================
  446          // 函数: NVIC_DMA_UART2_Tx_Init
  447          // 描述: DMA UART2 Tx嵌套向量中断控制器初始化.
  448          // 参数: State:    中断使能状态, ENABLE/DISABLE.
  449          // 参数: Priority: 中断优先级, Priority_0,Priority_1,Priority_2,Priority_3.
  450          // 参数: Bus_Priority: 数据总线访问优先级, Priority_0,Priority_1,Priority_2,Priority_3.
  451          // 返回: 执行结果 SUCCESS/FAIL.
  452          // 版本: V1.0, 2021-05-21
  453          //========================================================================
C251 COMPILER V5.60.0,  STC32G_NVIC                                                        19/05/26  14:35:43  PAGE 8   

  454          u8 NVIC_DMA_UART2_Tx_Init(u8 State, u8 Priority, u8 Bus_Priority)
  455          {
  456   1              DMA_UR2T_CFG &= ~0x0f;
  457   1              if(Priority <= Priority_3) DMA_UR2T_CFG |= Priority << 2;
  458   1              if(Bus_Priority <= Priority_3) DMA_UR2T_CFG |= Bus_Priority;    //数据总线访问优先级
  459   1              if(State == ENABLE)
  460   1                      DMA_UR2T_CFG |= 0x80;           //bit7 1:Enable Interrupt
  461   1              else
  462   1                      DMA_UR2T_CFG &= ~0x80;  //bit7 0:Disable Interrupt
  463   1              return SUCCESS;
  464   1      }
  465          
  466          //========================================================================
  467          // 函数: NVIC_DMA_UART2_Rx_Init
  468          // 描述: DMA UART2 Rx嵌套向量中断控制器初始化.
  469          // 参数: State:    中断使能状态, ENABLE/DISABLE.
  470          // 参数: Priority: 中断优先级, Priority_0,Priority_1,Priority_2,Priority_3.
  471          // 参数: Bus_Priority: 数据总线访问优先级, Priority_0,Priority_1,Priority_2,Priority_3.
  472          // 返回: 执行结果 SUCCESS/FAIL.
  473          // 版本: V1.0, 2021-05-21
  474          //========================================================================
  475          u8 NVIC_DMA_UART2_Rx_Init(u8 State, u8 Priority, u8 Bus_Priority)
  476          {
  477   1              DMA_UR2R_CFG &= ~0x0f;
  478   1              if(Priority <= Priority_3) DMA_UR2R_CFG |= Priority << 2;
  479   1              if(Bus_Priority <= Priority_3) DMA_UR2R_CFG |= Bus_Priority;    //数据总线访问优先级
  480   1              if(State == ENABLE)
  481   1                      DMA_UR2R_CFG |= 0x80;           //bit7 1:Enable Interrupt
  482   1              else
  483   1                      DMA_UR2R_CFG &= ~0x80;  //bit7 0:Disable Interrupt
  484   1              return SUCCESS;
  485   1      }
  486          
  487          //========================================================================
  488          // 函数: NVIC_DMA_UART3_Tx_Init
  489          // 描述: DMA UART3 Tx嵌套向量中断控制器初始化.
  490          // 参数: State:    中断使能状态, ENABLE/DISABLE.
  491          // 参数: Priority: 中断优先级, Priority_0,Priority_1,Priority_2,Priority_3.
  492          // 参数: Bus_Priority: 数据总线访问优先级, Priority_0,Priority_1,Priority_2,Priority_3.
  493          // 返回: 执行结果 SUCCESS/FAIL.
  494          // 版本: V1.0, 2021-05-21
  495          //========================================================================
  496          u8 NVIC_DMA_UART3_Tx_Init(u8 State, u8 Priority, u8 Bus_Priority)
  497          {
  498   1              DMA_UR3T_CFG &= ~0x0f;
  499   1              if(Priority <= Priority_3) DMA_UR3T_CFG |= Priority << 2;
  500   1              if(Bus_Priority <= Priority_3) DMA_UR3T_CFG |= Bus_Priority;    //数据总线访问优先级
  501   1              if(State == ENABLE)
  502   1                      DMA_UR3T_CFG |= 0x80;           //bit7 1:Enable Interrupt
  503   1              else
  504   1                      DMA_UR3T_CFG &= ~0x80;  //bit7 0:Disable Interrupt
  505   1              return SUCCESS;
  506   1      }
  507          
  508          //========================================================================
  509          // 函数: NVIC_DMA_UART3_Rx_Init
  510          // 描述: DMA UART3 Rx嵌套向量中断控制器初始化.
  511          // 参数: State:    中断使能状态, ENABLE/DISABLE.
  512          // 参数: Priority: 中断优先级, Priority_0,Priority_1,Priority_2,Priority_3.
  513          // 参数: Bus_Priority: 数据总线访问优先级, Priority_0,Priority_1,Priority_2,Priority_3.
  514          // 返回: 执行结果 SUCCESS/FAIL.
  515          // 版本: V1.0, 2021-05-21
  516          //========================================================================
  517          u8 NVIC_DMA_UART3_Rx_Init(u8 State, u8 Priority, u8 Bus_Priority)
  518          {
  519   1              DMA_UR3R_CFG &= ~0x0f;
C251 COMPILER V5.60.0,  STC32G_NVIC                                                        19/05/26  14:35:43  PAGE 9   

  520   1              if(Priority <= Priority_3) DMA_UR3R_CFG |= Priority << 2;
  521   1              if(Bus_Priority <= Priority_3) DMA_UR3R_CFG |= Bus_Priority;    //数据总线访问优先级
  522   1              if(State == ENABLE)
  523   1                      DMA_UR3R_CFG |= 0x80;           //bit7 1:Enable Interrupt
  524   1              else
  525   1                      DMA_UR3R_CFG &= ~0x80;  //bit7 0:Disable Interrupt
  526   1              return SUCCESS;
  527   1      }
  528          
  529          //========================================================================
  530          // 函数: NVIC_DMA_UART4_Tx_Init
  531          // 描述: DMA UART4 Tx嵌套向量中断控制器初始化.
  532          // 参数: State:    中断使能状态, ENABLE/DISABLE.
  533          // 参数: Priority: 中断优先级, Priority_0,Priority_1,Priority_2,Priority_3.
  534          // 参数: Bus_Priority: 数据总线访问优先级, Priority_0,Priority_1,Priority_2,Priority_3.
  535          // 返回: 执行结果 SUCCESS/FAIL.
  536          // 版本: V1.0, 2021-05-21
  537          //========================================================================
  538          u8 NVIC_DMA_UART4_Tx_Init(u8 State, u8 Priority, u8 Bus_Priority)
  539          {
  540   1              DMA_UR4T_CFG &= ~0x0f;
  541   1              if(Priority <= Priority_3) DMA_UR4T_CFG |= Priority << 2;
  542   1              if(Bus_Priority <= Priority_3) DMA_UR4T_CFG |= Bus_Priority;    //数据总线访问优先级
  543   1              if(State == ENABLE)
  544   1                      DMA_UR4T_CFG |= 0x80;           //bit7 1:Enable Interrupt
  545   1              else
  546   1                      DMA_UR4T_CFG &= ~0x80;  //bit7 0:Disable Interrupt
  547   1              return SUCCESS;
  548   1      }
  549          
  550          //========================================================================
  551          // 函数: NVIC_DMA_UART4_Rx_Init
  552          // 描述: DMA UART4 Rx嵌套向量中断控制器初始化.
  553          // 参数: State:    中断使能状态, ENABLE/DISABLE.
  554          // 参数: Priority: 中断优先级, Priority_0,Priority_1,Priority_2,Priority_3.
  555          // 参数: Bus_Priority: 数据总线访问优先级, Priority_0,Priority_1,Priority_2,Priority_3.
  556          // 返回: 执行结果 SUCCESS/FAIL.
  557          // 版本: V1.0, 2021-05-21
  558          //========================================================================
  559          u8 NVIC_DMA_UART4_Rx_Init(u8 State, u8 Priority, u8 Bus_Priority)
  560          {
  561   1              DMA_UR4R_CFG &= ~0x0f;
  562   1              if(Priority <= Priority_3) DMA_UR4R_CFG |= Priority << 2;
  563   1              if(Bus_Priority <= Priority_3) DMA_UR4R_CFG |= Bus_Priority;    //数据总线访问优先级
  564   1              if(State == ENABLE)
  565   1                      DMA_UR4R_CFG |= 0x80;           //bit7 1:Enable Interrupt
  566   1              else
  567   1                      DMA_UR4R_CFG &= ~0x80;  //bit7 0:Disable Interrupt
  568   1              return SUCCESS;
  569   1      }
  570          
  571          //========================================================================
  572          // 函数: NVIC_DMA_LCM_Init
  573          // 描述: DMA LCM嵌套向量中断控制器初始化.
  574          // 参数: State:    中断使能状态, ENABLE/DISABLE.
  575          // 参数: Priority: 中断优先级, Priority_0,Priority_1,Priority_2,Priority_3.
  576          // 参数: Bus_Priority: 数据总线访问优先级, Priority_0,Priority_1,Priority_2,Priority_3.
  577          // 返回: 执行结果 SUCCESS/FAIL.
  578          // 版本: V1.0, 2021-05-21
  579          //========================================================================
  580          u8 NVIC_DMA_LCM_Init(u8 State, u8 Priority, u8 Bus_Priority)
  581          {
  582   1              DMA_LCM_CFG &= ~0x0f;
  583   1              if(Priority <= Priority_3) DMA_LCM_CFG |= Priority << 2;
  584   1              if(Bus_Priority <= Priority_3) DMA_LCM_CFG |= Bus_Priority;     //数据总线访问优先级
  585   1              if(State == ENABLE)
C251 COMPILER V5.60.0,  STC32G_NVIC                                                        19/05/26  14:35:43  PAGE 10  

  586   1                      DMA_LCM_CFG |= 0x80;            //bit7 1:Enable Interrupt
  587   1              else
  588   1                      DMA_LCM_CFG &= ~0x80;           //bit7 0:Disable Interrupt
  589   1              return SUCCESS;
  590   1      }
  591          
  592          //========================================================================
  593          // 函数: NVIC_LCM_Init
  594          // 描述: LCM嵌套向量中断控制器初始化.
  595          // 参数: State:    中断使能状态, ENABLE/DISABLE.
  596          // 参数: Priority: 中断优先级, Priority_0,Priority_1,Priority_2,Priority_3.
  597          // 返回: 执行结果 SUCCESS/FAIL.
  598          // 版本: V1.0, 2021-05-21
  599          //========================================================================
  600          u8 NVIC_LCM_Init(u8 State, u8 Priority)
  601          {
  602   1              LCMIFCFG &= ~0x30;
  603   1              if(Priority <= Priority_3) LCMIFCFG |= Priority << 4;
  604   1              if(State == ENABLE)
  605   1                      LCMIFCFG |= 0x80;               //bit7 1:Enable Interrupt
  606   1              else
  607   1                      LCMIFCFG &= ~0x80;              //bit7 0:Disable Interrupt
  608   1              return SUCCESS;
  609   1      }
  610          
  611          //========================================================================
  612          // 函数: NVIC_DMA_I2CT_Init
  613          // 描述: DMA I2C Tx嵌套向量中断控制器初始化.
  614          // 参数: State:    中断使能状态, ENABLE/DISABLE.
  615          // 参数: Priority: 中断优先级, Priority_0,Priority_1,Priority_2,Priority_3.
  616          // 参数: Bus_Priority: 数据总线访问优先级, Priority_0,Priority_1,Priority_2,Priority_3.
  617          // 返回: 执行结果 SUCCESS/FAIL.
  618          // 版本: V1.0, 2022-03-25
  619          //========================================================================
  620          u8 NVIC_DMA_I2CT_Init(u8 State, u8 Priority, u8 Bus_Priority)
  621          {
  622   1              DMA_I2CT_CFG &= ~0x0f;
  623   1              if(Priority <= Priority_3) DMA_I2CT_CFG |= Priority << 2;
  624   1              if(Bus_Priority <= Priority_3) DMA_I2CT_CFG |= Bus_Priority;    //数据总线访问优先级
  625   1              if(State == ENABLE)
  626   1                      DMA_I2CT_CFG |= 0x80;           //bit7 1:Enable Interrupt
  627   1              else
  628   1                      DMA_I2CT_CFG &= ~0x80;  //bit7 0:Disable Interrupt
  629   1              return SUCCESS;
  630   1      }
  631          
  632          //========================================================================
  633          // 函数: NVIC_DMA_I2CR_Init
  634          // 描述: DMA I2C Rx嵌套向量中断控制器初始化.
  635          // 参数: State:    中断使能状态, ENABLE/DISABLE.
  636          // 参数: Priority: 中断优先级, Priority_0,Priority_1,Priority_2,Priority_3.
  637          // 参数: Bus_Priority: 数据总线访问优先级, Priority_0,Priority_1,Priority_2,Priority_3.
  638          // 返回: 执行结果 SUCCESS/FAIL.
  639          // 版本: V1.0, 2022-03-25
  640          //========================================================================
  641          u8 NVIC_DMA_I2CR_Init(u8 State, u8 Priority, u8 Bus_Priority)
  642          {
  643   1              DMA_I2CR_CFG &= ~0x0f;
  644   1              if(Priority <= Priority_3) DMA_I2CR_CFG |= Priority << 2;
  645   1              if(Bus_Priority <= Priority_3) DMA_I2CR_CFG |= Bus_Priority;    //数据总线访问优先级
  646   1              if(State == ENABLE)
  647   1                      DMA_I2CR_CFG |= 0x80;           //bit7 1:Enable Interrupt
  648   1              else
  649   1                      DMA_I2CR_CFG &= ~0x80;  //bit7 0:Disable Interrupt
  650   1              return SUCCESS;
  651   1      }
C251 COMPILER V5.60.0,  STC32G_NVIC                                                        19/05/26  14:35:43  PAGE 11  

  652          
  653          //========================================================================
  654          // 函数: NVIC_CAN_Init
  655          // 描述: CAN嵌套向量中断控制器初始化.
  656          // 参数: Channel:  通道, CAN1/CAN2.
  657          // 参数: State:    中断使能状态, ENABLE/DISABLE.
  658          // 参数: Priority: 中断优先级, Priority_0,Priority_1,Priority_2,Priority_3.
  659          // 返回: 执行结果 SUCCESS/FAIL.
  660          // 版本: V1.0, 2023-03-27
  661          //========================================================================
  662          #ifndef CAN1
  663          #define CAN1    0
  664          #endif
  665          #ifndef CAN2
  666          #define CAN2    1
  667          #endif
  668          u8 NVIC_CAN_Init(u8 Channel, u8 State, u8 Priority)
  669          {
  670   1              if(Channel > CAN2) return FAIL;
  671   1              if(Priority > Priority_3) return FAIL;
  672   1              switch(Channel)
  673   1              {
  674   2                      case CAN1:
  675   2                              if(State == ENABLE)
  676   2                                      CANIE = 1;              //bit7 1:Enable Interrupt
  677   2                              else
  678   2                                      CANIE = 0;              //bit7 0:Disable Interrupt
  679   2                              CAN1_Priority(Priority);
  680   2                      break;
  681   2      
  682   2                      case CAN2:
  683   2                              if(State == ENABLE)
  684   2                                      CAN2IE = 1;             //bit7 1:Enable Interrupt
  685   2                              else
  686   2                                      CAN2IE = 0;             //bit7 0:Disable Interrupt
  687   2                              CAN2_Priority(Priority);
  688   2                      break;
  689   2      
  690   2                      default:
  691   2                              return FAIL;
  692   2                      break;
  693   2              }
  694   1              return SUCCESS;
  695   1      }
  696          
  697          //========================================================================
  698          // 函数: NVIC_LIN_Init
  699          // 描述: LIN嵌套向量中断控制器初始化.
  700          // 参数: State:    中断使能状态, ENABLE/DISABLE.
  701          // 参数: Priority: 中断优先级, Priority_0,Priority_1,Priority_2,Priority_3.
  702          // 返回: 执行结果 SUCCESS/FAIL.
  703          // 版本: V1.0, 2020-09-29
  704          //========================================================================
  705          u8 NVIC_LIN_Init(u8 State, u8 Priority)
  706          {
  707   1              if(State <= ENABLE) LIN_Interrupt(State); else  return FAIL;
  708   1              if(Priority <= Priority_3) LIN_Priority(Priority); else  return FAIL;
  709   1              return SUCCESS;
  710   1      }
  711          


Module Information          Static   Overlayable
------------------------------------------------
  code size            =      2674     ------
  ecode size           =    ------     ------
  data size            =    ------     ------
C251 COMPILER V5.60.0,  STC32G_NVIC                                                        19/05/26  14:35:43  PAGE 12  

  idata size           =    ------     ------
  pdata size           =    ------     ------
  xdata size           =    ------     ------
  xdata-const size     =    ------     ------
  edata size           =    ------     ------
  bit size             =    ------     ------
  ebit size            =    ------     ------
  bitaddressable size  =    ------     ------
  ebitaddressable size =    ------     ------
  far data size        =    ------     ------
  huge data size       =    ------     ------
  const size           =    ------     ------
  hconst size          =    ------     ------
End of Module Information.


C251 COMPILATION COMPLETE.  0 WARNING(S),  0 ERROR(S)
