C251 COMPILER V5.60.0,  TIM_drive                                                          19/05/26  14:35:42  PAGE 1   


C251 COMPILER V5.60.0, COMPILATION OF MODULE TIM_drive
OBJECT MODULE PLACED IN .\Objects\TIM_drive.obj
COMPILER INVOKED BY: C:\Keil_v5\C251\BIN\C251.EXE ..\Driver\TIM_drive.c XSMALL INTR2 BROWSE INCDIR(..\App;..\Driver;..\D
                    -river\Library;..\Driver\Tool) DEBUG PRINT(.\Listings\TIM_drive.lst) OBJECT(.\Objects\TIM_drive.obj) 

stmt  level    source

    1          #include "tim_drive.h"
    2          
    3          #include "STC32G_Timer.h"
    4          #include "STC32G_NVIC.h"
    5          
    6          void tim_init(TIM_Handle_t* htim)
    7          {  
    8   1          TIM_InitTypeDef TIM_InitStructure;
    9   1      
   10   1          if (!htim)
   11   1                      return;
   12   1      
   13   1          TIM_InitStructure.TIM_Mode = TIM_16BitAutoReload;
   14   1          TIM_InitStructure.TIM_ClkSource = htim->clk_mode;
   15   1          TIM_InitStructure.TIM_ClkOut = DISABLE;
   16   1          TIM_InitStructure.TIM_Value = (0x10000 - htim->arr); // 0~65535
*** WARNING C188 IN LINE 16 OF ..\Driver\TIM_drive.c: 'constant': value truncated
   17   1          TIM_InitStructure.TIM_PS = htim->psr; // 0~255
   18   1          TIM_InitStructure.TIM_Run = DISABLE;
   19   1          Timer_Inilize(htim->id, &TIM_InitStructure);
   20   1          
   21   1          htim->ticks = 0;
   22   1      }
   23          
   24          float tim_get(TIM_Handle_t* htim)
   25          {
   26   1          if (!htim)
   27   1                      return;
   28   1          
   29   1          switch(htim->id)
   30   1          {
   31   2              case 0: htim->ticks = TH0 << 8 | TL0; break;
   32   2              case 1: htim->ticks = TH1 << 8 | TL1; break;
   33   2              case 2: htim->ticks = T2H << 8 | T2L; break;
   34   2              case 3: htim->ticks = T3H << 8 | T3L; break;
   35   2              case 4: htim->ticks = T4H << 8 | T4L; break;
   36   2              default:
   37   2                  return;
   38   2          }
   39   1      
   40   1          return htim->ticks;
   41   1      }
   42          
   43          void tim_start(TIM_Handle_t* htim)
   44          {
   45   1          if (!htim)
   46   1              return;
   47   1      
   48   1          switch (htim->id)
   49   1          {
   50   2              case 0: Timer0_Run(1); break;
   51   2              case 1: Timer1_Run(1); break;
   52   2              case 2: Timer2_Run(1); break;
   53   2              case 3: Timer3_Run(1); break;
   54   2              case 4: Timer4_Run(1); break;
   55   2              default: break;
   56   2          }
   57   1      }
C251 COMPILER V5.60.0,  TIM_drive                                                          19/05/26  14:35:42  PAGE 2   

   58          
   59          void tim_stop(TIM_Handle_t* htim)
   60          {
   61   1          if (!htim)
   62   1              return;
   63   1      
   64   1          switch (htim->id)
   65   1          {
   66   2              case 0: Timer0_Stop(); break;
   67   2              case 1: Timer1_Stop(); break;
   68   2              case 2: Timer2_Stop(); break;
   69   2              case 3: Timer3_Stop(); break;
   70   2              case 4: Timer4_Stop(); break;
   71   2              default: break;
   72   2          }
   73   1      }
   74          
   75          void tim_clr(TIM_Handle_t *htim)
   76          {
   77   1          if (!htim)
   78   1              return;
   79   1      
   80   1          switch (htim->id)
   81   1          {
   82   2              case 0: TH0 = 0; TL0 = 0; break;
   83   2              case 1: TH1 = 0; TL1 = 0; break;
   84   2              case 2: T2H = 0; T2L = 0; break;
   85   2              case 3: T3H = 0; T3L = 0; break;
   86   2              case 4: T4H = 0; T4L = 0; break;
   87   2              default: break;
   88   2          }
   89   1      
   90   1          htim->ticks = 0;
   91   1      }
   92          
   93          void tim_intr(TIM_Handle_t *htim, u8 State, u8 Priority)
   94          {
   95   1          if (!htim)
   96   1              return;
   97   1      
   98   1          switch (htim->id)
   99   1          {
  100   2              case 0: NVIC_Timer0_Init(State,Priority); break;
  101   2              case 1: NVIC_Timer1_Init(State,Priority); break;
  102   2              case 2: NVIC_Timer2_Init(State,Priority); break;
  103   2              case 3: NVIC_Timer3_Init(State,Priority); break;
  104   2              case 4: NVIC_Timer4_Init(State,Priority); break;
  105   2              default: break;
  106   2          }
  107   1      }
*** WARNING C180 IN LINE 41 OF ..\Driver\TIM_drive.c: 'tim_get': not every path returns a value
*** WARNING C180 IN LINE 41 OF ..\Driver\TIM_drive.c: 'tim_get': not every path returns a value


Module Information          Static   Overlayable
------------------------------------------------
  code size            =       387     ------
  ecode size           =    ------     ------
  data size            =    ------     ------
  idata size           =    ------     ------
  pdata size           =    ------     ------
  xdata size           =    ------     ------
  xdata-const size     =    ------     ------
  edata size           =    ------          7
  bit size             =    ------     ------
  ebit size            =    ------     ------
  bitaddressable size  =    ------     ------
C251 COMPILER V5.60.0,  TIM_drive                                                          19/05/26  14:35:42  PAGE 3   

  ebitaddressable size =    ------     ------
  far data size        =    ------     ------
  huge data size       =    ------     ------
  const size           =    ------     ------
  hconst size          =    ------     ------
End of Module Information.


C251 COMPILATION COMPLETE.  3 WARNING(S),  0 ERROR(S)
