C251 COMPILER V5.60.0,  DS158_ecg_drive                                                    03/07/26  17:04:04  PAGE 1   


C251 COMPILER V5.60.0, COMPILATION OF MODULE DS158_ecg_drive
OBJECT MODULE PLACED IN .\Objects\DS158_ecg_drive.obj
COMPILER INVOKED BY: C:\Keil_v5\C251\BIN\C251.EXE USER\DS158_ecg_drive.c XSMALL INTR2 BROWSE INCDIR(.\USER;.\Library) DE
                    -BUG PRINT(.\Listings\DS158_ecg_drive.lst) OBJECT(.\Objects\DS158_ecg_drive.obj) 

stmt  level    source

    1          #include "DS158_ecg_drive.h"
    2          
    3          #include "stc32g.h"
    4          #include "STC32G_ADC.h"
    5          #include "STC32G_GPIO.h"
    6          #include "STC32G_Delay.h"
    7          
    8          #define V_REF 3.3f
    9          #define V_REFOUT 0.0f //AD8232的直流参考电平
   10          
   11          FIRFilter filter;
   12          float FIRFilter_Process(FIRFilter *filt, float input);
   13          void FIRFilter_Init(FIRFilter *filt, const float *coeffs);
   14          
   15          
   16          void ECG_Init(void)
   17          {
   18   1          ADC_InitTypeDef ADC_InitSruct;
   19   1      
   20   1          P1_MODE_IN_HIZ(GPIO_Pin_0); // P1.0设置为高阻输入(ADC0)
   21   1          
   22   1          ADC_InitSruct.ADC_SMPduty = 31;
   23   1          ADC_InitSruct.ADC_Speed = ADC_SPEED_2X16T;
   24   1          ADC_InitSruct.ADC_AdjResult = ADC_LEFT_JUSTIFIED;
   25   1          ADC_InitSruct.ADC_CsSetup = 0;
   26   1          ADC_InitSruct.ADC_CsHold = 1;
   27   1      
   28   1          ADC_Inilize(&ADC_InitSruct);
   29   1          ADC_PowerControl(ENABLE);
   30   1          
   31   1      //    FIRFilter_Init(&filter,fir_lp_coeffs);
   32   1      }
   33          
   34          float ECG_Read(void)
   35          {
   36   1          u16 adc_val = 0;
   37   1          float adc_vol = 0.0f;
   38   1          float ECG_vol = 0.0f;
   39   1          
   40   1          adc_val = Get_ADCResult(ADC_CH0);
   41   1          adc_vol = (float)adc_val * V_REF / 4095;
   42   1      
   43   1          
   44   1          ECG_vol = (adc_vol - V_REFOUT);//mV
   45   1      
   46   1          return ECG_vol;
   47   1      }
   48          


Module Information          Static   Overlayable
------------------------------------------------
  code size            =        77     ------
  ecode size           =    ------     ------
  data size            =    ------     ------
  idata size           =    ------     ------
  pdata size           =    ------     ------
  xdata size           =    ------     ------
  xdata-const size     =    ------     ------
C251 COMPILER V5.60.0,  DS158_ecg_drive                                                    03/07/26  17:04:04  PAGE 2   

  edata size           =       250          5
  bit size             =    ------     ------
  ebit size            =    ------     ------
  bitaddressable size  =    ------     ------
  ebitaddressable size =    ------     ------
  far data size        =    ------     ------
  huge data size       =    ------     ------
  const size           =    ------     ------
  hconst size          =    ------     ------
End of Module Information.


C251 COMPILATION COMPLETE.  0 WARNING(S),  0 ERROR(S)
