C251 COMPILER V5.60.0,  DS145_dCO2_drive                                                   22/07/25  10:42:00  PAGE 1   


C251 COMPILER V5.60.0, COMPILATION OF MODULE DS145_dCO2_drive
OBJECT MODULE PLACED IN .\Objects\DS145_dCO2_drive.obj
COMPILER INVOKED BY: C:\Keil_v5\C251\BIN\C251.EXE USER\DS145_dCO2_drive.c XSMALL INTR2 BROWSE INCDIR(.\USER;.\Library) D
                    -EBUG PRINT(.\Listings\DS145_dCO2_drive.lst) OBJECT(.\Objects\DS145_dCO2_drive.obj) 

stmt  level    source

    1          #include "DS145_dCO2_drive.h"
    2          
    3          #include "STC32G_ADC.h"
    4          #include "STC32G_GPIO.h"
    5          #include "STC32G_Delay.h"
    6          
    7          #include "avg_filter.h"
    8          
    9          #define V_REF 3.3f
   10          #define MIDDLE_NUMS 24
   11          avg_filter_t dCO2_filter;    //滤波器
   12          u16          dCO2_buffer[24];//滤波数组
   13          u16          array[MIDDLE_NUMS];      //中值滤波数组
   14          
   15          u16 middleFilter(u16 in_data);
   16          
   17          void dCO2_Init(void)
   18          {
   19   1          ADC_InitTypeDef ADC_InitSruct;
   20   1          
   21   1          P1_MODE_IN_HIZ(GPIO_Pin_0);         //P1.0设置为高阻输入
   22   1          
   23   1          ADC_InitSruct.ADC_SMPduty = 31;
   24   1          ADC_InitSruct.ADC_Speed = ADC_SPEED_2X16T;
   25   1          ADC_InitSruct.ADC_AdjResult = ADC_LEFT_JUSTIFIED;
   26   1          ADC_InitSruct.ADC_CsSetup = 0;
   27   1          ADC_InitSruct.ADC_CsHold = 1;
   28   1          
   29   1          ADC_Inilize(&ADC_InitSruct);
   30   1          ADC_PowerControl(ENABLE);
   31   1          
   32   1          AvgFilter_Init(&dCO2_filter,dCO2_buffer,sizeof(dCO2_buffer)/2);
   33   1          delay_ms(5000);//开机设备预热
   34   1      }
   35          
   36          float dCO2_Read(void)
   37          {
   38   1          u16 adc_val = 0;
   39   1          float adc_vol = 0.0f;
   40   1          float dco2_val = 0.0f;
   41   1          
   42   1          adc_val = Get_ADCResult(ADC_CH0);
   43   1          adc_val = AvgFilter_Update(&dCO2_filter,adc_val);
   44   1          adc_val = middleFilter(adc_val);
   45   1          adc_vol = (float)adc_val * V_REF / 4096.0f;
   46   1          
   47   1          dco2_val = 3846 * (adc_vol - 0.4f);
   48   1          
   49   1          return (dco2_val > 0.0f) ? dco2_val : 0.0f ;
   50   1      }
   51          
   52          
   53           
   54          u16 middleFilter(u16 in_data)
   55          {
   56   1          u32 sum = 0;
   57   1          u16 temp[MIDDLE_NUMS];
   58   1          u16 change;
C251 COMPILER V5.60.0,  DS145_dCO2_drive                                                   22/07/25  10:42:00  PAGE 2   

   59   1          u8 i,j;
   60   1          //记录数据
   61   1          for(i=0; i<MIDDLE_NUMS - 1; i++)
   62   1          {
   63   2              array[i]=array[i+1];
   64   2          }
   65   1          array[MIDDLE_NUMS - 1] = in_data;
   66   1          //复制数据
   67   1          for(i=0; i<MIDDLE_NUMS; i++)
   68   1              temp[i] = array[i];
   69   1          //冒泡法排序
   70   1          for(i=1; i<MIDDLE_NUMS; i++)
   71   1              for(j=0; j<MIDDLE_NUMS-i; j++)
   72   1              {
   73   2                  if(temp[j] > temp[j+1])
   74   2                  {
   75   3                      change = temp[j];
   76   3                      temp[j] = temp[j+1];
   77   3                      temp[j+1] = change;
   78   3                  }
   79   2              }
   80   1          //求和
   81   1          for(i=(MIDDLE_NUMS*2)/5; i<(MIDDLE_NUMS*3)/5; i++)
   82   1              sum = sum + temp[i];
   83   1          //返回平均值
   84   1          return(sum/((MIDDLE_NUMS*2)/3-MIDDLE_NUMS/3));
   85   1      }


Module Information          Static   Overlayable
------------------------------------------------
  code size            =       281     ------
  ecode size           =    ------     ------
  data size            =    ------     ------
  idata size           =    ------     ------
  pdata size           =    ------     ------
  xdata size           =    ------     ------
  xdata-const size     =    ------     ------
  edata size           =       107         53
  bit size             =    ------     ------
  ebit size            =    ------     ------
  bitaddressable size  =    ------     ------
  ebitaddressable size =    ------     ------
  far data size        =    ------     ------
  huge data size       =    ------     ------
  const size           =    ------     ------
  hconst size          =    ------     ------
End of Module Information.


C251 COMPILATION COMPLETE.  0 WARNING(S),  0 ERROR(S)
