C251 COMPILER V5.60.0,  DS131_PH_drive                                                     16/05/25  09:13:03  PAGE 1   


C251 COMPILER V5.60.0, COMPILATION OF MODULE DS131_PH_drive
OBJECT MODULE PLACED IN .\Objects\DS131_PH_drive.obj
COMPILER INVOKED BY: C:\Keil_v5\C251\BIN\C251.EXE USER\DS131_PH_drive.c XSMALL INTR2 BROWSE INCDIR(.\USER;.\Library) DEB
                    -UG PRINT(.\Listings\DS131_PH_drive.lst) OBJECT(.\Objects\DS131_PH_drive.obj) 

stmt  level    source

    1          #include "DS131_PH_drive.h"
    2          
    3          #include "STC32G_ADC.h"
    4          
    5          #define V_REF 3.3f
    6          
    7          void PH_Init(void)
    8          {
    9   1          ADC_InitTypeDef ADC_InitSruct; 
   10   1      
   11   1          ADC_InitSruct.ADC_SMPduty = 31;
   12   1          ADC_InitSruct.ADC_Speed = ADC_SPEED_2X16T;
   13   1          ADC_InitSruct.ADC_AdjResult = ADC_LEFT_JUSTIFIED;
   14   1          ADC_InitSruct.ADC_CsSetup = 0;
   15   1          ADC_InitSruct.ADC_CsHold = 1;
   16   1      
   17   1          ADC_Inilize(&ADC_InitSruct);
   18   1      }
   19          
   20          float PH_Read(void)
   21          {
   22   1          u16 adc_val = 0;
   23   1          float ph_vol = 0.0f;
   24   1          float ph_val = 0.0f;
   25   1      
   26   1          adc_val = Get_ADCResult(ADC_CH0);
   27   1          ph_vol = (float)adc_val * V_REF / 4096;
   28   1      
   29   1          //电压信号转换至PH值 begin
   30   1          //ph_val = ph_vol ???
   31   1          //电压信号转换至PH值   end
   32   1      
   33   1          return ph_val;
   34   1      }


Module Information          Static   Overlayable
------------------------------------------------
  code size            =        41     ------
  ecode size           =    ------     ------
  data size            =    ------     ------
  idata size           =    ------     ------
  pdata size           =    ------     ------
  xdata size           =    ------     ------
  xdata-const size     =    ------     ------
  edata size           =    ------          5
  bit size             =    ------     ------
  ebit size            =    ------     ------
  bitaddressable size  =    ------     ------
  ebitaddressable size =    ------     ------
  far data size        =    ------     ------
  huge data size       =    ------     ------
  const size           =    ------     ------
  hconst size          =    ------     ------
End of Module Information.


C251 COMPILATION COMPLETE.  0 WARNING(S),  0 ERROR(S)
