C251 COMPILER V5.60.0,  LED_drive                                                          02/07/26  17:10:52  PAGE 1   


C251 COMPILER V5.60.0, COMPILATION OF MODULE LED_drive
OBJECT MODULE PLACED IN .\Objects\LED_drive.obj
COMPILER INVOKED BY: C:\Keil_v5\C251\BIN\C251.EXE USER\LED_drive.c XSMALL INTR2 BROWSE INCDIR(.\USER;.\Library) DEBUG PR
                    -INT(.\Listings\LED_drive.lst) OBJECT(.\Objects\LED_drive.obj) 

stmt  level    source

    1          #include "STC32G_GPIO.h"
    2          #include "STC32G_DMA.h"
    3          #include "STC32G_NVIC.h"
    4          #include "STC32G_LCM.h"
    5          #include "STC32G_Delay.h"
    6          #include "STC32G_Switch.h"
    7          #include "LED_drive.h"
    8          
    9          //========================================================================
   10          // 函数: void RGB_LCD_GPIO_config(void)
   11          // 描述: LED灯驱动IO口配置.
   12          // 参数: none.
   13          // 返回: none.
   14          // 版本: V1.0, 2024-06-26
   15          void DIS_LED_GPIO_config(void)
   16          {
   17   1              P2_MODE_OUT_PP(GPIO_Pin_1 | GPIO_Pin_2 | GPIO_Pin_3); // P2.1 P2.2 P2.3设置为推挽输出
   18   1      
   19   1              P3_MODE_OUT_PP(GPIO_Pin_6); // P0.3 P0.4设置成推挽输出
   20   1      }
   21          
   22          //========================================================================
   23          // 函数: void DIS_LED_init(void)
   24          // 描述: LED灯初始化.
   25          // 参数: none.
   26          // 返回: none.
   27          // 版本: V1.0, 2024-06-26
   28          void DIS_LED_init(void)
   29          {
   30   1              DIS_LED_GPIO_config();
   31   1              Range1_LED = 0; // 熄灭Range1_LED
   32   1              Range2_LED = 0; // 熄灭Range2_LED
   33   1              Range3_LED = 0; // 熄灭Range3_LED
   34   1      }
   35          
   36          //========================================================================
   37          // 函数: void DIS_LED_ALL_on(void)
   38          // 描述: LED灯全亮.
   39          // 参数: none.
   40          // 返回: none.
   41          // 版本: V1.0, 2024-06-26
   42          void DIS_LED_ALL_on(void)
   43          {
   44   1              Range1_LED = 1; // 点亮Range1_LED
   45   1              Range2_LED = 1; // 点亮Range2_LED
   46   1              Range3_LED = 1; // 点亮Range3_LED
   47   1      }
   48          
   49          //========================================================================
   50          // 函数: void DIS_LED_ALL_off(void)
   51          // 描述: LED灯全灭.
   52          // 参数: none.
   53          // 返回: none.
   54          // 版本: V1.0, 2024-06-26
   55          void DIS_LED_ALL_off(void)
   56          {
   57   1              Range1_LED = 0; // 熄灭Range1_LED
   58   1              Range2_LED = 0; // 熄灭Range2_LED
C251 COMPILER V5.60.0,  LED_drive                                                          02/07/26  17:10:52  PAGE 2   

   59   1              Range3_LED = 0; // 熄熄灭Range3_LED
   60   1      }
   61          
   62          //========================================================================
   63          // 函数: void DIS_LED_Enable(unsigned char LED_num)
   64          // 描述: 点亮任意LED.
   65          // 参数: none.
   66          // 返回: none.
   67          // 版本: V1.0, 2024-06-26
   68          void DIS_LED_Enable(unsigned char LED_num)
   69          {
   70   1              switch (LED_num)
   71   1              {
   72   2              case 1:
   73   2                      Range1_LED = 1;
   74   2                      break; // 点亮Range1_LED;
   75   2              case 2:
   76   2                      Range2_LED = 1;
   77   2                      break; // 点亮Range2_LED;
   78   2              case 3:
   79   2                      Range3_LED = 1;
   80   2                      break; // 点亮Range3_LED;
   81   2                      //                              default:        ;
   82   2              }
   83   1      }
   84          
   85          //========================================================================
   86          // 函数: void DIS_LED_Disable(unsigned char LED_num)
   87          // 描述: 熄灭任意LED.
   88          // 参数: none.
   89          // 返回: none.
   90          // 版本: V1.0, 2024-06-26
   91          void DIS_LED_Disable(unsigned char LED_num)
   92          {
   93   1              switch (LED_num)
   94   1              {
   95   2              case 1:
   96   2                      Range1_LED = 0;
   97   2                      break; // 熄灭Range1_LED ;
   98   2              case 2:
   99   2                      Range2_LED = 0;
  100   2                      break; // 熄灭Range2_LED ;
  101   2              case 3:
  102   2                      Range3_LED = 0;
  103   2                      break; // 熄熄灭Range3_LED ;
  104   2                      //                              default:        ;
  105   2              }
  106   1      }
  107          
  108          //========================================================================
  109          // 函数: void DIS_LED_Just_One_Enable(void)
  110          // 描述: 仅点亮一个LED.
  111          // 参数: none.
  112          // 返回: none.
  113          // 版本: V1.0, 2024-06-26
  114          void DIS_LED_Just_One_Enable(unsigned char LED_num)
  115          {
  116   1              DIS_LED_ALL_off(); // 熄灭所有DIS_LED;
  117   1              switch (LED_num)
  118   1              {
  119   2              case 0:
  120   2                      DIS_LED_ALL_off();
  121   2                      break; // 熄灭所有DIS_LED;
  122   2              case 1:
  123   2                      Range1_LED = 1;
  124   2                      break; // 点亮Range1_LED;
C251 COMPILER V5.60.0,  LED_drive                                                          02/07/26  17:10:52  PAGE 3   

  125   2              case 2:
  126   2                      Range2_LED = 1;
  127   2                      break; // 点亮Range2_LED;
  128   2              case 3:
  129   2                      Range3_LED = 1;
  130   2                      break; // 点亮Range3_LED;
  131   2                      //                              default:        ;
  132   2              }
  133   1      }
  134          
  135          //========================================================================
  136          // 函数: void DIS_LED_Test(void)
  137          // 描述: LED灯初测试.
  138          // 参数: none.
  139          // 返回: none.
  140          // 版本: V1.0, 2024-06-26
  141          void DIS_LED_Test(void)
  142          {
  143   1              DIS_LED_ALL_off();
  144   1              delay_ms(1000);
  145   1      
  146   1              DIS_LED_ALL_on();
  147   1              delay_ms(1000);
  148   1      }
  149          
  150          //========================================================================
  151          // 函数: void LED_flashing_slowly(unsigned char LED_number,unsigned char Times)
  152          // 描述: LED缓慢闪烁.
  153          // 参数: none.
  154          // 返回: none.
  155          // 版本: V1.0, 2025-04-16
  156          void LED_flashing_slowly(unsigned char LED_number, unsigned char Times)
  157          {
  158   1              unsigned char pos;
  159   1              for (pos = 0; pos < Times; pos++)
  160   1              {
  161   2                      DIS_LED_Enable(LED_number);
  162   2                      delay_ms(500);
  163   2                      DIS_LED_Disable(LED_number);
  164   2                      delay_ms(500);
  165   2              }
  166   1      }
  167          
  168          //========================================================================
  169          // 函数: void LED_flashing_rapidly(unsigned char LED_number,unsigned char Times)
  170          // 描述: LED快速闪烁.
  171          // 参数: none.
  172          // 返回: none.
  173          // 版本: V1.0, 2025-04-16
  174          void LED_flashing_rapidly(unsigned char LED_number, unsigned char Times)
  175          {
  176   1              unsigned char pos;
  177   1              for (pos = 0; pos < Times; pos++)
  178   1              {
  179   2                      DIS_LED_Enable(LED_number);
  180   2                      delay_ms(200);
  181   2                      DIS_LED_Disable(LED_number);
  182   2                      delay_ms(200);
  183   2              }
  184   1      }


Module Information          Static   Overlayable
------------------------------------------------
  code size            =       239     ------
  ecode size           =    ------     ------
  data size            =    ------     ------
C251 COMPILER V5.60.0,  LED_drive                                                          02/07/26  17:10:52  PAGE 4   

  idata size           =    ------     ------
  pdata size           =    ------     ------
  xdata size           =    ------     ------
  xdata-const size     =    ------     ------
  edata size           =    ------     ------
  bit size             =    ------     ------
  ebit size            =    ------     ------
  bitaddressable size  =    ------     ------
  ebitaddressable size =    ------     ------
  far data size        =    ------     ------
  huge data size       =    ------     ------
  const size           =    ------     ------
  hconst size          =    ------     ------
End of Module Information.


C251 COMPILATION COMPLETE.  0 WARNING(S),  0 ERROR(S)
