C251 COMPILER V5.60.0,  STC32G_I2C_Isr                                                     08/05/25  18:16:59  PAGE 1   


C251 COMPILER V5.60.0, COMPILATION OF MODULE STC32G_I2C_Isr
OBJECT MODULE PLACED IN .\Objects\STC32G_I2C_Isr.obj
COMPILER INVOKED BY: C:\Keil_v5\C251\BIN\C251.EXE Library\STC32G_I2C_Isr.c XSMALL INTR2 BROWSE INCDIR(.\USER;.\Library) 
                    -DEBUG PRINT(.\Listings\STC32G_I2C_Isr.lst) TABS(2) OBJECT(.\Objects\STC32G_I2C_Isr.obj) 

stmt  level    source

    1          #include  "STC32G_I2C.h"
    2          
    3          //========================================================================
    4          //                               本地变量声明
    5          //========================================================================
    6          
    7          I2C_IsrTypeDef I2CIsr;
    8          bit DisplayFlag;
    9          
   10          //========================================================================
   11          //                            外部函数和变量声明
   12          //========================================================================
   13          
   14          
   15          //========================================================================
   16          // 函数: I2C_ISR_Handler
   17          // 描述: I2C中断函数.
   18          // 参数: none.
   19          // 返回: none.
   20          // 版本: V1.0, 2020-09-23
   21          //========================================================================
   22          void I2C_ISR_Handler() interrupt I2C_VECTOR
   23          {
   24   1        // TODO: 在此处添加用户代码
   25   1      
   26   1        // 主机模式
   27   1        I2CMSST &= ~0x40;       //I2C指令发送完成状态清除
   28   1      
   29   1        if(DMA_I2C_CR & 0x04)   //ACKERR
   30   1        {
   31   2          DMA_I2C_CR &= ~0x04;  //发数据后收到NAK
   32   2        }
   33   1      
   34   1        // 从机模式
   35   1        if (I2CSLST & 0x40)
   36   1        {
   37   2          I2CSLST &= ~0x40;                       //处理START事件
   38   2        }
   39   1        else if (I2CSLST & 0x20)
   40   1        {
   41   2          I2CSLST &= ~0x20;                       //处理RECV事件，SLACKO设置为0
   42   2          if (I2CIsr.isda)
   43   2          {
   44   3            I2CIsr.isda = 0;                    //处理RECV事件（RECV DEVICE ADDR）
   45   3          }
   46   2          else if (I2CIsr.isma)
   47   2          {
   48   3            I2CIsr.isma = 0;                    //处理RECV事件（RECV MEMORY ADDR）
   49   3            I2CIsr.addr = I2CRXD;
   50   3            I2CTXD = I2C_Buffer[I2CIsr.addr];
   51   3          }
   52   2          else
   53   2          {
   54   3            I2C_Buffer[I2CIsr.addr++] = I2CRXD; //处理RECV事件（RECV DATA）
   55   3          }
   56   2        }
   57   1        else if (I2CSLST & 0x10)
   58   1        {
C251 COMPILER V5.60.0,  STC32G_I2C_Isr                                                     08/05/25  18:16:59  PAGE 2   

   59   2          I2CSLST &= ~0x10;                       //处理SEND事件
   60   2          if (I2CSLST & 0x02)
   61   2          {
   62   3            I2CTXD = 0xff;
   63   3          }
   64   2          else
   65   2          {
   66   3            I2CTXD = I2C_Buffer[++I2CIsr.addr];
   67   3          }
   68   2        }
   69   1        else if (I2CSLST & 0x08)
   70   1        {
   71   2          I2CSLST &= ~0x08;                       //处理STOP事件
   72   2          I2CIsr.isda = 1;
   73   2          I2CIsr.isma = 1;
   74   2          DisplayFlag = 1;
   75   2        }
   76   1      }
   77          


Module Information          Static   Overlayable
------------------------------------------------
  code size            =       253     ------
  ecode size           =    ------     ------
  data size            =    ------     ------
  idata size           =    ------     ------
  pdata size           =    ------     ------
  xdata size           =    ------     ------
  xdata-const size     =    ------     ------
  edata size           =         3     ------
  bit size             =         1     ------
  ebit size            =    ------     ------
  bitaddressable size  =    ------     ------
  ebitaddressable size =    ------     ------
  far data size        =    ------     ------
  huge data size       =    ------     ------
  const size           =    ------     ------
  hconst size          =    ------     ------
End of Module Information.


C251 COMPILATION COMPLETE.  0 WARNING(S),  0 ERROR(S)
