C251 COMPILER V5.60.0,  SYS_drive                                                          28/05/26  13:16:51  PAGE 1   


C251 COMPILER V5.60.0, COMPILATION OF MODULE SYS_drive
OBJECT MODULE PLACED IN .\Objects\SYS_drive.obj
COMPILER INVOKED BY: C:\Keil_v5\C251\BIN\C251.EXE USER\SYS_drive.c XSMALL INTR2 BROWSE INCDIR(.\USER;.\Library) DEBUG PR
                    -INT(.\Listings\SYS_drive.lst) OBJECT(.\Objects\SYS_drive.obj) 

stmt  level    source

    1          #include "config.h"
    2          #include "SYS_drive.h"
    3          
    4          
    5          unsigned char Transmission_mode_flag=0;
    6          
    7          
    8           
    9          unsigned long Char_Array_To_Long(char *array) 
   10          {
   11   1                      unsigned char pos;
   12   1                      unsigned long Temp_Data=0;
   13   1                      
   14   1                      for(pos=0;pos<4;pos++)
   15   1                      {       
   16   2                              Temp_Data<<=8;
   17   2                              Temp_Data=Temp_Data+array[pos] ;                
   18   2                      }
   19   1              
   20   1      //              Temp_Data<<=8;          
   21   1      //              Temp_Data=Temp_Data+array[0];           
   22   1      //              Temp_Data<<=8;  
   23   1      //              Temp_Data=Temp_Data+array[1];
   24   1      //              Temp_Data<<=8;
   25   1      //              Temp_Data=Temp_Data+array[2];
   26   1      //              Temp_Data<<=8;
   27   1      //              Temp_Data=Temp_Data+array[3];
   28   1      
   29   1          return Temp_Data;
   30   1      }
   31           
   32          
   33          void Long_To_Char_Array(long value, unsigned char result[4])
   34          {
   35   1                      unsigned char pos;
   36   1          for (pos= 0; pos < 4; pos++) 
   37   1                      {
   38   2              result[pos] = (value >> (pos * 8)) & 0xFF;
   39   2          }
   40   1      }
   41          
   42          // 函数用于判断两个数组是否相同
   43          unsigned char areArraysEqual(unsigned char arr1[], unsigned char arr2[], unsigned char Array_size)
   44          {
   45   1                      unsigned char pos;      
   46   1          for (pos = 0; pos < Array_size; pos++) 
   47   1                      {
   48   2              if (arr1[pos] != arr2[pos]) 
   49   2                                      {
   50   3                  return 0; // 如果有任何一个元素不匹配，返回0
   51   3              }
   52   2          }
   53   1          return 1; // 如果所有元素都匹配，返回1
   54   1      }
   55          
   56          
   57          
   58          
C251 COMPILER V5.60.0,  SYS_drive                                                          28/05/26  13:16:51  PAGE 2   

   59          


Module Information          Static   Overlayable
------------------------------------------------
  code size            =       121     ------
  ecode size           =    ------     ------
  data size            =    ------     ------
  idata size           =    ------     ------
  pdata size           =    ------     ------
  xdata size           =    ------     ------
  xdata-const size     =    ------     ------
  edata size           =         1     ------
  bit size             =    ------     ------
  ebit size            =    ------     ------
  bitaddressable size  =    ------     ------
  ebitaddressable size =    ------     ------
  far data size        =    ------     ------
  huge data size       =    ------     ------
  const size           =    ------     ------
  hconst size          =         5     ------
End of Module Information.


C251 COMPILATION COMPLETE.  0 WARNING(S),  0 ERROR(S)
