C251 COMPILER V5.60.0,  fft                                                                06/07/26  16:38:10  PAGE 1   


C251 COMPILER V5.60.0, COMPILATION OF MODULE fft
OBJECT MODULE PLACED IN .\Objects\fft.obj
COMPILER INVOKED BY: C:\Keil_v5\C251\BIN\C251.EXE Sources\driver\fft.c XSMALL BROWSE INCDIR(.\Sources\inc;.\Sources\driv
                    -er) DEBUG PRINT(.\Listings\fft.lst) OBJECT(.\Objects\fft.obj) 

stmt  level    source

    1          #include "fft.h"
    2          #include <math.h>
    3          
    4          
    5          #if MAX_FFT_N == 512
    6          /* 使用const关键字存储在flash/code空间，不占用xdata */
    7          const float sin_lut[256] = {
    8              0.000000f, 0.012272f, 0.024541f, 0.036807f, 0.049068f, 0.061321f, 0.073565f, 0.085797f,
    9              0.098017f, 0.110222f, 0.122411f, 0.128581f, 0.146730f, 0.158858f, 0.170962f, 0.183040f,
   10              0.195090f, 0.207112f, 0.219101f, 0.231058f, 0.242980f, 0.254866f, 0.266713f, 0.278520f,
   11              0.290285f, 0.302006f, 0.313682f, 0.325310f, 0.336890f, 0.348419f, 0.359895f, 0.371317f,
   12              0.382683f, 0.393992f, 0.405241f, 0.416430f, 0.427555f, 0.438616f, 0.449611f, 0.460539f,
   13              0.471397f, 0.482184f, 0.492898f, 0.503538f, 0.514103f, 0.524590f, 0.534998f, 0.545325f,
   14              0.555570f, 0.565732f, 0.575808f, 0.585798f, 0.595699f, 0.605511f, 0.615232f, 0.624860f,
   15              0.634393f, 0.643832f, 0.653173f, 0.662416f, 0.671559f, 0.680601f, 0.689541f, 0.698376f,
   16              0.707107f, 0.715731f, 0.724247f, 0.732654f, 0.740951f, 0.749136f, 0.757209f, 0.765167f,
   17              0.773010f, 0.780737f, 0.788346f, 0.795837f, 0.803208f, 0.810457f, 0.817585f, 0.824589f,
   18              0.831470f, 0.838225f, 0.844854f, 0.851355f, 0.857729f, 0.863973f, 0.870087f, 0.876070f,
   19              0.881921f, 0.887640f, 0.893224f, 0.898674f, 0.903989f, 0.909168f, 0.914210f, 0.919114f,
   20              0.923880f, 0.928506f, 0.932993f, 0.937339f, 0.941544f, 0.945607f, 0.949528f, 0.953306f,
   21              0.956940f, 0.960431f, 0.963776f, 0.966976f, 0.970031f, 0.972940f, 0.975702f, 0.978317f,
   22              0.980785f, 0.983105f, 0.985278f, 0.987301f, 0.989177f, 0.990903f, 0.992480f, 0.993907f,
   23              0.995185f, 0.996313f, 0.997290f, 0.998118f, 0.998795f, 0.999322f, 0.999699f, 0.999925f,
   24              1.000000f, 0.999925f, 0.999699f, 0.999322f, 0.998795f, 0.998118f, 0.997290f, 0.996313f,
   25              0.995185f, 0.993907f, 0.992480f, 0.990903f, 0.989177f, 0.987301f, 0.985278f, 0.983105f,
   26              0.980785f, 0.978317f, 0.975702f, 0.972940f, 0.970031f, 0.966976f, 0.963776f, 0.960431f,
   27              0.956940f, 0.953306f, 0.949528f, 0.945607f, 0.941544f, 0.937339f, 0.932993f, 0.928506f,
   28              0.923880f, 0.919114f, 0.914210f, 0.909168f, 0.903989f, 0.898674f, 0.893224f, 0.887640f,
   29              0.881921f, 0.876070f, 0.870087f, 0.863973f, 0.857729f, 0.851355f, 0.844854f, 0.838225f,
   30              0.831470f, 0.824589f, 0.817585f, 0.810457f, 0.803208f, 0.795837f, 0.788346f, 0.780737f,
   31              0.773010f, 0.765167f, 0.757209f, 0.749136f, 0.740951f, 0.732654f, 0.724247f, 0.715731f,
   32              0.707107f, 0.698376f, 0.689541f, 0.680601f, 0.671559f, 0.662416f, 0.653173f, 0.643832f,
   33              0.634393f, 0.624860f, 0.615232f, 0.605511f, 0.595699f, 0.585798f, 0.575808f, 0.565732f,
   34              0.555570f, 0.545325f, 0.534998f, 0.524590f, 0.514103f, 0.503538f, 0.492898f, 0.482184f,
   35              0.471397f, 0.460539f, 0.449611f, 0.438616f, 0.427555f, 0.416430f, 0.405241f, 0.393992f,
   36              0.382683f, 0.371317f, 0.359895f, 0.348419f, 0.336890f, 0.325310f, 0.313682f, 0.302006f,
   37              0.290285f, 0.278520f, 0.266713f, 0.254866f, 0.242980f, 0.231058f, 0.219101f, 0.207112f,
   38              0.195090f, 0.183040f, 0.170962f, 0.158858f, 0.146730f, 0.134581f, 0.122411f, 0.110222f,
   39              0.098017f, 0.085797f, 0.073565f, 0.061321f, 0.049068f, 0.036807f, 0.024541f, 0.012272f
   40          };
   41          
   42          const float cos_lut[256] = {
   43              1.000000f, 0.999925f, 0.999699f, 0.999322f, 0.998795f, 0.998118f, 0.997290f, 0.996313f,
   44              0.995185f, 0.993907f, 0.992480f, 0.990903f, 0.989177f, 0.987301f, 0.985278f, 0.983105f,
   45              0.980785f, 0.978317f, 0.975702f, 0.972940f, 0.970031f, 0.966976f, 0.963776f, 0.960431f,
   46              0.956940f, 0.953306f, 0.949528f, 0.945607f, 0.941544f, 0.937339f, 0.932993f, 0.928506f,
   47              0.923880f, 0.919114f, 0.914210f, 0.909168f, 0.903989f, 0.898674f, 0.893224f, 0.887640f,
   48              0.881921f, 0.876070f, 0.870087f, 0.863973f, 0.857729f, 0.851355f, 0.844854f, 0.838225f,
   49              0.831470f, 0.824589f, 0.817585f, 0.810457f, 0.803208f, 0.795837f, 0.788346f, 0.780737f,
   50              0.773010f, 0.765167f, 0.757209f, 0.749136f, 0.740951f, 0.732654f, 0.724247f, 0.715731f,
   51              0.707107f, 0.698376f, 0.689541f, 0.680601f, 0.671559f, 0.662416f, 0.653173f, 0.643832f,
   52              0.634393f, 0.624860f, 0.615232f, 0.605511f, 0.595699f, 0.585798f, 0.575808f, 0.565732f,
   53              0.555570f, 0.545325f, 0.534998f, 0.524590f, 0.514103f, 0.503538f, 0.492898f, 0.482184f,
   54              0.471397f, 0.460539f, 0.449611f, 0.438616f, 0.427555f, 0.416430f, 0.405241f, 0.393992f,
   55              0.382683f, 0.371317f, 0.359895f, 0.348419f, 0.336890f, 0.325310f, 0.313682f, 0.302006f,
   56              0.290285f, 0.278520f, 0.266713f, 0.254866f, 0.242980f, 0.231058f, 0.219101f, 0.207112f,
   57              0.195090f, 0.183040f, 0.170962f, 0.158858f, 0.146730f, 0.134581f, 0.122411f, 0.110222f,
   58              0.098017f, 0.085797f, 0.073565f, 0.061321f, 0.049068f, 0.036807f, 0.024541f, 0.012272f,
C251 COMPILER V5.60.0,  fft                                                                06/07/26  16:38:10  PAGE 2   

   59              0.000000f, -0.012272f, -0.024541f, -0.036807f, -0.049068f, -0.061321f, -0.073565f, -0.085797f,
   60              -0.098017f, -0.110222f, -0.122411f, -0.134581f, -0.146730f, -0.158858f, -0.170962f, -0.183040f,
   61              -0.195090f, -0.207112f, -0.219101f, -0.231058f, -0.242980f, -0.254866f, -0.266713f, -0.278520f,
   62              -0.290285f, -0.302006f, -0.313682f, -0.325310f, -0.336890f, -0.348419f, -0.359895f, -0.371317f,
   63              -0.382683f, -0.393992f, -0.405241f, -0.416430f, -0.427555f, -0.438616f, -0.449611f, -0.460539f,
   64              -0.471397f, -0.482184f, -0.492898f, -0.503538f, -0.514103f, -0.524590f, -0.534998f, -0.545325f,
   65              -0.555570f, -0.565732f, -0.575808f, -0.585798f, -0.595699f, -0.605511f, -0.615232f, -0.624860f,
   66              -0.634393f, -0.643832f, -0.653173f, -0.662416f, -0.671559f, -0.680601f, -0.689541f, -0.698376f,
   67              -0.707107f, -0.715731f, -0.724247f, -0.732654f, -0.740951f, -0.749136f, -0.757209f, -0.765167f,
   68              -0.773010f, -0.780737f, -0.788346f, -0.795837f, -0.803208f, -0.810457f, -0.817585f, -0.824589f,
   69              -0.831470f, -0.838225f, -0.844854f, -0.851355f, -0.857729f, -0.863973f, -0.870087f, -0.876070f,
   70              -0.881921f, -0.887640f, -0.893224f, -0.898674f, -0.903989f, -0.909168f, -0.914210f, -0.919114f,
   71              -0.923880f, -0.928506f, -0.932993f, -0.937339f, -0.941544f, -0.945607f, -0.949528f, -0.953306f,
   72              -0.956940f, -0.960431f, -0.963776f, -0.966976f, -0.970031f, -0.972940f, -0.975702f, -0.978317f,
   73              -0.980785f, -0.983105f, -0.985278f, -0.987301f, -0.989177f, -0.990903f, -0.992480f, -0.993907f,
   74              -0.995185f, -0.996313f, -0.997290f, -0.998118f, -0.998795f, -0.999322f, -0.999699f, -0.999925f
   75          };
   76          
   77          #elif MAX_FFT_N == 256
               const float sin_lut[MAX_FFT_N/2] = {
                   0.000000f, 0.024541f, 0.049068f, 0.073565f, 0.098017f, 0.122411f, 0.146730f, 0.170962f,
                   0.195090f, 0.219101f, 0.242980f, 0.266713f, 0.290285f, 0.313682f, 0.336890f, 0.359895f,
                   0.382683f, 0.405241f, 0.427555f, 0.449611f, 0.471397f, 0.492898f, 0.514103f, 0.534998f,
                   0.555570f, 0.575808f, 0.595699f, 0.615232f, 0.634393f, 0.653173f, 0.671559f, 0.689541f,
                   0.707107f, 0.724247f, 0.740951f, 0.757209f, 0.773010f, 0.788346f, 0.803208f, 0.817585f,
                   0.831470f, 0.844854f, 0.857729f, 0.870087f, 0.881921f, 0.893224f, 0.903989f, 0.914210f,
                   0.923880f, 0.932993f, 0.941544f, 0.949528f, 0.956940f, 0.963776f, 0.970031f, 0.975702f,
                   0.980785f, 0.985278f, 0.989177f, 0.992480f, 0.995185f, 0.997290f, 0.998795f, 0.999699f,
                   1.000000f, 0.999699f, 0.998795f, 0.997290f, 0.995185f, 0.992480f, 0.989177f, 0.985278f,
                   0.980785f, 0.975702f, 0.970031f, 0.963776f, 0.956940f, 0.949528f, 0.941544f, 0.932993f,
                   0.923880f, 0.914210f, 0.903989f, 0.893224f, 0.881921f, 0.870087f, 0.857729f, 0.844854f,
                   0.831470f, 0.817585f, 0.803208f, 0.788346f, 0.773010f, 0.757209f, 0.740951f, 0.724247f,
                   0.707107f, 0.689541f, 0.671559f, 0.653173f, 0.634393f, 0.615232f, 0.595699f, 0.575808f,
                   0.555570f, 0.534998f, 0.514103f, 0.492898f, 0.471397f, 0.449611f, 0.427555f, 0.405241f,
                   0.382683f, 0.359895f, 0.336890f, 0.313682f, 0.290285f, 0.266713f, 0.242980f, 0.219101f,
                   0.195090f, 0.170962f, 0.146730f, 0.122411f, 0.098017f, 0.073565f, 0.049068f, 0.024541f
               };
               
               const float cos_lut[MAX_FFT_N/2] = {
                   1.000000f, 0.999699f, 0.998795f, 0.997290f, 0.995185f, 0.992480f, 0.989177f, 0.985278f,
                   0.980785f, 0.975702f, 0.970031f, 0.963776f, 0.956940f, 0.949528f, 0.941544f, 0.932993f,
                   0.923880f, 0.914210f, 0.903989f, 0.893224f, 0.881921f, 0.870087f, 0.857729f, 0.844854f,
                   0.831470f, 0.817585f, 0.803208f, 0.788346f, 0.773010f, 0.757209f, 0.740951f, 0.724247f,
                   0.707107f, 0.689541f, 0.671559f, 0.653173f, 0.634393f, 0.615232f, 0.595699f, 0.575808f,
                   0.555570f, 0.534998f, 0.514103f, 0.492898f, 0.471397f, 0.449611f, 0.427555f, 0.405241f,
                   0.382683f, 0.359895f, 0.336890f, 0.313682f, 0.290285f, 0.266713f, 0.242980f, 0.219101f,
                   0.195090f, 0.170962f, 0.146730f, 0.122411f, 0.098017f, 0.073565f, 0.049068f, 0.024541f,
                   0.000000f, -0.024541f, -0.049068f, -0.073565f, -0.098017f, -0.122411f, -0.146730f, -0.170962f,
                   -0.195090f, -0.219101f, -0.242980f, -0.266713f, -0.290285f, -0.313682f, -0.336890f, -0.359895f,
                   -0.382683f, -0.405241f, -0.427555f, -0.449611f, -0.471397f, -0.492898f, -0.514103f, -0.534998f,
                   -0.555570f, -0.575808f, -0.595699f, -0.615232f, -0.634393f, -0.653173f, -0.671559f, -0.689541f,
                   -0.707107f, -0.724247f, -0.740951f, -0.757209f, -0.773010f, -0.788346f, -0.803208f, -0.817585f,
                   -0.831470f, -0.844854f, -0.857729f, -0.870087f, -0.881921f, -0.893224f, -0.903989f, -0.914210f,
                   -0.923880f, -0.932993f, -0.941544f, -0.949528f, -0.956940f, -0.963776f, -0.970031f, -0.975702f,
                   -0.980785f, -0.985278f, -0.989177f, -0.992480f, -0.995185f, -0.997290f, -0.998795f, -0.999699f
               };
               
               #else
               
               float xdata sin_lut[MAX_FFT_N/2];
               float xdata cos_lut[MAX_FFT_N/2];
               #endif
  121          
  122          /* 位反转表（用于蝶形交换，节省计算时间） */
  123          u16 xdata bitrev[MAX_FFT_N];
  124          
C251 COMPILER V5.60.0,  fft                                                                06/07/26  16:38:10  PAGE 3   

  125          static u16 bit_reverse(u16 x, u16 bits)
  126          {
  127   1          u16 i;
  128   1          u16 r;
  129   1      
  130   1          r = 0;
  131   1          for(i=0; i<bits; i++)
  132   1          {
  133   2              r = (r << 1) | (x & 1);
  134   2              x >>= 1;
  135   2          }
  136   1          return r;
  137   1      }
  138          
  139          void fft_init(void)
  140          {
  141   1          u16 i;
  142   1          u16 bits;
  143   1          float angle;
  144   1      
  145   1      #if MAX_FFT_N = 512
*** WARNING C323 IN LINE 145 OF Sources\driver\fft.c: newline expected, extra characters found
  146   1      #elif MAX_FFT_N = 256
               #else
                   /* 计算 LUT */
                   for(i=0; i<MAX_FFT_N/2; i++)
                   {
                       angle = -2.0f * 3.1415926f * (float)i / (float)MAX_FFT_N;
                       cos_lut[i] = cos(angle);
                       sin_lut[i] = sin(angle);
                   }
               #endif
  156   1      
  157   1          /* 预计算 bit-reversal  */
  158   1          bits = 0;
  159   1          i = MAX_FFT_N;
  160   1          while (i > 1)
  161   1          {
  162   2              bits++;
  163   2              i >>= 1;
  164   2          }
  165   1      
  166   1          for(i=0; i<MAX_FFT_N; i++)
  167   1              bitrev[i] = bit_reverse(i, bits);
  168   1      }
*** WARNING C47 IN LINE 143 OF Sources\driver\fft.c: 'angle': unreferenced local variable
  169          
  170          /* 真实 FFT (Cooley-Tukey) */
  171          void fft_run(float *input, complex_t *output)
  172          {
  173   1          u16 i;
  174   1          u16 j;
  175   1          u16 step;
  176   1          u16 half;
  177   1          u16 a;
  178   1          u16 b;
  179   1          u16 lut_step;
  180   1          float wr;
  181   1          float wi;
  182   1          float tr;
  183   1          float ti;
  184   1          float xr;
  185   1          float xi;
  186   1      
  187   1          /* 位反转排列 */
  188   1          for(i=0; i<MAX_FFT_N; i++)
C251 COMPILER V5.60.0,  fft                                                                06/07/26  16:38:10  PAGE 4   

  189   1          {
  190   2              j = bitrev[i];
  191   2              output[i].real = input[j];
  192   2              output[i].imag = 0.0f;
  193   2          }
  194   1      
  195   1          /* 蝶形运算 */
  196   1          step = 2;
  197   1          while(step <= MAX_FFT_N)
  198   1          {
  199   2              half = step >> 1;
  200   2              lut_step = MAX_FFT_N / step;
  201   2      
  202   2              for(a=0; a<half; a++)
  203   2              {
  204   3                  wr = cos_lut[a * lut_step];
  205   3                  wi = sin_lut[a * lut_step];
  206   3      
  207   3                  for(b=a; b<MAX_FFT_N; b+=step)
  208   3                  {
  209   4                      j = b + half;
  210   4      
  211   4                      /* 读取 */
  212   4                      xr = output[b].real;
  213   4                      xi = output[b].imag;
  214   4                      tr = output[j].real;
  215   4                      ti = output[j].imag;
  216   4      
  217   4                      /* 旋转乘法 */
  218   4                      output[j].real = tr * wr - ti * wi;
  219   4                      output[j].imag = tr * wi + ti * wr;
  220   4      
  221   4                      /* 蝶形结果 */
  222   4                      output[b].real = xr + output[j].real;
  223   4                      output[b].imag = xi + output[j].imag;
  224   4                      output[j].real = xr - output[j].real;
  225   4                      output[j].imag = xi - output[j].imag;
  226   4                  }
  227   3              }
  228   2      
  229   2              step <<= 1;
  230   2          }
  231   1      }
  232          
  233          void fft_abs(complex_t *freq, float *mag)
  234          {
  235   1          u16 i;
  236   1          float r;
  237   1          float im;
  238   1          float v;
  239   1      
  240   1          for(i=0; i<MAX_FFT_N; i++)
  241   1          {
  242   2              r = freq[i].real;
  243   2              im = freq[i].imag;
  244   2              v = r*r + im*im;
  245   2      
  246   2              /* 防止 NaN */
  247   2              if(v < 0 || v != v)
  248   2                  v = 0;
  249   2      
  250   2              mag[i] = sqrt(v);
  251   2          }
  252   1      }


C251 COMPILER V5.60.0,  fft                                                                06/07/26  16:38:10  PAGE 5   

Module Information          Static   Overlayable
------------------------------------------------
  code size            =       774     ------
  ecode size           =    ------     ------
  data size            =    ------     ------
  idata size           =    ------     ------
  pdata size           =    ------     ------
  xdata size           =      1024     ------
  xdata-const size     =    ------     ------
  edata size           =    ------         42
  bit size             =    ------     ------
  ebit size            =    ------     ------
  bitaddressable size  =    ------     ------
  ebitaddressable size =    ------     ------
  far data size        =    ------     ------
  huge data size       =    ------     ------
  const size           =    ------     ------
  hconst size          =      2048     ------
End of Module Information.


C251 COMPILATION COMPLETE.  2 WARNING(S),  0 ERROR(S)
