C251 COMPILER V5.60.0,  max30102                                                           06/07/26  16:25:38  PAGE 1   


C251 COMPILER V5.60.0, COMPILATION OF MODULE max30102
OBJECT MODULE PLACED IN .\Objects\max30102.obj
COMPILER INVOKED BY: C:\Keil_v5\C251\BIN\C251.EXE Sources\driver\max30102.c XSMALL BROWSE INCDIR(.\Sources\inc;.\Sources
                    -\driver) DEBUG PRINT(.\Listings\max30102.lst) OBJECT(.\Objects\max30102.obj) 

stmt  level    source

    1          #include "max30102.h"
    2          
    3          #include "sw_iic.h"
    4          
    5          // 传感器初始化标志
    6          static uint8_t g_max30102_inited = 0;
    7          
    8          // 内部I2C读写辅助函数 (需要根据你的I2C库实现)
    9          uint8_t max30102_readBytes(uint8_t reg_addr, uint8_t *buf, uint8_t len)
   10          {
   11   1          return soft_iic_read(MAX30102_I2C_ADDRESS,reg_addr,buf,len);
   12   1      }
   13          
   14          uint8_t max30102_writeByte(uint8_t reg_addr, uint8_t dat)
   15          {
   16   1          return soft_iic_write(MAX30102_I2C_ADDRESS,reg_addr,&dat,1);
   17   1      }
   18          
   19          /**
   20           * @brief 初始化MAX30102
   21           * @return 0-成功, 非0-失败
   22           */
   23          uint8_t max30102_init(void)
   24          {
   25   1          uint8_t res, part_id, prev,tmp;
   26   1          
   27   1          soft_i2c_init();
   28   1          // 检查器件ID
   29   1          res = max30102_readBytes(MAX30102_REG_PART_ID, &part_id, 1);
   30   1          if (res != 0 || part_id != 0x15) {
   31   2              return 1; // ID错误
   32   2          }
   33   1          
   34   1          // 软复位 (置位RST位)
   35   1          res = max30102_readBytes(MAX30102_REG_MODE_CONFIG, &prev, 1);
   36   1          if (res != 0) return 2;
   37   1          prev |= (1 << 6); // 设置RST位
   38   1          res = max30102_writeByte(MAX30102_REG_MODE_CONFIG, prev);
   39   1          if (res != 0) return 2;
   40   1          delay_ms(10); // 等待复位完成
   41   1          
   42   1          // 配置传感器工作模式、采样率、设置LED电流等
   43   1          // 例如: 采样率、使能中断等
   44   1          max30102_writeByte(MAX30102_REG_INTERRUPT_ENABLE_1,0xE0);
   45   1          max30102_writeByte(MAX30102_REG_INTERRUPT_ENABLE_2,0x02);
   46   1      
   47   1          // 复位FIFO (将读/写指针和溢出计数器清零)
   48   1          prev = 0x00;
   49   1          res = max30102_writeByte(MAX30102_REG_FIFO_READ_POINTER, prev);
   50   1          if (res != 0) return 3;
   51   1          res = max30102_writeByte(MAX30102_REG_FIFO_WRITE_POINTER, prev);
   52   1          if (res != 0) return 3;
   53   1          res = max30102_writeByte(MAX30102_REG_OVERFLOW_COUNTER, prev);
   54   1          if (res != 0) return 3;
   55   1          
   56   1          max30102_writeByte(MAX30102_REG_FIFO_CONFIG, 0x0F);
   57   1      
   58   1          max30102_writeByte(MAX30102_REG_MODE_CONFIG, MAX30102_MODE_SPO2);
C251 COMPILER V5.60.0,  max30102                                                           06/07/26  16:25:38  PAGE 2   

   59   1          
   60   1          //SpO2 configuration:ACD resolution:15.63pA,sample rate control: 50Hz, LED pulse width:215 us 
   61   1          max30102_writeByte(MAX30102_REG_SPO2_CONFIG,0x23);
   62   1      
   63   1          max30102_writeByte(MAX30102_REG_LED_PULSE_1,0x3F);
   64   1          max30102_writeByte(MAX30102_REG_LED_PULSE_2,0x3F);
   65   1          max30102_writeByte(MAX30102_REG_PILOT_LED_PULSE,0x7f);
   66   1          
   67   1          max30102_writeByte(MAX30102_REG_DIE_TEMP_CONFIG,0x01);  //temperture
   68   1          
   69   1          // 清除任何挂起的中断
   70   1          max30102_readBytes(MAX30102_REG_INTERRUPT_STATUS_1, &tmp, 1);
   71   1          max30102_readBytes(MAX30102_REG_INTERRUPT_STATUS_2, &tmp, 1);
   72   1      
   73   1          g_max30102_inited = 1;
   74   1          return 0;
   75   1      }
   76          
   77          
   78          /**
   79           * @brief 从FIFO读取数据 (核心函数)
   80           */
   81          void max30102_readFIFO(uint32_t *raw_red, uint32_t *raw_ir)
   82          {
   83   1          u8 receive_data[6]={0};
   84   1          u8 temp_data=0;
   85   1          u32 dat[2];
   86   1          u32 timeout = 3;
   87   1      
   88   1          do{
   89   2              max30102_readBytes(MAX30102_REG_INTERRUPT_STATUS_1,&temp_data,1);
   90   2              // 多次失败就返回
   91   2              if (--timeout == 0)break;
   92   2          }while((temp_data&0x40)!=0x40);
   93   1          max30102_readBytes(MAX30102_REG_FIFO_DATA_REGISTER,receive_data,6);
   94   1          dat[0] = ((receive_data[0] << 16) | 
   95   1                    (receive_data[1] << 8)  | 
   96   1                     receive_data[2]) & 0x03FFFF;
   97   1      
   98   1          dat[1] = ((receive_data[3] << 16) | 
   99   1                    (receive_data[4] << 8)  | 
  100   1                     receive_data[5]) & 0x03FFFF;
  101   1          *raw_red = dat[0];
  102   1          *raw_ir = dat[1];
  103   1      }


Module Information          Static   Overlayable
------------------------------------------------
  code size            =       418     ------
  ecode size           =    ------     ------
  data size            =    ------     ------
  idata size           =    ------     ------
  pdata size           =    ------     ------
  xdata size           =    ------     ------
  xdata-const size     =    ------     ------
  edata size           =         1         27
  bit size             =    ------     ------
  ebit size            =    ------     ------
  bitaddressable size  =    ------     ------
  ebitaddressable size =    ------     ------
  far data size        =    ------     ------
  huge data size       =    ------     ------
  const size           =    ------     ------
  hconst size          =        11     ------
End of Module Information.


C251 COMPILATION COMPLETE.  0 WARNING(S),  0 ERROR(S)
