C251 COMPILER V5.60.0,  sw_iic                                                             06/07/26  16:25:38  PAGE 1   


C251 COMPILER V5.60.0, COMPILATION OF MODULE sw_iic
OBJECT MODULE PLACED IN .\Objects\sw_iic.obj
COMPILER INVOKED BY: C:\Keil_v5\C251\BIN\C251.EXE Sources\driver\sw_iic.c XSMALL BROWSE INCDIR(.\Sources\inc;.\Sources\d
                    -river) DEBUG PRINT(.\Listings\sw_iic.lst) OBJECT(.\Objects\sw_iic.obj) 

stmt  level    source

    1          #include "sw_iic.h"
    2          
    3          void soft_i2c_delay(void)
    4          {
    5   1          delay_us(DELAY_TIME);
    6   1      }
    7          
    8          void soft_i2c_init(void)
    9          {
   10   1          SDA_OUT();
   11   1          SCL_OUT();
   12   1          SDA_HIGH();
   13   1          SCL_HIGH();
   14   1      }
   15          
   16          void soft_i2c_start(void)
   17          {
   18   1          SDA_OUT();
   19   1          SDA_HIGH();
   20   1          soft_i2c_delay();
   21   1          SCL_HIGH();
   22   1          soft_i2c_delay();
   23   1          SDA_LOW();
   24   1          soft_i2c_delay();
   25   1      
   26   1          SCL_LOW();
   27   1          soft_i2c_delay();
   28   1      }
   29          
   30          void soft_i2c_stop(void)
   31          {
   32   1          SCL_LOW();
   33   1          soft_i2c_delay();
   34   1          SDA_OUT();
   35   1          SDA_LOW();
   36   1          soft_i2c_delay();
   37   1          SCL_HIGH();
   38   1          soft_i2c_delay();
   39   1          SDA_HIGH();
   40   1      }
   41          
   42          //i2c写入 返回1为ack，0为nack
   43          bit soft_i2c_write_byte(u8 byte)
   44          {
   45   1          u8 i;
   46   1          bit ack;
   47   1          SDA_OUT();
   48   1          for (i = 0; i < 8; i++) 
   49   1          {
   50   2              if (byte & 0x80)
   51   2                  SDA_HIGH();
   52   2              else
   53   2                  SDA_LOW();
   54   2      
   55   2              soft_i2c_delay();
   56   2              SCL_HIGH();
   57   2              soft_i2c_delay();
   58   2              SCL_LOW();
C251 COMPILER V5.60.0,  sw_iic                                                             06/07/26  16:25:38  PAGE 2   

   59   2              byte <<= 1;
   60   2          }
   61   1      
   62   1          // 读取ACK
   63   1          SDA_IN();
   64   1          soft_i2c_delay();
   65   1          SCL_HIGH();
   66   1          ack = !(SDA_READ);
   67   1          soft_i2c_delay();
   68   1          SCL_LOW();
   69   1          SDA_OUT();
   70   1      
   71   1          return ack;
   72   1      }
   73          
   74          //i2c读出 参数写1为ack，写0为nack
   75          u8 soft_i2c_read_byte(bit ack)
   76          {
   77   1          u8 i;
   78   1          u8 byte = 0;
   79   1          SDA_IN();
   80   1          soft_i2c_delay();
   81   1          for (i = 0; i < 8; i++)
   82   1          {
   83   2              byte <<= 1;
   84   2              SCL_HIGH();
   85   2              soft_i2c_delay();
   86   2              if (SDA_READ)
   87   2                  byte |= 0x01;
   88   2              SCL_LOW();
   89   2              soft_i2c_delay();
   90   2          }
   91   1      
   92   1          // 发出 ACK/NACK
   93   1          SDA_OUT();
   94   1          if (ack)
   95   1              SDA_LOW();
   96   1          else
   97   1              SDA_HIGH();
   98   1      
   99   1          soft_i2c_delay();
  100   1          SCL_HIGH();
  101   1          soft_i2c_delay();
  102   1          SCL_LOW();
  103   1          SDA_HIGH();
  104   1      
  105   1          return byte;
  106   1      }
  107          
  108          u8 soft_iic_read(u8 addr, u8 reg, u8 *buf, u16 len)
  109          {
  110   1          u8 i;
  111   1          soft_i2c_start();
  112   1          soft_i2c_write_byte(addr<<1);
  113   1          soft_i2c_write_byte(reg);
  114   1          soft_i2c_start();
  115   1          soft_i2c_write_byte(addr<<1 | 0x01);
  116   1          for(i = 0;i < len-1;i++)
  117   1              *(buf+i) = soft_i2c_read_byte(1);
  118   1          *(buf+i) = soft_i2c_read_byte(0);
  119   1          soft_i2c_stop();
  120   1          return 0;
  121   1      }
  122          
  123          u8 soft_iic_write(u8 addr, u8 reg, u8 *buf, u16 len)
  124          {
C251 COMPILER V5.60.0,  sw_iic                                                             06/07/26  16:25:38  PAGE 3   

  125   1          u16 i;
  126   1      
  127   1          soft_i2c_start();
  128   1      
  129   1          if (!soft_i2c_write_byte(addr<<1))
  130   1              goto stop_fail;
  131   1          if (!soft_i2c_write_byte(reg))
  132   1              goto stop_fail;
  133   1      
  134   1          for (i = 0; i < len; i++)
  135   1          {
  136   2              if (!soft_i2c_write_byte(*(buf+i)))
  137   2                  goto stop_fail;
  138   2          }
  139   1      
  140   1          soft_i2c_stop();
  141   1          return 0; // 写入成功
  142   1      
  143   1      stop_fail:
  144   1          soft_i2c_stop();
  145   1          return 1; // 写入失败
  146   1      }


Module Information          Static   Overlayable
------------------------------------------------
  code size            =       406     ------
  ecode size           =    ------     ------
  data size            =    ------     ------
  idata size           =    ------     ------
  pdata size           =    ------     ------
  xdata size           =    ------     ------
  xdata-const size     =    ------     ------
  edata size           =    ------         11
  bit size             =    ------          2
  ebit size            =    ------     ------
  bitaddressable size  =    ------     ------
  ebitaddressable size =    ------     ------
  far data size        =    ------     ------
  huge data size       =    ------     ------
  const size           =    ------     ------
  hconst size          =    ------     ------
End of Module Information.


C251 COMPILATION COMPLETE.  0 WARNING(S),  0 ERROR(S)
