C251 COMPILER V5.60.0,  fft                                                                02/07/26  16:52:39  PAGE 1   


C251 COMPILER V5.60.0, COMPILATION OF MODULE fft
OBJECT MODULE PLACED IN .\Objects\fft.obj
COMPILER INVOKED BY: C:\Keil_v5\C251\BIN\C251.EXE ..\Driver\Tool\fft.c XSMALL INTR2 OPTIMIZE(SIZE) BROWSE INCDIR(..\App;
                    -..\Driver;..\Driver\Library;..\Driver\Tool) DEBUG PRINT(.\Listings\fft.lst) OBJECT(.\Objects\fft.obj) 

stmt  level    source

    1          #include "fft.h"
    2          #include <math.h>
    3          
    4          float xdata sin_lut[MAX_FFT_N/2];
    5          float xdata cos_lut[MAX_FFT_N/2];
    6          
    7          /* 位反转表（用于蝶形交换，节省计算时间） */
    8          u16 xdata bitrev[MAX_FFT_N];
    9          
   10          static u16 bit_reverse(u16 x, u16 bits)
   11          {
   12   1          u16 i;
   13   1          u16 r;
   14   1      
   15   1          r = 0;
   16   1          for(i=0; i<bits; i++)
   17   1          {
   18   2              r = (r << 1) | (x & 1);
   19   2              x >>= 1;
   20   2          }
   21   1          return r;
   22   1      }
   23          
   24          void fft_init(void)
   25          {
   26   1          u16 i;
   27   1          u16 bits;
   28   1          float angle;
   29   1      
   30   1          /* 计算 LUT */
   31   1          for(i=0; i<MAX_FFT_N/2; i++)
   32   1          {
   33   2              angle = -2.0f * 3.1415926f * (float)i / (float)MAX_FFT_N;
   34   2              cos_lut[i] = cos(angle);
   35   2              sin_lut[i] = sin(angle);
   36   2          }
   37   1      
   38   1          /* 预计算 bit-reversal  */
   39   1          bits = 0;
   40   1          i = MAX_FFT_N;
   41   1          while (i > 1)
   42   1          {
   43   2              bits++;
   44   2              i >>= 1;
   45   2          }
   46   1      
   47   1          for(i=0; i<MAX_FFT_N; i++)
   48   1              bitrev[i] = bit_reverse(i, bits);
   49   1      }
   50          
   51          /* 真实 FFT (Cooley-Tukey) */
   52          void fft_run(float *input, complex_t *output)
   53          {
   54   1          u16 i;
   55   1          u16 j;
   56   1          u16 step;
   57   1          u16 half;
   58   1          u16 a;
C251 COMPILER V5.60.0,  fft                                                                02/07/26  16:52:39  PAGE 2   

   59   1          u16 b;
   60   1          u16 lut_step;
   61   1          float wr;
   62   1          float wi;
   63   1          float tr;
   64   1          float ti;
   65   1          float xr;
   66   1          float xi;
   67   1      
   68   1          /* 位反转排列 */
   69   1          for(i=0; i<MAX_FFT_N; i++)
   70   1          {
   71   2              j = bitrev[i];
   72   2              output[i].real = input[j];
   73   2              output[i].imag = 0.0f;
   74   2          }
   75   1      
   76   1          /* 蝶形运算 */
   77   1          step = 2;
   78   1          while(step <= MAX_FFT_N)
   79   1          {
   80   2              half = step >> 1;
   81   2              lut_step = MAX_FFT_N / step;
   82   2      
   83   2              for(a=0; a<half; a++)
   84   2              {
   85   3                  wr = cos_lut[a * lut_step];
   86   3                  wi = sin_lut[a * lut_step];
   87   3      
   88   3                  for(b=a; b<MAX_FFT_N; b+=step)
   89   3                  {
   90   4                      j = b + half;
   91   4      
   92   4                      /* 读取 */
   93   4                      xr = output[b].real;
   94   4                      xi = output[b].imag;
   95   4                      tr = output[j].real;
   96   4                      ti = output[j].imag;
   97   4      
   98   4                      /* 旋转乘法 */
   99   4                      output[j].real = tr * wr - ti * wi;
  100   4                      output[j].imag = tr * wi + ti * wr;
  101   4      
  102   4                      /* 蝶形结果 */
  103   4                      output[b].real = xr + output[j].real;
  104   4                      output[b].imag = xi + output[j].imag;
  105   4                      output[j].real = xr - output[j].real;
  106   4                      output[j].imag = xi - output[j].imag;
  107   4                  }
  108   3              }
  109   2      
  110   2              step <<= 1;
  111   2          }
  112   1      }
  113          
  114          void fft_abs(complex_t *freq, float *mag)
  115          {
  116   1          u16 i;
  117   1          float r;
  118   1          float im;
  119   1          float v;
  120   1      
  121   1          for(i=0; i<MAX_FFT_N; i++)
  122   1          {
  123   2              r = freq[i].real;
  124   2              im = freq[i].imag;
C251 COMPILER V5.60.0,  fft                                                                02/07/26  16:52:39  PAGE 3   

  125   2              v = r*r + im*im;
  126   2      
  127   2              /* 防止 NaN */
  128   2              if(v < 0 || v != v)
  129   2                  v = 0;
  130   2      
  131   2              mag[i] = sqrt(v);
  132   2          }
  133   1      }


Module Information          Static   Overlayable
------------------------------------------------
  code size            =       876     ------
  ecode size           =    ------     ------
  data size            =    ------     ------
  idata size           =    ------     ------
  pdata size           =    ------     ------
  xdata size           =      1536     ------
  xdata-const size     =    ------     ------
  edata size           =    ------         46
  bit size             =    ------     ------
  ebit size            =    ------     ------
  bitaddressable size  =    ------     ------
  ebitaddressable size =    ------     ------
  far data size        =    ------     ------
  huge data size       =    ------     ------
  const size           =    ------     ------
  hconst size          =    ------     ------
End of Module Information.


C251 COMPILATION COMPLETE.  0 WARNING(S),  0 ERROR(S)
