C251 COMPILER V5.60.0,  main                                                               05/08/26  16:29:58  PAGE 1   


C251 COMPILER V5.60.0, COMPILATION OF MODULE main
OBJECT MODULE PLACED IN .\Objects\main.obj
COMPILER INVOKED BY: C:\Keil_v5\C251\BIN\C251.EXE USER\main.c XSMALL INTR2 BROWSE INCDIR(.\USER;.\Library) DEBUG PRINT(.
                    -\Listings\main.lst) OBJECT(.\Objects\main.obj) 

stmt  level    source

    1          // 测试工作频率为 24 MHz
    2          #include <string.h>
    3          //------------------------------STC函数库文件--------------------------
    4          #include "stc32g.h"
    5          #include "stc32_stc8_usb.h"
    6          #include "STC32G_GPIO.h"
    7          #include "STC32G_NVIC.h"
    8          #include "STC32G_Delay.h"
    9          #include "STC32G_Switch.h"
   10          //------------------------------用户文件------------------------------
   11          #include "USB_CDC_drive.h"
   12          #include "COMMON_drive.h"
   13          #include "SYS_drive.h"
   14          #include "KEY_drive.h"
   15          #include "LED_drive.h"
   16          #include "DS627_MECons_drive.h"
   17          
   18          
   19          void STC_init(void)
   20          {
   21   1          WTST = 0;  // 设置程序指令延时参数，赋值为0可将CPU执行指令的速度设置为最快
   22   1          EAXFR = 1; // 扩展寄存器(XFR)访问使能
   23   1          CKCON = 0; // 提高访问XRAM速度
   24   1          
   25   1          USB_CDC_Initialization(); // USB初始化
   26   1          EA = 1;  // 开总中断
   27   1          while (DeviceState != DEVSTATE_CONFIGURED)
   28   1              ; // 等待 USB 完成配置
   29   1      }
   30          
   31          void main(void)
   32          {
   33   1          STC_init();
   34   1          ME_Init();
   35   1      
   36   1          while (1)
   37   1          {
   38   2              ME_GetSpeed();
   39   2          }
   40   1      }


Module Information          Static   Overlayable
------------------------------------------------
  code size            =        33     ------
  ecode size           =    ------     ------
  data size            =    ------     ------
  idata size           =    ------     ------
  pdata size           =    ------     ------
  xdata size           =    ------     ------
  xdata-const size     =    ------     ------
  edata size           =    ------     ------
  bit size             =    ------     ------
  ebit size            =    ------     ------
  bitaddressable size  =    ------     ------
  ebitaddressable size =    ------     ------
  far data size        =    ------     ------
  huge data size       =    ------     ------
  const size           =    ------     ------
C251 COMPILER V5.60.0,  main                                                               05/08/26  16:29:58  PAGE 2   

  hconst size          =    ------     ------
End of Module Information.


C251 COMPILATION COMPLETE.  0 WARNING(S),  0 ERROR(S)
