C251 COMPILER V5.60.0,  STC32G_UART                                                        08/05/25  18:16:57  PAGE 1   


C251 COMPILER V5.60.0, COMPILATION OF MODULE STC32G_UART
OBJECT MODULE PLACED IN .\Objects\STC32G_UART.obj
COMPILER INVOKED BY: C:\Keil_v5\C251\BIN\C251.EXE Library\STC32G_UART.c XSMALL INTR2 BROWSE INCDIR(.\USER;.\Library) DEB
                    -UG PRINT(.\Listings\STC32G_UART.lst) TABS(2) OBJECT(.\Objects\STC32G_UART.obj) 

stmt  level    source

    1          #include "STC32G_UART.h"
    2          
    3          //========================================================================
    4          //                               ±æµÿ±‰¡ø…˘√˜
    5          //========================================================================
    6          
    7          #ifdef UART1
    8          COMx_Define COM1;
    9          u8  UART_BUF_type TX1_Buffer[COM_TX1_Lenth];  //∑¢ÀÕª∫≥Â
   10          u8  UART_BUF_type RX1_Buffer[COM_RX1_Lenth];  //Ω” ’ª∫≥Â
   11          #endif
   12          #ifdef UART2
   13          COMx_Define COM2;
   14          u8  UART_BUF_type TX2_Buffer[COM_TX2_Lenth];  //∑¢ÀÕª∫≥Â
   15          u8  UART_BUF_type RX2_Buffer[COM_RX2_Lenth];  //Ω” ’ª∫≥Â
   16          #endif
   17          #ifdef UART3
   18          COMx_Define COM3;
   19          u8  UART_BUF_type TX3_Buffer[COM_TX3_Lenth];  //∑¢ÀÕª∫≥Â
   20          u8  UART_BUF_type RX3_Buffer[COM_RX3_Lenth];  //Ω” ’ª∫≥Â
   21          #endif
   22          #ifdef UART4
   23          COMx_Define COM4;
   24          u8  UART_BUF_type TX4_Buffer[COM_TX4_Lenth];  //∑¢ÀÕª∫≥Â
   25          u8  UART_BUF_type RX4_Buffer[COM_RX4_Lenth];  //Ω” ’ª∫≥Â
   26          #endif
   27          
   28          //========================================================================
   29          // ∫Ø ˝: UART_Configuration
   30          // √Ë ˆ: UART≥ı ºªØ≥Ã–Ú.
   31          // ≤Œ ˝: UARTx: UART◊È∫≈, COMxΩ·ππ≤Œ ˝,«Î≤ŒøºUART.h¿Ôµƒ∂®“Â.
   32          // ∑µªÿ: none.
   33          // ∞Ê±æ: V1.0, 2012-10-22
   34          //========================================================================
   35          u8 UART_Configuration(u8 UARTx, COMx_InitDefine *COMx)
   36          {
   37   1      #if  defined( UART1 ) || defined( UART2 ) || defined( UART3 ) || defined( UART4 )
   38   1        u16 i;
   39   1        u32 j;
   40   1      #else
                 UARTx = NULL;
                 COMx = NULL;
               #endif
   44   1      
   45   1      #ifdef UART1
   46   1        if(UARTx == UART1)
   47   1        {
   48   2          COM1.TX_send    = 0;
   49   2          COM1.TX_write   = 0;
   50   2          COM1.B_TX_busy  = 0;
   51   2          COM1.RX_Cnt     = 0;
   52   2          COM1.RX_TimeOut = 0;
   53   2          
   54   2          for(i=0; i<COM_TX1_Lenth; i++)  TX1_Buffer[i] = 0;
   55   2          for(i=0; i<COM_RX1_Lenth; i++)  RX1_Buffer[i] = 0;
   56   2      
   57   2          SCON = (SCON & 0x3f) | COMx->UART_Mode; //ƒ£ Ω…Ë÷√
   58   2          if((COMx->UART_Mode == UART_9bit_BRTx) || (COMx->UART_Mode == UART_8bit_BRTx))  //ø…±‰≤®Ãÿ¬ 
C251 COMPILER V5.60.0,  STC32G_UART                                                        08/05/25  18:16:57  PAGE 2   

   59   2          {
   60   3            j = (MAIN_Fosc / 4) / COMx->UART_BaudRate;  //∞¥1Tº∆À„
   61   3            if(j >= 65536UL)  return FAIL;  //¥ÌŒÛ
   62   3            j = 65536UL - j;
   63   3            if(COMx->UART_BRT_Use == BRT_Timer2)
   64   3            {
   65   4              T2R = 0;    //Timer stop
   66   4              S1BRT = 1;  //S1 BRT Use Timer2;
   67   4              T2_CT = 0;  //Timer2 set As Timer
   68   4              T2x12 = 1;  //Timer2 set as 1T mode
   69   4              T2H = (u8)(j>>8);
   70   4              T2L = (u8)j;
   71   4              T2R = 1;    //Timer run enable
   72   4            }
   73   3            else
   74   3            {
   75   4              TR1 = 0;
   76   4              S1BRT = 0;    //S1 BRT Use Timer1;
   77   4              T1_CT = 0;    //Timer1 set As Timer
   78   4              TMOD &= ~0x30;//Timer1_16bitAutoReload;
   79   4              T1x12 = 1;    //Timer1 set as 1T mode
   80   4              TH1 = (u8)(j>>8);
   81   4              TL1 = (u8)j;
   82   4              TR1  = 1;
   83   4            }
   84   3          }
   85   2          else if(COMx->UART_Mode == UART_ShiftRight)
   86   2          {
   87   3            if(COMx->BaudRateDouble == ENABLE)  S1M0x6 = 1; //πÃ∂®≤®Ãÿ¬ SysClk/2
   88   3            else                S1M0x6 = 0; //πÃ∂®≤®Ãÿ¬ SysClk/12
   89   3          }
   90   2          else if(COMx->UART_Mode == UART_9bit) //πÃ∂®≤®Ãÿ¬ SysClk*2^SMOD/64
   91   2          {
   92   3            if(COMx->BaudRateDouble == ENABLE)  SMOD = 1; //πÃ∂®≤®Ãÿ¬ SysClk/32
   93   3            else                SMOD = 0; //πÃ∂®≤®Ãÿ¬ SysClk/64
   94   3          }
   95   2          UART1_RxEnable(COMx->UART_RxEnable);  //UARTΩ” ’ πƒ‹
   96   2      
   97   2          return SUCCESS;
   98   2        }
   99   1      #endif
  100   1      #ifdef UART2
  101   1        if(UARTx == UART2)
  102   1        {
  103   2          COM2.TX_send    = 0;
  104   2          COM2.TX_write   = 0;
  105   2          COM2.B_TX_busy  = 0;
  106   2          COM2.RX_Cnt     = 0;
  107   2          COM2.RX_TimeOut = 0;
  108   2      
  109   2          for(i=0; i<COM_TX2_Lenth; i++)  TX2_Buffer[i] = 0;
  110   2          for(i=0; i<COM_RX2_Lenth; i++)  RX2_Buffer[i] = 0;
  111   2      
  112   2          S2CON = (S2CON & 0x3f) | COMx->UART_Mode; //ƒ£ Ω…Ë÷√
  113   2          if((COMx->UART_Mode == UART_9bit_BRTx) ||(COMx->UART_Mode == UART_8bit_BRTx)) //ø…±‰≤®Ãÿ¬ 
  114   2          {
  115   3            j = (MAIN_Fosc / 4) / COMx->UART_BaudRate;  //∞¥1Tº∆À„
  116   3            if(j >= 65536UL)  return FAIL;  //¥ÌŒÛ
  117   3            j = 65536UL - j;
  118   3            T2R = 0;    //Timer stop
  119   3            T2_CT = 0;  //Timer2 set As Timer
  120   3            T2x12 = 1;  //Timer2 set as 1T mode
  121   3            T2H = (u8)(j>>8);
  122   3            T2L = (u8)j;
  123   3            T2R = 1;    //Timer run enable
  124   3          }
C251 COMPILER V5.60.0,  STC32G_UART                                                        08/05/25  18:16:57  PAGE 3   

  125   2          else  return FAIL;  //ƒ£ Ω¥ÌŒÛ
  126   2          UART2_RxEnable(COMx->UART_RxEnable);  //UARTΩ” ’ πƒ‹
  127   2      
  128   2          return SUCCESS;
  129   2        }
  130   1      #endif
  131   1      #ifdef UART3
  132   1        if(UARTx == UART3)
  133   1        {
  134   2          COM3.TX_send    = 0;
  135   2          COM3.TX_write   = 0;
  136   2          COM3.B_TX_busy  = 0;
  137   2          COM3.RX_Cnt     = 0;
  138   2          COM3.RX_TimeOut = 0;
  139   2          for(i=0; i<COM_TX3_Lenth; i++)  TX3_Buffer[i] = 0;
  140   2          for(i=0; i<COM_RX3_Lenth; i++)  RX3_Buffer[i] = 0;
  141   2      
  142   2          if((COMx->UART_Mode == UART_9bit_BRTx) || (COMx->UART_Mode == UART_8bit_BRTx))  //ø…±‰≤®Ãÿ¬ 
  143   2          {
  144   3            if(COMx->UART_Mode == UART_9bit_BRTx) S3_9bit();  //9bit
  145   3            else                  S3_8bit();  //8bit
  146   3            j = (MAIN_Fosc / 4) / COMx->UART_BaudRate;  //∞¥1Tº∆À„
  147   3            if(j >= 65536UL)  return FAIL;  //¥ÌŒÛ
  148   3            j = 65536UL - j;
  149   3            if(COMx->UART_BRT_Use == BRT_Timer2)
  150   3            {
  151   4              T2R = 0;    //Timer stop
  152   4              S3_BRT_UseTimer2(); //S3 BRT Use Timer2;
  153   4              T2_CT = 0;  //Timer2 set As Timer
  154   4              T2x12 = 1;  //Timer2 set as 1T mode
  155   4              T2H = (u8)(j>>8);
  156   4              T2L = (u8)j;
  157   4              T2R = 1;    //Timer run enable
  158   4            }
  159   3            else
  160   3            {
  161   4              T3R = 0;    //Timer stop
  162   4              S3_BRT_UseTimer3();   //S3 BRT Use Timer3;
  163   4              T3H = (u8)(j>>8);
  164   4              T3L = (u8)j;
  165   4              T3_CT = 0;  //Timer3 set As Timer
  166   4              T3x12 = 1;  //Timer3 set as 1T mode
  167   4              T3R = 1;    //Timer run enable
  168   4            }
  169   3          }
  170   2          else  return FAIL;  //ƒ£ Ω¥ÌŒÛ
  171   2          UART3_RxEnable(COMx->UART_RxEnable);  //UARTΩ” ’ πƒ‹
  172   2      
  173   2          return SUCCESS;
  174   2        }
  175   1      #endif
  176   1      #ifdef UART4
  177   1        if(UARTx == UART4)
  178   1        {
  179   2          COM4.TX_send    = 0;
  180   2          COM4.TX_write   = 0;
  181   2          COM4.B_TX_busy  = 0;
  182   2          COM4.RX_Cnt     = 0;
  183   2          COM4.RX_TimeOut = 0;
  184   2          for(i=0; i<COM_TX4_Lenth; i++)  TX4_Buffer[i] = 0;
  185   2          for(i=0; i<COM_RX4_Lenth; i++)  RX4_Buffer[i] = 0;
  186   2      
  187   2          if((COMx->UART_Mode == UART_9bit_BRTx) || (COMx->UART_Mode == UART_8bit_BRTx))  //ø…±‰≤®Ãÿ¬ 
  188   2          {
  189   3            if(COMx->UART_Mode == UART_9bit_BRTx) S4_9bit();  //9bit
  190   3            else                  S4_8bit();  //8bit
C251 COMPILER V5.60.0,  STC32G_UART                                                        08/05/25  18:16:57  PAGE 4   

  191   3            j = (MAIN_Fosc / 4) / COMx->UART_BaudRate;  //∞¥1Tº∆À„
  192   3            if(j >= 65536UL)  return FAIL;  //¥ÌŒÛ
  193   3            j = 65536UL - j;
  194   3            if(COMx->UART_BRT_Use == BRT_Timer2)
  195   3            {
  196   4              T2R = 0;    //Timer stop
  197   4              S4_BRT_UseTimer2(); //S4 BRT Use Timer2;
  198   4              T2_CT = 0;  //Timer2 set As Timer
  199   4              T2x12 = 1;  //Timer2 set as 1T mode
  200   4              T2H = (u8)(j>>8);
  201   4              T2L = (u8)j;
  202   4              T2R = 1;    //Timer run enable
  203   4            }
  204   3            else
  205   3            {
  206   4              T4R = 0;    //Timer stop
  207   4              S4_BRT_UseTimer4();   //S4 BRT Use Timer4;
  208   4              T4H = (u8)(j>>8);
  209   4              T4L = (u8)j;
  210   4              T4_CT = 0;  //Timer4 set As Timer
  211   4              T4x12 = 1;  //Timer4 set as 1T mode
  212   4              T4R = 1;    //Timer run enable
  213   4            }
  214   3          }
  215   2          else  return FAIL;  //ƒ£ Ω¥ÌŒÛ
  216   2          UART4_RxEnable(COMx->UART_RxEnable);  //UARTΩ” ’ πƒ‹
  217   2          
  218   2          return SUCCESS;
  219   2        }
  220   1      #endif
  221   1        return FAIL;  //¥ÌŒÛ
  222   1      }
  223          
  224          /*********************************************************/
  225          
  226          /********************* UART1 ∫Ø ˝ ************************/
  227          #ifdef UART1
  228          void TX1_write2buff(u8 dat) //¥Æø⁄1∑¢ÀÕ∫Ø ˝
  229          {
  230   1          #if(UART_QUEUE_MODE == 1)
                 TX1_Buffer[COM1.TX_write] = dat;  //◊∞∑¢ÀÕª∫≥Â£¨ π”√∂”¡– Ω ˝æ›∑¢ÀÕ£¨“ª¥Œ–‘∑¢ÀÕ ˝æ›≥§∂»≤ª“™≥¨π˝ª∫≥Â«¯¥Û–°£
             -®COM_TXn_Lenth£©
                 if(++COM1.TX_write >= COM_TX1_Lenth)  COM1.TX_write = 0;
               
                 if(COM1.B_TX_busy == 0)   //ø’œ–
                 {  
                   COM1.B_TX_busy = 1;   //±Í÷æ√¶
                   TI = 1;         //¥•∑¢∑¢ÀÕ÷–∂œ
                 }
                   #else
  240   1          //“‘œ¬ «◊Ë»˚∑Ω Ω∑¢ÀÕ∑Ω∑®
  241   1        SBUF = dat;
  242   1        COM1.B_TX_busy = 1;   //±Í÷æ√¶
  243   1        while(COM1.B_TX_busy);
  244   1          #endif
  245   1      }
  246          
  247          void PrintString1(u8 *puts)
  248          {
  249   1          for (; *puts != 0;  puts++)  TX1_write2buff(*puts);   //”ˆµΩÕ£÷π∑˚0Ω· ¯
  250   1      }
  251          
  252          #endif
  253          
  254          /********************* UART2 ∫Ø ˝ ************************/
  255          #ifdef UART2
C251 COMPILER V5.60.0,  STC32G_UART                                                        08/05/25  18:16:57  PAGE 5   

  256          void TX2_write2buff(u8 dat) //¥Æø⁄2∑¢ÀÕ∫Ø ˝
  257          {
  258   1          #if(UART_QUEUE_MODE == 1)
                 TX2_Buffer[COM2.TX_write] = dat;  //◊∞∑¢ÀÕª∫≥Â£¨ π”√∂”¡– Ω ˝æ›∑¢ÀÕ£¨“ª¥Œ–‘∑¢ÀÕ ˝æ›≥§∂»≤ª“™≥¨π˝ª∫≥Â«¯¥Û–°£
             -®COM_TXn_Lenth£©
                 if(++COM2.TX_write >= COM_TX2_Lenth)  COM2.TX_write = 0;
               
                 if(COM2.B_TX_busy == 0)   //ø’œ–
                 {  
                   COM2.B_TX_busy = 1;   //±Í÷æ√¶
                   S2TI = 1;       //¥•∑¢∑¢ÀÕ÷–∂œ
                 }
                   #else
  268   1          //“‘œ¬ «◊Ë»˚∑Ω Ω∑¢ÀÕ∑Ω∑®
  269   1        S2BUF = dat;
  270   1        COM2.B_TX_busy = 1;   //±Í÷æ√¶
  271   1        while(COM2.B_TX_busy);
  272   1          #endif
  273   1      }
  274          
  275          void PrintString2(u8 *puts)
  276          {
  277   1          for (; *puts != 0;  puts++)  TX2_write2buff(*puts);   //”ˆµΩÕ£÷π∑˚0Ω· ¯
  278   1      }
  279          
  280          #endif
  281          
  282          /********************* UART3 ∫Ø ˝ ************************/
  283          #ifdef UART3
  284          void TX3_write2buff(u8 dat) //¥Æø⁄3∑¢ÀÕ∫Ø ˝
  285          {
  286   1          #if(UART_QUEUE_MODE == 1)
                 TX3_Buffer[COM3.TX_write] = dat;  //◊∞∑¢ÀÕª∫≥Â£¨ π”√∂”¡– Ω ˝æ›∑¢ÀÕ£¨“ª¥Œ–‘∑¢ÀÕ ˝æ›≥§∂»≤ª“™≥¨π˝ª∫≥Â«¯¥Û–°£
             -®COM_TXn_Lenth£©
                 if(++COM3.TX_write >= COM_TX3_Lenth)  COM3.TX_write = 0;
               
                 if(COM3.B_TX_busy == 0)   //ø’œ–
                 {  
                   COM3.B_TX_busy = 1;   //±Í÷æ√¶
                   S3TI = 1;       //¥•∑¢∑¢ÀÕ÷–∂œ
                 }
                   #else
  296   1          //“‘œ¬ «◊Ë»˚∑Ω Ω∑¢ÀÕ∑Ω∑®
  297   1        S3BUF = dat;
  298   1        COM3.B_TX_busy = 1;   //±Í÷æ√¶
  299   1        while(COM3.B_TX_busy);
  300   1          #endif
  301   1      }
  302          
  303          void PrintString3(u8 *puts)
  304          {
  305   1          for (; *puts != 0;  puts++)  TX3_write2buff(*puts);   //”ˆµΩÕ£÷π∑˚0Ω· ¯
  306   1      }
  307          
  308          #endif
  309          
  310          /********************* UART4 ∫Ø ˝ ************************/
  311          #ifdef UART4
  312          void TX4_write2buff(u8 dat) //¥Æø⁄4∑¢ÀÕ∫Ø ˝
  313          {
  314   1          #if(UART_QUEUE_MODE == 1)
                 TX4_Buffer[COM4.TX_write] = dat;  //◊∞∑¢ÀÕª∫≥Â£¨ π”√∂”¡– Ω ˝æ›∑¢ÀÕ£¨“ª¥Œ–‘∑¢ÀÕ ˝æ›≥§∂»≤ª“™≥¨π˝ª∫≥Â«¯¥Û–°£
             -®COM_TXn_Lenth£©
                 if(++COM4.TX_write >= COM_TX4_Lenth)  COM4.TX_write = 0;
               
                 if(COM4.B_TX_busy == 0)   //ø’œ–
C251 COMPILER V5.60.0,  STC32G_UART                                                        08/05/25  18:16:57  PAGE 6   

                 {  
                   COM4.B_TX_busy = 1;   //±Í÷æ√¶
                   S4TI = 1;       //¥•∑¢∑¢ÀÕ÷–∂œ
                 }
                   #else
  324   1          //“‘œ¬ «◊Ë»˚∑Ω Ω∑¢ÀÕ∑Ω∑®
  325   1        S4BUF = dat;
  326   1        COM4.B_TX_busy = 1;   //±Í÷æ√¶
  327   1        while(COM4.B_TX_busy);
  328   1          #endif
  329   1      }
  330          
  331          void PrintString4(u8 *puts)
  332          {
  333   1          for (; *puts != 0;  puts++)  TX4_write2buff(*puts);   //”ˆµΩÕ£÷π∑˚0Ω· ¯
  334   1      }
  335          
  336          #endif
  337          
  338          /*********************************************************/
  339          /*
  340          void COMx_write2buff(u8 UARTx, u8 dat)  //UART1/UART2/UART3/UART4
  341          {
  342            if(UARTx == UART1)  TX1_write2buff(dat);
  343            if(UARTx == UART2)  TX2_write2buff(dat);
  344            if(UARTx == UART3)  TX3_write2buff(dat);
  345            if(UARTx == UART4)  TX4_write2buff(dat);
  346          }
  347          
  348          void PrintString(u8 UARTx, u8 *puts)
  349          {
  350              for (; *puts != 0;  puts++)  COMx_write2buff(UARTx,*puts);  //”ˆµΩÕ£÷π∑˚0Ω· ¯
  351          }
  352          */
  353          
  354          /********************* Printf ∫Ø ˝ ************************/
  355          #if(PRINTF_SELECT == 1)
               
               char putchar(char c)
               {
                 TX1_write2buff(c);
                 return c;
               }
               
               #elif(PRINTF_SELECT == 2)
  364          
  365          char putchar(char c)
  366          {
  367   1        TX2_write2buff(c);
  368   1        return c;
  369   1      }
  370          
  371          #elif(PRINTF_SELECT == 3)
               
               char putchar(char c)
               {
                 TX3_write2buff(c);
                 return c;
               }
               
               #elif(PRINTF_SELECT == 4)
               
               char putchar(char c)
               {
                 TX4_write2buff(c);
                 return c;
C251 COMPILER V5.60.0,  STC32G_UART                                                        08/05/25  18:16:57  PAGE 7   

               }
               
               #endif


Module Information          Static   Overlayable
------------------------------------------------
  code size            =       996     ------
  ecode size           =    ------     ------
  data size            =    ------     ------
  idata size           =    ------     ------
  pdata size           =    ------     ------
  xdata size           =    ------     ------
  xdata-const size     =    ------     ------
  edata size           =       788     ------
  bit size             =    ------     ------
  ebit size            =    ------     ------
  bitaddressable size  =    ------     ------
  ebitaddressable size =    ------     ------
  far data size        =    ------     ------
  huge data size       =    ------     ------
  const size           =    ------     ------
  hconst size          =    ------     ------
End of Module Information.


C251 COMPILATION COMPLETE.  0 WARNING(S),  0 ERROR(S)
