C251 COMPILER V5.60.0,  adc_drive                                                          07/08/26  17:10:51  PAGE 1   


C251 COMPILER V5.60.0, COMPILATION OF MODULE adc_drive
OBJECT MODULE PLACED IN .\Objects\adc_drive.obj
COMPILER INVOKED BY: C:\Keil_v5\C251\BIN\C251.EXE ..\Driver\adc_drive.c XSMALL INTR2 FLOAT64 BROWSE INCDIR(..\App;..\Bsp
                    -;..\Driver;..\Library;..\Tool) DEBUG PRINT(.\Listings\adc_drive.lst) OBJECT(.\Objects\adc_drive.obj) 

stmt  level    source

    1          #include "adc_drive.h"
    2          
    3          #include "STC32G_ADC.h"
    4          #include "STC32G_GPIO.h"
    5          
    6          void adc_init(ADC_Handle_t *hadc, u8 channel, float vref)
    7          {
    8   1          ADC_InitTypeDef ADC_InitSruct;
    9   1      
   10   1          if (!hadc)
   11   1              return;
   12   1      
   13   1          switch (channel) // 选择通道 STC32G12K128
   14   1          {
   15   2          case 0:
   16   2              P1_MODE_IN_HIZ(1 << 0);
   17   2              break;
   18   2          case 1:
   19   2              P1_MODE_IN_HIZ(1 << 1);
   20   2              break;
   21   2          case 2:
   22   2              P1_MODE_IN_HIZ(1 << 2);
   23   2              break;
   24   2          case 3:
   25   2              P1_MODE_IN_HIZ(1 << 3);
   26   2              break;
   27   2          case 4:
   28   2              P1_MODE_IN_HIZ(1 << 4);
   29   2              break;
   30   2          case 5:
   31   2              P1_MODE_IN_HIZ(1 << 5);
   32   2              break;
   33   2          case 6:
   34   2              P1_MODE_IN_HIZ(1 << 6);
   35   2              break;
   36   2          case 7:
   37   2              P1_MODE_IN_HIZ(1 << 7);
   38   2              break;
   39   2          case 8:
   40   2              P0_MODE_IN_HIZ(1 << 0);
   41   2              break;
   42   2          case 9:
   43   2              P0_MODE_IN_HIZ(1 << 1);
   44   2              break;
   45   2          case 10:
   46   2              P0_MODE_IN_HIZ(1 << 2);
   47   2              break;
   48   2          case 11:
   49   2              P0_MODE_IN_HIZ(1 << 3);
   50   2              break;
   51   2          case 12:
   52   2              P0_MODE_IN_HIZ(1 << 4);
   53   2              break;
   54   2          case 13:
   55   2              P0_MODE_IN_HIZ(1 << 5);
   56   2              break;
   57   2          case 14:
   58   2              P0_MODE_IN_HIZ(1 << 6);
C251 COMPILER V5.60.0,  adc_drive                                                          07/08/26  17:10:51  PAGE 2   

   59   2              break;
   60   2          case 15:
   61   2              // 内部1.19V参考电压
   62   2              break;
   63   2          default:
   64   2              return;
   65   2          }
   66   1      
   67   1          ADC_InitSruct.ADC_SMPduty = 31;
   68   1          ADC_InitSruct.ADC_Speed = ADC_SPEED_2X16T;
   69   1          ADC_InitSruct.ADC_AdjResult = ADC_LEFT_JUSTIFIED;
   70   1          ADC_InitSruct.ADC_CsSetup = 0;
   71   1          ADC_InitSruct.ADC_CsHold = 1;
   72   1      
   73   1          ADC_Inilize(&ADC_InitSruct);
   74   1          ADC_PowerControl(ENABLE);
   75   1      
   76   1          hadc->raw = 0;
   77   1          hadc->voltage = 0.0f;
   78   1          hadc->vref = vref;
   79   1          hadc->channel = channel;
   80   1      }
   81          
   82          float adc_get(ADC_Handle_t *hadc)
   83          {
   84   1          if (!hadc)
   85   1              return -1.0f;
   86   1      
   87   1          hadc->raw = Get_ADCResult(hadc->channel);
   88   1          hadc->voltage = (float)hadc->raw * hadc->vref / MAX_ADC_RES;
   89   1          return hadc->voltage;
   90   1      }


Module Information          Static   Overlayable
------------------------------------------------
  code size            =       361     ------
  ecode size           =    ------     ------
  data size            =    ------     ------
  idata size           =    ------     ------
  pdata size           =    ------     ------
  xdata size           =    ------     ------
  xdata-const size     =    ------     ------
  edata size           =    ------         10
  bit size             =    ------     ------
  ebit size            =    ------     ------
  bitaddressable size  =    ------     ------
  ebitaddressable size =    ------     ------
  far data size        =    ------     ------
  huge data size       =    ------     ------
  const size           =    ------     ------
  hconst size          =    ------     ------
End of Module Information.


C251 COMPILATION COMPLETE.  0 WARNING(S),  0 ERROR(S)
