C251 COMPILER V5.60.0,  bsp_ntc_10k_b3950                                                  10/08/26  09:24:44  PAGE 1   


C251 COMPILER V5.60.0, COMPILATION OF MODULE bsp_ntc_10k_b3950
OBJECT MODULE PLACED IN .\Objects\bsp_ntc_10k_b3950.obj
COMPILER INVOKED BY: C:\Keil_v5\C251\BIN\C251.EXE ..\Bsp\bsp_ntc_10k_b3950.c XSMALL INTR2 BROWSE INCDIR(..\App;..\Bsp;..
                    -\Driver;..\Library;..\Tool) DEBUG PRINT(.\Listings\bsp_ntc_10k_b3950.lst) OBJECT(.\Objects\bsp_ntc_10k_b3950.obj) 

stmt  level    source

    1          #include "bsp_ntc_10k_b3950.h"
    2          
    3          #define TEMP_MIN -40
    4          #define TEMP_MAX 200
    5          #define TABLE_SIZE 241
    6          
    7          // ADC 值对应温度 -40°C 到 200°C（每 1°C 一个点）
    8          // Vref 3.3V,Vntc 1.65V
    9          const u16 adc_table[241] = {
   10              4037, 4033, 4029, 4024, 4020, 4015, 4010, 4004, 3999, 3993, // -40~-31
   11              3986, 3980, 3973, 3966, 3958, 3950, 3942, 3933, 3924, 3915, // -30~-21
   12              3905, 3894, 3884, 3873, 3861, 3849, 3837, 3824, 3810, 3797, // -20~-11
   13              3782, 3768, 3753, 3737, 3721, 3704, 3688, 3670, 3652, 3634, // -10~-1
   14              3616, 3597, 3577, 3558, 3537, 3517, 3496, 3475, 3454, 3432, // 0~9
   15              3411, 3389, 3366, 3344, 3321, 3299, 3276, 3253, 3230, 3207, // 10~19
   16              3185, 3162, 3139, 3116, 3093, 3071, 3048, 3026, 3004, 2982, // 20~29
   17              2960, 2939, 2917, 2896, 2876, 2855, 2835, 2815, 2796, 2776, // 30~39
   18              2757, 2739, 2721, 2703, 2685, 2668, 2651, 2635, 2619, 2603, // 40~49
   19              2588, 2573, 2558, 2544, 2530, 2516, 2503, 2490, 2477, 2465, // 50~59
   20              2453, 2441, 2430, 2419, 2408, 2398, 2388, 2378, 2368, 2359, // 60~69
   21              2350, 2341, 2333, 2325, 2317, 2309, 2301, 2294, 2287, 2280, // 70~79
   22              2273, 2267, 2260, 2254, 2249, 2243, 2237, 2232, 2227, 2222, // 80~89
   23              2217, 2212, 2207, 2203, 2198, 2194, 2190, 2186, 2182, 2179, // 90~99
   24              2175, 2172, 2168, 2165, 2162, 2159, 2156, 2153, 2150, 2147, // 100~109
   25              2145, 2142, 2139, 2137, 2135, 2132, 2130, 2128, 2126, 2124, // 110~119
   26              2122, 2120, 2118, 2116, 2115, 2113, 2111, 2110, 2108, 2106, // 120~129
   27              2105, 2104, 2102, 2101, 2100, 2098, 2097, 2096, 2095, 2094, // 130~139
   28              2092, 2091, 2090, 2089, 2088, 2087, 2086, 2086, 2085, 2084, // 140~149
   29              2083, 2082, 2081, 2081, 2080, 2079, 2078, 2078, 2077, 2076, // 150~159
   30              2076, 2075, 2074, 2074, 2073, 2073, 2072, 2072, 2071, 2071, // 160~169
   31              2070, 2070, 2069, 2069, 2068, 2068, 2067, 2067, 2066, 2066, // 170~179
   32              2066, 2065, 2065, 2065, 2064, 2064, 2064, 2063, 2063, 2063, // 180~189
   33              2062, 2062, 2062, 2061, 2061, 2061, 2061, 2060, 2060, 2060, // 190~199
   34              2060                                                          // 200
   35          };
   36          
   37          
   38          void bsp_ntc_10k_b3950_init(void)
   39          {
   40   1      
   41   1      }
   42          
   43          float bsp_ntc_10k_b3950_temperature_get(u16 adc_value)
   44          {
   45   1          int i;
   46   1          float ntc_temp;
   47   1      
   48   1          if (adc_value >= adc_table[0])
   49   1          {
   50   2              return TEMP_MIN;
   51   2          }
   52   1          if (adc_value <= adc_table[TABLE_SIZE - 1])
   53   1          {
   54   2              return TEMP_MAX;
   55   2          }
   56   1      
   57   1          for (i = 0; i < TABLE_SIZE - 1; i++)
   58   1          {
C251 COMPILER V5.60.0,  bsp_ntc_10k_b3950                                                  10/08/26  09:24:44  PAGE 2   

   59   2              if (adc_value <= adc_table[i] && adc_value >= adc_table[i + 1])
   60   2              {
   61   3                  break;
   62   3              }
   63   2          }
   64   1      
   65   1          ntc_temp = (TEMP_MIN + i) +
   66   1                 (float)(adc_table[i] - adc_value) / (adc_table[i] - adc_table[i + 1]);
   67   1      
   68   1          return ntc_temp;
   69   1      }


Module Information          Static   Overlayable
------------------------------------------------
  code size            =       168     ------
  ecode size           =    ------     ------
  data size            =    ------     ------
  idata size           =    ------     ------
  pdata size           =    ------     ------
  xdata size           =    ------     ------
  xdata-const size     =    ------     ------
  edata size           =    ------     ------
  bit size             =    ------     ------
  ebit size            =    ------     ------
  bitaddressable size  =    ------     ------
  ebitaddressable size =    ------     ------
  far data size        =    ------     ------
  huge data size       =    ------     ------
  const size           =    ------     ------
  hconst size          =       482     ------
End of Module Information.


C251 COMPILATION COMPLETE.  0 WARNING(S),  0 ERROR(S)
