C251 COMPILER V5.60.0,  bsp_max30102                                                       07/08/26  17:10:45  PAGE 1   


C251 COMPILER V5.60.0, COMPILATION OF MODULE bsp_max30102
OBJECT MODULE PLACED IN .\Objects\bsp_max30102.obj
COMPILER INVOKED BY: C:\Keil_v5\C251\BIN\C251.EXE ..\Bsp\bsp_max30102.c XSMALL INTR2 FLOAT64 BROWSE INCDIR(..\App;..\Bsp
                    -;..\Driver;..\Library;..\Tool) DEBUG PRINT(.\Listings\bsp_max30102.lst) OBJECT(.\Objects\bsp_max30102.obj) 

stmt  level    source

    1          #include "bsp_max30102.h"
    2          
    3          #include "sw_iic_drive.h"
    4          #include "STC32G_Delay.h"
    5          
    6          // 传感器初始化标志
    7          static uint8 g_max30102_inited = 0;
    8          
    9          // 内部I2C读写函数 — 均返回 soft_iic 的 ACK 状态（0=成功, 非0=失败）
   10          static uint8 max30102_readBytes(uint8 reg_addr, uint8 *buf, uint8 len)
   11          {
   12   1          return soft_iic_read(MAX30102_I2C_ADDRESS, reg_addr, buf, len);
   13   1      }
   14          
   15          static uint8 max30102_writeByte(uint8 reg_addr, uint8 dat)
   16          {
   17   1          return soft_iic_write(MAX30102_I2C_ADDRESS, reg_addr, &dat, 1);
   18   1      }
   19          
   20          /**
   21           * @brief 初始化MAX30102
   22           * @return 0-成功, 非0-失败
   23           */
   24          uint8 max30102_init(void)
   25          {
   26   1          uint8 res, part_id, prev, tmp;
   27   1      
   28   1          soft_i2c_init();
   29   1          // 检查器件ID
   30   1          res = max30102_readBytes(MAX30102_REG_PART_ID, &part_id, 1);
   31   1          if (res != 0 || part_id != 0x15)
   32   1          {
   33   2              return 1; // ID错误
   34   2          }
   35   1      
   36   1          // 软复位 (置位RST位)
   37   1          res = max30102_readBytes(MAX30102_REG_MODE_CONFIG, &prev, 1);
   38   1          if (res != 0)
   39   1              return 2;
   40   1          prev |= (1 << 6); // 设置RST位
   41   1          res = max30102_writeByte(MAX30102_REG_MODE_CONFIG, prev);
   42   1          if (res != 0)
   43   1              return 2;
   44   1          delay_ms(10); // 等待复位完成
   45   1      
   46   1          // 配置传感器工作模式、采样率、设置LED电流等
   47   1          // 例如: 采样率、使能中断等
   48   1          res = max30102_writeByte(MAX30102_REG_INTERRUPT_ENABLE_1, 0xE0);
   49   1          if (res != 0)
   50   1              return 3;
   51   1          res = max30102_writeByte(MAX30102_REG_INTERRUPT_ENABLE_2, 0x02);
   52   1          if (res != 0)
   53   1              return 4;
   54   1      
   55   1          // 复位FIFO (将读/写指针和溢出计数器清零)
   56   1          prev = 0x00;
   57   1          res = max30102_writeByte(MAX30102_REG_FIFO_READ_POINTER, prev);
   58   1          if (res != 0)
C251 COMPILER V5.60.0,  bsp_max30102                                                       07/08/26  17:10:45  PAGE 2   

   59   1              return 5;
   60   1          res = max30102_writeByte(MAX30102_REG_FIFO_WRITE_POINTER, prev);
   61   1          if (res != 0)
   62   1              return 5;
   63   1          res = max30102_writeByte(MAX30102_REG_OVERFLOW_COUNTER, prev);
   64   1          if (res != 0)
   65   1              return 5;
   66   1      
   67   1          res = max30102_writeByte(MAX30102_REG_FIFO_CONFIG, 0x0F);
   68   1          if (res != 0)
   69   1              return 6;
   70   1      
   71   1          res = max30102_writeByte(MAX30102_REG_MODE_CONFIG, MAX30102_MODE_SPO2);
   72   1          if (res != 0)
   73   1              return 7;
   74   1      
   75   1          // SpO2 configuration:ACD resolution:15.63pA,sample rate control: 50Hz, LED pulse width:215 us
   76   1          res = max30102_writeByte(MAX30102_REG_SPO2_CONFIG, 0x23);
   77   1          if (res != 0)
   78   1              return 8;
   79   1      
   80   1          res = max30102_writeByte(MAX30102_REG_LED_PULSE_1, 0x3F);
   81   1          if (res != 0)
   82   1              return 9;
   83   1          res = max30102_writeByte(MAX30102_REG_LED_PULSE_2, 0x3F);
   84   1          if (res != 0)
   85   1              return 9;
   86   1          res = max30102_writeByte(MAX30102_REG_PILOT_LED_PULSE, 0x7f);
   87   1          if (res != 0)
   88   1              return 9;
   89   1      
   90   1          res = max30102_writeByte(MAX30102_REG_DIE_TEMP_CONFIG, 0x01); // temperture
   91   1          if (res != 0)
   92   1              return 10;
   93   1      
   94   1          // 清除任何挂起的中断
   95   1          max30102_readBytes(MAX30102_REG_INTERRUPT_STATUS_1, &tmp, 1);
   96   1          max30102_readBytes(MAX30102_REG_INTERRUPT_STATUS_2, &tmp, 1);
   97   1      
   98   1          g_max30102_inited = 1;
   99   1          return 0;
  100   1      }
  101          
  102          /**
  103           * @brief 从FIFO读取数据
  104           * @param raw_red [out] 红外通道原始值
  105           * @param raw_ir  [out] 红光通道原始值
  106           * @note 等待 PPG_RDY 位就绪，带超时保护；超时则保持上次值不变
  107           */
  108          void max30102_readFIFO(uint32 *raw_red, uint32 *raw_ir)
  109          {
  110   1          u8 receive_data[6] = {0};
  111   1          u8 temp_data = 0;
  112   1          u32 dat[2];
  113   1          u32 timeout = 3;
  114   1          u8 fifo_ready = 0;
  115   1      
  116   1          if (!raw_red || !raw_ir)
  117   1              return;
  118   1      
  119   1          /* 等待 FIFO 数据就绪（PPG_RDY 位），带超时 */
  120   1          do
  121   1          {
  122   2              max30102_readBytes(MAX30102_REG_INTERRUPT_STATUS_1, &temp_data, 1);
  123   2              if ((temp_data & 0x40) == 0x40)
  124   2              {
C251 COMPILER V5.60.0,  bsp_max30102                                                       07/08/26  17:10:45  PAGE 3   

  125   3                  fifo_ready = 1;
  126   3                  break;
  127   3              }
  128   2              // 超时则放弃本次读取
  129   2              if (--timeout == 0)
  130   2                  break;
  131   2          } while (1);
  132   1      
  133   1          if (!fifo_ready)
  134   1              return; // FIFO 无有效数据，保持上次值
  135   1      
  136   1          max30102_readBytes(MAX30102_REG_FIFO_DATA_REGISTER, receive_data, 6);
  137   1          dat[0] = ((receive_data[0] << 16) |
  138   1                    (receive_data[1] << 8) |
  139   1                    receive_data[2]) &
  140   1                   0x03FFFF;
  141   1      
  142   1          dat[1] = ((receive_data[3] << 16) |
  143   1                    (receive_data[4] << 8) |
  144   1                    receive_data[5]) &
  145   1                   0x03FFFF;
  146   1          *raw_red = dat[0];
  147   1          *raw_ir = dat[1];
  148   1      }


Module Information          Static   Overlayable
------------------------------------------------
  code size            =       498     ------
  ecode size           =    ------     ------
  data size            =    ------     ------
  idata size           =    ------     ------
  pdata size           =    ------     ------
  xdata size           =    ------     ------
  xdata-const size     =    ------     ------
  edata size           =         1         28
  bit size             =    ------     ------
  ebit size            =    ------     ------
  bitaddressable size  =    ------     ------
  ebitaddressable size =    ------     ------
  far data size        =    ------     ------
  huge data size       =    ------     ------
  const size           =    ------     ------
  hconst size          =        11     ------
End of Module Information.


C251 COMPILATION COMPLETE.  0 WARNING(S),  0 ERROR(S)
