C251 COMPILER V5.60.0,  bsp_ds18b20                                                        07/08/26  17:10:45  PAGE 1   


C251 COMPILER V5.60.0, COMPILATION OF MODULE bsp_ds18b20
OBJECT MODULE PLACED IN .\Objects\bsp_ds18b20.obj
COMPILER INVOKED BY: C:\Keil_v5\C251\BIN\C251.EXE ..\Bsp\bsp_ds18b20.c XSMALL INTR2 FLOAT64 BROWSE INCDIR(..\App;..\Bsp;
                    -..\Driver;..\Library;..\Tool) DEBUG PRINT(.\Listings\bsp_ds18b20.lst) OBJECT(.\Objects\bsp_ds18b20.obj) 

stmt  level    source

    1          /**
    2           * @file    bsp_ds18b20.c
    3           * @brief   DS18B20 数字温度传感器驱动（1-Wire 解耦实现）
    4           * @note    通过头文件宏定义即可切换 GPIO 引脚
    5           *          STC32G @ 24MHz
    6           */
    7          
    8          #include "bsp_ds18b20.h"
    9          
   10          #include "stc32g.h"
   11          #include "STC32G_GPIO.h"
   12          #include "STC32G_Delay.h"
   13          
   14          /* ============================================================
   15           * 1-Wire 底层宏（依赖头文件中的 DS18B20_DQ_PORT / DS18B20_DQ_PIN_MASK）
   16           *
   17           * 使用 STC32G_GPIO 库宏操作 GPIO 模式
   18           * 注意：#if 分支使用数字常量 DS18B20_DQ_PORT_NUM（0~7），
   19           *       因为 P0~P7 是 sfr 声明，预处理器无法求值。
   20           * ============================================================ */
   21          #define DQ_HIGH() (DS18B20_DQ_PORT |= (DS18B20_DQ_PIN_MASK))
   22          #define DQ_LOW() (DS18B20_DQ_PORT &= ~(DS18B20_DQ_PIN_MASK))
   23          #define DQ_READ (DS18B20_DQ_PORT & (DS18B20_DQ_PIN_MASK))
   24          
   25          /* GPIO 模式切换宏：用数字端口编号做预处理器分支 */
   26          #if DS18B20_DQ_PORT_NUM == 0
               #define DQ_OUT() P0_MODE_OUT_PP(DS18B20_DQ_PIN_MASK)
               #define DQ_IN() P0_MODE_IN_HIZ(DS18B20_DQ_PIN_MASK)
               #define DQ_INIT()                                \
                   {                                            \
                       P0_MODE_IO_PU(DS18B20_DQ_PIN_MASK);      \
                       P0_PULL_UP_ENABLE(DS18B20_DQ_PIN_MASK);  \
                       P0_DIGIT_IN_ENABLE(DS18B20_DQ_PIN_MASK); \
                   }
               #elif DS18B20_DQ_PORT_NUM == 1
   36          #define DQ_OUT() P1_MODE_OUT_PP(DS18B20_DQ_PIN_MASK)
   37          #define DQ_IN() P1_MODE_IN_HIZ(DS18B20_DQ_PIN_MASK)
   38          #define DQ_INIT()                                \
   39              {                                            \
   40                  P1_MODE_IO_PU(DS18B20_DQ_PIN_MASK);      \
   41                  P1_PULL_UP_ENABLE(DS18B20_DQ_PIN_MASK);  \
   42                  P1_DIGIT_IN_ENABLE(DS18B20_DQ_PIN_MASK); \
   43              }
   44          #elif DS18B20_DQ_PORT_NUM == 2
               #define DQ_OUT() P2_MODE_OUT_PP(DS18B20_DQ_PIN_MASK)
               #define DQ_IN() P2_MODE_IN_HIZ(DS18B20_DQ_PIN_MASK)
               #define DQ_INIT()                                \
                   {                                            \
                       P2_MODE_IO_PU(DS18B20_DQ_PIN_MASK);      \
                       P2_PULL_UP_ENABLE(DS18B20_DQ_PIN_MASK);  \
                       P2_DIGIT_IN_ENABLE(DS18B20_DQ_PIN_MASK); \
                   }
               #elif DS18B20_DQ_PORT_NUM == 3
               #define DQ_OUT() P3_MODE_OUT_PP(DS18B20_DQ_PIN_MASK)
               #define DQ_IN() P3_MODE_IN_HIZ(DS18B20_DQ_PIN_MASK)
               #define DQ_INIT()                                \
                   {                                            \
                       P3_MODE_IO_PU(DS18B20_DQ_PIN_MASK);      \
C251 COMPILER V5.60.0,  bsp_ds18b20                                                        07/08/26  17:10:45  PAGE 2   

                       P3_PULL_UP_ENABLE(DS18B20_DQ_PIN_MASK);  \
                       P3_DIGIT_IN_ENABLE(DS18B20_DQ_PIN_MASK); \
                   }
               #elif DS18B20_DQ_PORT_NUM == 4
               #define DQ_OUT() P4_MODE_OUT_PP(DS18B20_DQ_PIN_MASK)
               #define DQ_IN() P4_MODE_IN_HIZ(DS18B20_DQ_PIN_MASK)
               #define DQ_INIT()                                \
                   {                                            \
                       P4_MODE_IO_PU(DS18B20_DQ_PIN_MASK);      \
                       P4_PULL_UP_ENABLE(DS18B20_DQ_PIN_MASK);  \
                       P4_DIGIT_IN_ENABLE(DS18B20_DQ_PIN_MASK); \
                   }
               #elif DS18B20_DQ_PORT_NUM == 5
               #define DQ_OUT() P5_MODE_OUT_PP(DS18B20_DQ_PIN_MASK)
               #define DQ_IN() P5_MODE_IN_HIZ(DS18B20_DQ_PIN_MASK)
               #define DQ_INIT()                                \
                   {                                            \
                       P5_MODE_IO_PU(DS18B20_DQ_PIN_MASK);      \
                       P5_PULL_UP_ENABLE(DS18B20_DQ_PIN_MASK);  \
                       P5_DIGIT_IN_ENABLE(DS18B20_DQ_PIN_MASK); \
                   }
               #elif DS18B20_DQ_PORT_NUM == 6
               #define DQ_OUT() P6_MODE_OUT_PP(DS18B20_DQ_PIN_MASK)
               #define DQ_IN() P6_MODE_IN_HIZ(DS18B20_DQ_PIN_MASK)
               #define DQ_INIT()                                \
                   {                                            \
                       P6_MODE_IO_PU(DS18B20_DQ_PIN_MASK);      \
                       P6_PULL_UP_ENABLE(DS18B20_DQ_PIN_MASK);  \
                       P6_DIGIT_IN_ENABLE(DS18B20_DQ_PIN_MASK); \
                   }
               #elif DS18B20_DQ_PORT_NUM == 7
               #define DQ_OUT() P7_MODE_OUT_PP(DS18B20_DQ_PIN_MASK)
               #define DQ_IN() P7_MODE_IN_HIZ(DS18B20_DQ_PIN_MASK)
               #define DQ_INIT()                                \
                   {                                            \
                       P7_MODE_IO_PU(DS18B20_DQ_PIN_MASK);      \
                       P7_PULL_UP_ENABLE(DS18B20_DQ_PIN_MASK);  \
                       P7_DIGIT_IN_ENABLE(DS18B20_DQ_PIN_MASK); \
                   }
               #else
               #error "DS18B20_DQ_PORT_NUM: unsupported port number (supported: 0~7)"
               #endif
  101          
  102          /* ============================================================
  103           * 1-Wire 精确延时（基于 STC32G_Delay.h 中的 delay_us）
  104           * ============================================================ */
  105          
  106          /* 约 1μs 短延时 */
  107          #define ow_delay_1us() delay_us(1)
  108          /* 约 15μs 延时 */
  109          #define ow_delay_15us() delay_us(15)
  110          /* 约 45μs 延时 */
  111          #define ow_delay_45us() delay_us(45)
  112          /* 约 60μs 延时 */
  113          #define ow_delay_60us() delay_us(60)
  114          /* 约 480μs 延时 */
  115          #define ow_delay_480us() delay_us(480)
  116          
  117          /* ============================================================
  118           * 1-Wire 总线复位 & 存在脉冲检测
  119           * ============================================================ */
  120          static u8 ow_reset(void)
  121          {
  122   1          u8 presence;
  123   1      
  124   1          DQ_OUT();
C251 COMPILER V5.60.0,  bsp_ds18b20                                                        07/08/26  17:10:45  PAGE 3   

  125   1          DQ_LOW();
  126   1          ow_delay_480us(); /* 拉低 480μs */
  127   1          DQ_HIGH();
  128   1          ow_delay_60us(); /* 释放总线 60μs */
  129   1      
  130   1          DQ_IN();
  131   1          presence = (DQ_READ == 0) ? 1 : 0; /* 0 = 器件应答（拉低） */
  132   1          ow_delay_480us();                  /* 等待完整复位时序结束 */
  133   1      
  134   1          return presence; /* 返回 1 = 检测到器件, 0 = 无器件 */
  135   1      }
  136          
  137          /* ============================================================
  138           * 1-Wire 位读写
  139           * ============================================================ */
  140          
  141          /* 向总线写入 1 bit */
  142          static void ow_write_bit(bit b)
  143          {
  144   1          DQ_OUT();
  145   1          DQ_LOW();
  146   1          ow_delay_1us(); /* 拉低 >1μs 表示写时序开始 */
  147   1      
  148   1          if (b)
  149   1              DQ_HIGH(); /* 写 1: 立即释放总线 */
  150   1      
  151   1          ow_delay_60us(); /* 主机至少保持/释放 60μs */
  152   1          DQ_HIGH();
  153   1          ow_delay_1us(); /* 恢复间隔 >1μs */
  154   1      }
  155          
  156          /* 从总线读取 1 bit */
  157          static bit ow_read_bit(void)
  158          {
  159   1          bit b;
  160   1      
  161   1          DQ_OUT();
  162   1          DQ_LOW();
  163   1          ow_delay_1us(); /* 拉低 >1μs 表示读时序开始 */
  164   1          DQ_HIGH();
  165   1          ow_delay_1us(); /* 释放总线等待器件驱动 */
  166   1      
  167   1          DQ_IN();
  168   1          ow_delay_15us(); /* 15μs 内采样 */
  169   1          b = (DQ_READ != 0) ? 1 : 0;
  170   1          ow_delay_45us(); /* 等待完整读时序结束 */
  171   1      
  172   1          return b;
  173   1      }
  174          
  175          /* ============================================================
  176           * 1-Wire 字节读写
  177           * ============================================================ */
  178          
  179          static void ow_write_byte(u8 byte)
  180          {
  181   1          u8 i;
  182   1          for (i = 0; i < 8; i++)
  183   1          {
  184   2              ow_write_bit(byte & 0x01);
  185   2              byte >>= 1;
  186   2          }
  187   1      }
  188          
  189          static u8 ow_read_byte(void)
  190          {
C251 COMPILER V5.60.0,  bsp_ds18b20                                                        07/08/26  17:10:45  PAGE 4   

  191   1          u8 i, byte = 0;
  192   1          for (i = 0; i < 8; i++)
  193   1          {
  194   2              if (ow_read_bit())
  195   2                  byte |= (1 << i);
  196   2          }
  197   1          return byte;
  198   1      }
  199          
  200          /* ============================================================
  201           * DS18B20 CRC8 校验（Dallas CRC-8: x^8 + x^5 + x^4 + 1）
  202           * ============================================================ */
  203          static u8 ds18b20_crc8(const u8 *dat, u8 len)
  204          {
  205   1          u8 crc = 0;
  206   1          u8 i, j;
  207   1      
  208   1          for (i = 0; i < len; i++)
  209   1          {
  210   2              u8 inbyte = dat[i];
  211   2              for (j = 0; j < 8; j++)
  212   2              {
  213   3                  u8 mix = (crc ^ inbyte) & 0x01;
  214   3                  crc >>= 1;
  215   3                  if (mix)
  216   3                      crc ^= 0x8C; /* 多项式 0x31 反转 → 0x8C */
  217   3                  inbyte >>= 1;
  218   3              }
  219   2          }
  220   1          return crc;
  221   1      }
  222          
  223          /* ============================================================
  224           * 公开 API 实现
  225           * ============================================================ */
  226          
  227          /**
  228           * @brief 初始化 DS18B20 总线和 GPIO
  229           */
  230          void ds18b20_init(void)
  231          {
  232   1          /* 使用 STC32G_GPIO 库宏配置 DQ 引脚为准双向口 + 上拉 + 数字输入使能 */
  233   1          DQ_INIT();
  234   1          DQ_HIGH(); /* 总线空闲高电平 */
  235   1      }
  236          
  237          /**
  238           * @brief 启动一次温度转换（跳过 ROM 匹配，单器件总线）
  239           * @param resolution DS18B20_RES_9BIT ~ DS18B20_RES_12BIT
  240           */
  241          void ds18b20_start_conversion(u8 resolution)
  242          {
  243   1          /* 关全局中断，保护 1-Wire 时序不被任何 ISR（含 USB）打断 */
  244   1          EA = 0;
  245   1      
  246   1          /* 1. 复位并等待存在脉冲 */
  247   1          ow_reset();
  248   1      
  249   1          /* 2. SKIP ROM (0xCC) */
  250   1          ow_write_byte(DS18B20_CMD_SKIP_ROM);
  251   1      
  252   1          /* 3. 写入暂存器配置分辨率 */
  253   1          ow_write_byte(DS18B20_CMD_WRITE_SCRATCHPAD);
  254   1          ow_write_byte(0x00);       /* TH 寄存器（未使用） */
  255   1          ow_write_byte(0x00);       /* TL 寄存器（未使用） */
  256   1          ow_write_byte(resolution); /* 配置寄存器：分辨率 */
C251 COMPILER V5.60.0,  bsp_ds18b20                                                        07/08/26  17:10:45  PAGE 5   

  257   1      
  258   1          /* 4. 复位 */
  259   1          ow_reset();
  260   1      
  261   1          /* 5. SKIP ROM (0xCC) */
  262   1          ow_write_byte(DS18B20_CMD_SKIP_ROM);
  263   1      
  264   1          /* 6. CONVERT T (0x44) — 启动温度转换 */
  265   1          ow_write_byte(DS18B20_CMD_CONVERT_T);
  266   1      
  267   1          EA = 1; /* 开中断 */
  268   1      }
  269          
  270          /**
  271           * @brief 读取温度值
  272           * @param celsius [out] 温度 °C
  273           * @return DS18B20_OK / DS18B20_ERR_PRESENCE / DS18B20_ERR_CRC
  274           */
  275          u8 ds18b20_read_temperature(float *celsius)
  276          {
  277   1          u8 buf[9];
  278   1          u8 crc;
  279   1          u8 ret;
  280   1      
  281   1          if (!celsius)
  282   1              return DS18B20_ERR_PRESENCE;
  283   1      
  284   1          /* 关全局中断，保护 1-Wire 时序不被任何 ISR（含 USB）打断 */
  285   1          EA = 0;
  286   1      
  287   1          /* 1. 复位并检测存在脉冲 */
  288   1          if (!ow_reset())
  289   1          {
  290   2              ret = DS18B20_ERR_PRESENCE;
  291   2              goto exit;
  292   2          }
  293   1      
  294   1          /* 2. SKIP ROM (0xCC) */
  295   1          ow_write_byte(DS18B20_CMD_SKIP_ROM);
  296   1      
  297   1          /* 3. READ SCRATCHPAD (0xBE) — 读取 9 字节暂存器 */
  298   1          ow_write_byte(DS18B20_CMD_READ_SCRATCHPAD);
  299   1      
  300   1          /* 4. 读取 9 字节 */
  301   1          {
  302   2              u8 i;
  303   2              for (i = 0; i < 9; i++)
  304   2                  buf[i] = ow_read_byte();
  305   2          }
  306   1      
  307   1          /* 5. CRC 校验（暂存器前 8 字节的 CRC 应等于第 9 字节） */
  308   1          crc = ds18b20_crc8(buf, 8);
  309   1          if (crc != buf[8])
  310   1          {
  311   2              ret = DS18B20_ERR_CRC;
  312   2              goto exit;
  313   2          }
  314   1      
  315   1          /* 6. 解析温度 */
  316   1          {
  317   2              int16 raw = (int16)((u16)buf[1] << 8 | buf[0]);
  318   2              *celsius = raw * 0.0625f;
  319   2          }
  320   1      
  321   1          ret = DS18B20_OK;
  322   1      
C251 COMPILER V5.60.0,  bsp_ds18b20                                                        07/08/26  17:10:45  PAGE 6   

  323   1      exit:
  324   1          EA = 1;
  325   1          return ret;
  326   1      }


Module Information          Static   Overlayable
------------------------------------------------
  code size            =       500     ------
  ecode size           =    ------     ------
  data size            =    ------     ------
  idata size           =    ------     ------
  pdata size           =    ------     ------
  xdata size           =    ------     ------
  xdata-const size     =    ------     ------
  edata size           =    ------         11
  bit size             =    ------          2
  ebit size            =    ------     ------
  bitaddressable size  =    ------     ------
  ebitaddressable size =    ------     ------
  far data size        =    ------     ------
  huge data size       =    ------     ------
  const size           =    ------     ------
  hconst size          =    ------     ------
End of Module Information.


C251 COMPILATION COMPLETE.  0 WARNING(S),  0 ERROR(S)
