C251 COMPILER V5.60.0,  drv_force_sensor                                                   26/08/26  11:50:07  PAGE 1   


C251 COMPILER V5.60.0, COMPILATION OF MODULE drv_force_sensor
OBJECT MODULE PLACED IN .\Objects\drv_force_sensor.obj
COMPILER INVOKED BY: C:\Keil_v5\C251\BIN\C251.EXE ..\Driver\drv_force_sensor.c XSMALL INTR2 BROWSE INCDIR(..\App;..\Bsp;
                    -..\Core;..\Driver;..\Library) DEBUG PRINT(.\Listings\drv_force_sensor.lst) OBJECT(.\Objects\drv_force_sensor.obj) 

stmt  level    source

    1          //#include "drv_force_sensor.h"
    2          //#include <stdio.h>
    3          
    4          ///*===========================================================================
    5          // * 内部常量定义
    6          // *===========================================================================*/
    7          
    8          //#define FORCE_SENSOR_WEIGHT 2.0f
    9          
   10          ///*===========================================================================
   11          // * 静态变量
   12          // *===========================================================================*/
   13          
   14          //static long code g_acc = 9806650;
   15          //static bit s_calib_flag = 0;
   16          
   17          ///*===========================================================================
   18          // * 内部函数声明
   19          // *===========================================================================*/
   20          
   21          //static void force_sensor_calc_ratio(ADC_SampleBuffer *padc);
   22          
   23          ///*===========================================================================
   24          // * 公开接口实现
   25          // *===========================================================================*/
   26          
   27          ///**
   28          // * @brief  力传感器初始化
   29          // * @note   从EEPROM读取校准数据，并初始化ADC0/ADC1通道的
   30          // *         偏移和满量程校准值
   31          // */
   32          //void FORCE_SENSOR_init(void)
   33          //{
   34          //    EEPROM_ReadFullSampleADVal();
   35          //    FORCE_SENSOR_set_calib(&ADC0_SampleBuffer, 2);
   36          //    FORCE_SENSOR_set_calib(&ADC1_SampleBuffer, 2);
   37          //}
   38          
   39          ///**
   40          // * @brief  力传感器偏移/满量程校准设置
   41          // * @param  padc: ADC采样缓冲指针
   42          // * @param  mode: 校准模式
   43          // *            0 - 仅累加偏移量，不保存到EEPROM
   44          // *            1 - 满量程校准，计算比例系数
   45          // *            2 - 从EEPROM读取偏移和满量程校准值
   46          // *            3 - 保存偏移到EEPROM
   47          // */
   48          //void FORCE_SENSOR_set_calib(ADC_SampleBuffer *padc, u8 mode)
   49          //{
   50          //    if (mode == 0) // offset not save to eeprom
   51          //    {
   52          //        padc->ADTempOffset += padc->ADC_avg;
   53          //        padc->pVoltageOffset->adc0Offset1 = padc->ADTempOffset;
   54          //        return;
   55          //    }
   56          //    else if (mode == 1) // fullscale
   57          //    {
   58          //        padc->pVoltageOffset->adc0FullScale1 = padc->ADC_avg;
C251 COMPILER V5.60.0,  drv_force_sensor                                                   26/08/26  11:50:07  PAGE 2   

   59          //        force_sensor_calc_ratio(padc);
   60          //    }
   61          //    else if (mode == 2) // read offset and fullscale cailbration
   62          //    {
   63          //        padc->ADTempOffset = padc->pVoltageOffset->adc0Offset1;
   64          //        force_sensor_calc_ratio(padc);
   65          //        return;
   66          //    }
   67          //    else if (mode == 3) // save offset to eeprom
   68          //    {
   69          //        padc->ADTempOffset = padc->pVoltageOffset->adc0Offset1;
   70          //        force_sensor_calc_ratio(padc);
   71          //    }
   72          //    EEPROM_WriteFullSampleADVal();
   73          //}
   74          
   75          ///**
   76          // * @brief  力传感器标定处理流程
   77          // * @note   当标定标志置位时，等待ADC平均值稳定后
   78          // *         自动保存满量程校准值并关闭LED显示
   79          // * @param  padc: ADC采样缓冲指针
   80          // */
   81          //void FORCE_SENSOR_calib_proc(ADC_SampleBuffer *padc)
   82          //{
   83          //    static int last_adc_avg = 0;
   84          
   85          //    if (s_calib_flag)
   86          //    {
   87          //        if ((last_adc_avg < padc->ADC_avg + 1) && (last_adc_avg > padc->ADC_avg - 1))
   88          //        {
   89          //            s_calib_flag = 0;
   90          //            FORCE_SENSOR_set_calib(padc, 1);
   91          //            StopTimer(pvLEDShow_t);
   92          //            LED_1 = 1;
   93          //        }
   94          //        last_adc_avg = padc->ADC_avg;
   95          //        printf("ADC_avg = %d\r\n", padc->ADC_avg);
   96          //    }
   97          //}
   98          
   99          ///**
  100          // * @brief  触发力传感器标定
  101          // * @note   置位内部标定标志，配合 FORCE_SENSOR_calib_proc() 使用
  102          // */
  103          //void FORCE_SENSOR_trigger_calib(void)
  104          //{
  105          //    s_calib_flag = 1;
  106          //}
  107          
  108          ///*===========================================================================
  109          // * 内部函数实现
  110          // *===========================================================================*/
  111          
  112          ///**
  113          // * @brief  计算力传感器比例系数
  114          // * @param  padc: ADC采样缓冲指针
  115          // */
  116          //static void force_sensor_calc_ratio(ADC_SampleBuffer *padc)
  117          //{
  118          //    padc->ratio = FORCE_SENSOR_WEIGHT * (float)g_acc;
  119          //    padc->ratio = padc->ratio / (float)padc->pVoltageOffset->adc0FullScale1;
  120          //}
*** WARNING C38 IN LINE 120 OF ..\Driver\drv_force_sensor.c: empty translation unit


Module Information          Static   Overlayable
------------------------------------------------
C251 COMPILER V5.60.0,  drv_force_sensor                                                   26/08/26  11:50:07  PAGE 3   

  code size            =    ------     ------
  ecode size           =    ------     ------
  data size            =    ------     ------
  idata size           =    ------     ------
  pdata size           =    ------     ------
  xdata size           =    ------     ------
  xdata-const size     =    ------     ------
  edata size           =    ------     ------
  bit size             =    ------     ------
  ebit size            =    ------     ------
  bitaddressable size  =    ------     ------
  ebitaddressable size =    ------     ------
  far data size        =    ------     ------
  huge data size       =    ------     ------
  const size           =    ------     ------
  hconst size          =    ------     ------
End of Module Information.


C251 COMPILATION COMPLETE.  1 WARNING(S),  0 ERROR(S)
