C251 COMPILER V5.60.0,  ds112_fir_meter                                                    06/08/26  16:43:24  PAGE 1   


C251 COMPILER V5.60.0, COMPILATION OF MODULE ds112_fir_meter
OBJECT MODULE PLACED IN .\Objects\ds112_fir_meter.obj
COMPILER INVOKED BY: C:\Keil_v5\C251\BIN\C251.EXE ..\Bsp\ds112_fir_meter.c XSMALL INTR2 BROWSE INCDIR(..\App;..\Bsp;..\D
                    -river;..\Library;..\Tool) DEBUG PRINT(.\Listings\ds112_fir_meter.lst) OBJECT(.\Objects\ds112_fir_meter.obj) 

stmt  level    source

    1          #include "ds112_fir_meter.h"
    2          
    3          #if DS_SENSOR == 112
               
               #include "bsp_mlx90614.h"
               
               void ds_init(void)
               {
                   mlx90614_init();
               }
               
               void ds_update(float *dat)
               {
                   mlx90614_getVal(dat);
               }
               
               #endif


Module Information          Static   Overlayable
------------------------------------------------
  code size            =    ------     ------
  ecode size           =    ------     ------
  data size            =    ------     ------
  idata size           =    ------     ------
  pdata size           =    ------     ------
  xdata size           =    ------     ------
  xdata-const size     =    ------     ------
  edata size           =    ------     ------
  bit size             =    ------     ------
  ebit size            =    ------     ------
  bitaddressable size  =    ------     ------
  ebitaddressable size =    ------     ------
  far data size        =    ------     ------
  huge data size       =    ------     ------
  const size           =    ------     ------
  hconst size          =    ------     ------
End of Module Information.


C251 COMPILATION COMPLETE.  0 WARNING(S),  0 ERROR(S)
