C251 COMPILER V5.60.0,  ds112_fir_meter                                                    27/08/26  08:41:17  PAGE 1   


C251 COMPILER V5.60.0, COMPILATION OF MODULE ds112_fir_meter
OBJECT MODULE PLACED IN .\Objects\ds112_fir_meter.obj
COMPILER INVOKED BY: C:\Keil_v5\C251\BIN\C251.EXE ..\Driver\ds112_fir_meter.c XSMALL INTR2 BROWSE INCDIR(..\App;..\Bsp;.
                    -.\Core;..\Driver;..\Library) DEBUG PRINT(.\Listings\ds112_fir_meter.lst) OBJECT(.\Objects\ds112_fir_meter.obj) 

stmt  level    source

    1          #include "ds112_fir_meter.h"
*** WARNING C317 IN LINE 53 OF \Users\admin\Desktop\WorkSpace\ds_sensor\Library\type_def.h: attempt to redefine macro 'N
             -ULL'
    2          
    3          #if DS_SENSOR == 112
    4          
    5          #include "drv_mlx90614.h"
    6          
    7          static float temp;
    8          
    9          void ds_init(void)
   10          {
   11   1          mlx90614_init();
   12   1      }
   13          
   14          void ds_update(void)
   15          {
   16   1          mlx90614_getVal(&temp);
   17   1          dat_for_printf = temp;
   18   1          avg_filter_update(&filter, dat_for_printf);
   19   1          task_delay_ms(50);
   20   1      }
   21          
   22          void ds_printf(void)
   23          {
   24   1          printf_usb("Temp=%.2fC\r\n", dat_for_printf);
   25   1      }
   26          
   27          void ds_calib(void)
   28          {
   29   1          /* 无校准需求 */
   30   1      }
   31          
   32          #endif


Module Information          Static   Overlayable
------------------------------------------------
  code size            =        56     ------
  ecode size           =    ------     ------
  data size            =    ------     ------
  idata size           =    ------     ------
  pdata size           =    ------     ------
  xdata size           =    ------     ------
  xdata-const size     =    ------     ------
  edata size           =         4     ------
  bit size             =    ------     ------
  ebit size            =    ------     ------
  bitaddressable size  =    ------     ------
  ebitaddressable size =    ------     ------
  far data size        =    ------     ------
  huge data size       =    ------     ------
  const size           =    ------     ------
  hconst size          =        13     ------
End of Module Information.


C251 COMPILATION COMPLETE.  1 WARNING(S),  0 ERROR(S)
