C251 COMPILER V5.60.0,  ds139_o2_meter                                                     27/08/26  08:41:18  PAGE 1   


C251 COMPILER V5.60.0, COMPILATION OF MODULE ds139_o2_meter
OBJECT MODULE PLACED IN .\Objects\ds139_o2_meter.obj
COMPILER INVOKED BY: C:\Keil_v5\C251\BIN\C251.EXE ..\Driver\ds139_o2_meter.c XSMALL INTR2 BROWSE INCDIR(..\App;..\Bsp;..
                    -\Core;..\Driver;..\Library) DEBUG PRINT(.\Listings\ds139_o2_meter.lst) OBJECT(.\Objects\ds139_o2_meter.obj) 

stmt  level    source

    1          #include "ds139_o2_meter.h"
*** WARNING C317 IN LINE 53 OF \Users\admin\Desktop\WorkSpace\ds_sensor\Library\type_def.h: attempt to redefine macro 'N
             -ULL'
    2          
    3          #if DS_SENSOR == 139
               
               #include "adc_drive.h"
               
               #define A0 15  // 短接传感器的ADC，用于消除电路噪声干扰
               #define A1 566 // 空气中的ADC，用于基准
               
               ADC_Handle_t adc0;
               
               void ds_init(void)
               {
                   adc_init(&adc0, 0, 3.3f);
               }
               
               void ds_update(void)
               {
                   float tmp = 0.0f;
                   adc_get(&adc0);
                   tmp = (float)(adc0.raw - A0) / (float)(A1 - A0) * 20.90f;
               
                   tmp = (tmp > 0.0f) ? tmp : 0.0f;
                   dat_for_printf = (tmp < 100.0f) ? tmp : 100.0f;
                   avg_filter_update(&filter, dat_for_printf);
                   task_delay_ms(50);
               }
               
               void ds_printf(void)
               {
                   printf_usb("O2:%.2f%%\r\n", dat_for_printf);
               }
               
               void ds_calib(void)
               {
                   /* 无校准需求 */
               }
               
               #endif


Module Information          Static   Overlayable
------------------------------------------------
  code size            =    ------     ------
  ecode size           =    ------     ------
  data size            =    ------     ------
  idata size           =    ------     ------
  pdata size           =    ------     ------
  xdata size           =    ------     ------
  xdata-const size     =    ------     ------
  edata size           =    ------     ------
  bit size             =    ------     ------
  ebit size            =    ------     ------
  bitaddressable size  =    ------     ------
  ebitaddressable size =    ------     ------
  far data size        =    ------     ------
  huge data size       =    ------     ------
C251 COMPILER V5.60.0,  ds139_o2_meter                                                     27/08/26  08:41:18  PAGE 2   

  const size           =    ------     ------
  hconst size          =    ------     ------
End of Module Information.


C251 COMPILATION COMPLETE.  1 WARNING(S),  0 ERROR(S)
