C251 COMPILER V5.60.0,  ds135_tur_meter                                                    06/08/26  16:43:24  PAGE 1   


C251 COMPILER V5.60.0, COMPILATION OF MODULE ds135_tur_meter
OBJECT MODULE PLACED IN .\Objects\ds135_tur_meter.obj
COMPILER INVOKED BY: C:\Keil_v5\C251\BIN\C251.EXE ..\Bsp\ds135_tur_meter.c XSMALL INTR2 BROWSE INCDIR(..\App;..\Bsp;..\D
                    -river;..\Library;..\Tool) DEBUG PRINT(.\Listings\ds135_tur_meter.lst) OBJECT(.\Objects\ds135_tur_meter.obj) 

stmt  level    source

    1          #include "ds135_tur_meter.h"
    2          
    3          #if DS_SENSOR == 135
               
               #include "stc32g.h"
               #include "adc_drive.h"
               #include "STC32G_GPIO.h"
               
               #include <math.h>
               
               // 计算斜率 k
               #define CALC_K(x1, x0) (190 / (x1 - x0))
               
               // 计算截距 b（需要传入 k）
               #define CALC_B(x0, k) ((10) - (k) * (x0))
               
               #define Tr_ON Tr = 1
               #define Tr_OFF Tr = 0
               
               sbit Tr = P1 ^ 1; // 发射管控制端口
               
               float ref_vol;
               float adc_vol = 0.0f;
               ADC_Handle_t adc0;
               
               const float x[2] = {0.88f, 2.85f}; // 10NTU 和 200NTU 对应的电压值
               
               void ds_init(void)
               {
                   adc_init(&adc0, 0, 3.3f);
                   P1_MODE_OUT_PP(GPIO_Pin_1); // P1.1设置为推挽输出
                   Tr_ON;
               }
               
               void ds_update(float *dat)
               {
                   adc_vol = adc_get(&adc0);
               #if 1
                   *dat = CALC_K(x[1], x[0]) * adc_vol + CALC_B(x[0], CALC_K(x[1], x[0]));
               #else
                   *dat = adc_vol;
               #endif
               }
               
               #endif


Module Information          Static   Overlayable
------------------------------------------------
  code size            =    ------     ------
  ecode size           =    ------     ------
  data size            =    ------     ------
  idata size           =    ------     ------
  pdata size           =    ------     ------
  xdata size           =    ------     ------
  xdata-const size     =    ------     ------
  edata size           =    ------     ------
  bit size             =    ------     ------
  ebit size            =    ------     ------
C251 COMPILER V5.60.0,  ds135_tur_meter                                                    06/08/26  16:43:24  PAGE 2   

  bitaddressable size  =    ------     ------
  ebitaddressable size =    ------     ------
  far data size        =    ------     ------
  huge data size       =    ------     ------
  const size           =    ------     ------
  hconst size          =    ------     ------
End of Module Information.


C251 COMPILATION COMPLETE.  0 WARNING(S),  0 ERROR(S)
