C251 COMPILER V5.60.0,  ds138_airC2H6O_meter                                               07/08/26  21:20:58  PAGE 1   


C251 COMPILER V5.60.0, COMPILATION OF MODULE ds138_airC2H6O_meter
OBJECT MODULE PLACED IN .\Objects\ds138_airC2H6O_meter.obj
COMPILER INVOKED BY: C:\Wongsoft\Keil_v5\C251\BIN\C251.EXE ..\Bsp\ds138_airC2H6O_meter.c XSMALL INTR2 BROWSE INCDIR(..\A
                    -pp;..\Bsp;..\Driver;..\Library;..\Tool) DEBUG PRINT(.\Listings\ds138_airC2H6O_meter.lst) OBJECT(.\Objects\ds138_airC2H6O
                    -_meter.obj) 

stmt  level    source

    1          #include "ds138_airC2H6O_meter.h"
*** WARNING C317 IN LINE 68 OF \Users\Si\Desktop\ds_sensor\Library\type_def.h: attempt to redefine macro 'NULL'
    2          
    3          #if DS_SENSOR == 138
               
               #include "STC32G_Delay.h"
               #include "STC32G_EEPROM.h"
               
               #include "adc_drive.h"
               #include "key_drive.h"
               #include "led_drive.h"
               
               #define TABLE_SIZE (sizeof(voltage_table) / sizeof(voltage_table[0]))
               
               // 电压与浓度对照表（按电压升序排列）
               static float voltage_table[] = {
                   0.24f, 0.53f, 0.70f, 0.78f, 0.85f, 0.91f, 0.95f, 0.98f, 1.00f, 1.03f,
                   1.05f, 1.08f, 1.12f, 1.15f, 1.18f, 1.20f, 1.23f, 1.30f, 1.33f, 1.35f,
                   1.40f, 1.45f};
               
               static const float concentration_table[] = {
                   0.0f, 5.0f, 10.0f, 15.0f, 20.0f, 25.0f, 30.0f, 35.0f, 40.0f, 45.0f,
                   50.0f, 60.0f, 70.0f, 80.0f, 90.0f, 100.0f, 120.0f, 150.0f, 160.0f, 200.0f,
                   250.0f, 300.0f};
               
               static float zero_voltage_calibrated = 0.24f; // 校准后的零点电压
               ADC_Handle_t adc0;
               
               // 校准延迟处理变量
               static volatile u8 calibration_pending = 0;
               static volatile float pending_zero_value = 0;
               static volatile u8 led_flash = 0; // LED闪烁标志
               
               void ds_init(void)
               {
                   u8 tmp[2];
                   adc_init(&adc0, 0, 3.3f);
               
                   // 从EEPROM读取校准值
                   EEPROM_read_n(0, tmp, sizeof(tmp));
               
                   if (tmp[0] != 0xff && tmp[1] != 0xff)
                   {
                       pending_zero_value = (float)((u16)(tmp[0] << 8) + tmp[1]) / 1000;
                       zero_voltage_calibrated = pending_zero_value + 0.01f;
                   }
               }
               
               void ds_update(void)
               {
                   float voltage, new_zero;
                   float zero_voltage = zero_voltage_calibrated;
                   u8 i;
               
                   if (2 == flag_key) // 长按，开始校准零点
                   {
                       flag_key = 0;
C251 COMPILER V5.60.0,  ds138_airC2H6O_meter                                               07/08/26  21:20:58  PAGE 2   

               
                       // 读取当前电压作为新的零点
                       new_zero = adc_get(&adc0);
               
                       // 检查电压是否合理（正常零点应该在0.2V-0.3V之间）
                       if (new_zero >= 0.1f && new_zero <= 0.5f)
                       {
                           zero_voltage_calibrated = new_zero + 0.01f;
               
                           // 标记需要保存到EEPROM
                           pending_zero_value = new_zero;
                           calibration_pending = 1;
                       }
                   }
               
                   voltage = adc_get(&adc0);
               
                   // 边界检查：低于校准后的零点
                   if (voltage <= zero_voltage)
                   {
                       dat_for_printf = concentration_table[0];
                   }
                   // 边界检查：高于最大电压
                   else if (voltage >= voltage_table[TABLE_SIZE - 1])
                   {
                       dat_for_printf = concentration_table[TABLE_SIZE - 1];
                   }
                   // 特殊处理：电压在零点到第一个电压点之间
                   else if (voltage < voltage_table[0])
                   {
                       // 零点到第一个点之间线性插值
                       float ratio = (voltage - zero_voltage) / (voltage_table[0] - zero_voltage);
                       dat_for_printf = ratio * concentration_table[0]; // 0到5ppm之间
                   }
                   else
                   {
                       // 正常查表：找到电压所在的区间
                       u8 found = 0;
                       for (i = 0; i < TABLE_SIZE - 1; i++)
                       {
                           if (voltage >= voltage_table[i] && voltage <= voltage_table[i + 1])
                           {
                               // 线性插值计算浓度
                               float voltage_diff = voltage_table[i + 1] - voltage_table[i];
                               float concentration_diff = concentration_table[i + 1] - concentration_table[i];
                               float ratio = (voltage - voltage_table[i]) / voltage_diff;
               
                               dat_for_printf = concentration_table[i] + ratio * concentration_diff;
                               found = 1;
                               break;
                           }
                       }
                       if (!found)
                           dat_for_printf = concentration_table[TABLE_SIZE - 1];
                   }
               
                   avg_filter_update(&filter, dat_for_printf);
                   task_delay_ms(50);
               }
               
               void ProcessCalibration(void)
               {
                   u8 tmp[2];
                   if (calibration_pending)
                   {
                       calibration_pending = 0;
C251 COMPILER V5.60.0,  ds138_airC2H6O_meter                                               07/08/26  21:20:58  PAGE 3   

               
                       // 写入EEPROM（这里过于耗时，在低频任务中执行）
                       tmp[0] = (u16)(pending_zero_value * 1000) >> 8;
                       tmp[1] = (u16)(pending_zero_value * 1000);
                       EEPROM_write_n(0, tmp, sizeof(tmp));
                       led_flash = 1;
                   }
               }
               
               void Led_Task(void)
               {
                   static u8 cnt = 0;
                   static bit on = 0;
                   static u8 flash_cnt = 0;
               
                   if (!led_flash)
                       return;
               
                   cnt++;
               
                   if (cnt >= 10)
                   {
                       cnt = 0;
               
                       on = !on;
               
                       if (on)
                       {
               
                           DIS_LED_Just_One_Enable(3);
                       }
                       else
                       {
                           DIS_LED_ALL_off();
                       }
                   }
               
                   if (cnt == 0)
                   {
                       flash_cnt++;
               
                       if (flash_cnt >= 6)
                       {
                           flash_cnt = 0;
                           led_flash = 0;
               
                           DIS_LED_Just_One_Enable(3);
                       }
                   }
               }
               
               void ds_printf(void)
               {
                   printf("airC2H6O:%.1f\n", dat_for_printf);
               }
               
               void ds_calib(void)
               {
                   ProcessCalibration();
               }
               
               #endif


Module Information          Static   Overlayable
------------------------------------------------
  code size            =    ------     ------
C251 COMPILER V5.60.0,  ds138_airC2H6O_meter                                               07/08/26  21:20:58  PAGE 4   

  ecode size           =    ------     ------
  data size            =    ------     ------
  idata size           =    ------     ------
  pdata size           =    ------     ------
  xdata size           =    ------     ------
  xdata-const size     =    ------     ------
  edata size           =    ------     ------
  bit size             =    ------     ------
  ebit size            =    ------     ------
  bitaddressable size  =    ------     ------
  ebitaddressable size =    ------     ------
  far data size        =    ------     ------
  huge data size       =    ------     ------
  const size           =    ------     ------
  hconst size          =    ------     ------
End of Module Information.


C251 COMPILATION COMPLETE.  1 WARNING(S),  0 ERROR(S)
