C251 COMPILER V5.60.0,  ds136_orp_meter                                                    06/08/26  16:43:25  PAGE 1   


C251 COMPILER V5.60.0, COMPILATION OF MODULE ds136_orp_meter
OBJECT MODULE PLACED IN .\Objects\ds136_orp_meter.obj
COMPILER INVOKED BY: C:\Keil_v5\C251\BIN\C251.EXE ..\Bsp\ds136_orp_meter.c XSMALL INTR2 BROWSE INCDIR(..\App;..\Bsp;..\D
                    -river;..\Library;..\Tool) DEBUG PRINT(.\Listings\ds136_orp_meter.lst) OBJECT(.\Objects\ds136_orp_meter.obj) 

stmt  level    source

    1          #include "ds136_orp_meter.h"
    2          
    3          #if DS_SENSOR == 136
               
               #include "stc32g.h"
               #include "adc_drive.h"
               
               ADC_Handle_t adc0;
               ORP_Handle_t horp_handle;
               
               void ds_init(void)
               {
                   adc_init(&adc0, 0, 3.3f);
                   horp_handle.polarity = 0;
                   horp_handle.vol = 0.0f;
               }
               
               void ds_update(float *dat)
               {
                   horp_handle.vol = 2010 - 1333.33f * adc_get(&adc0);
               
                   if (horp_handle.vol < 0)
                       horp_handle.polarity = 1;
                   else
                       horp_handle.polarity = 0;
               
               #define CLAMP_SIMPLE(val, lo, hi) \
                   (((val) < (lo)) ? (lo) : (((val) > (hi)) ? (hi) : (val)))
               
                   *dat = CLAMP_SIMPLE(horp_handle.vol, -2000, 2000);
               }
               
               #endif


Module Information          Static   Overlayable
------------------------------------------------
  code size            =    ------     ------
  ecode size           =    ------     ------
  data size            =    ------     ------
  idata size           =    ------     ------
  pdata size           =    ------     ------
  xdata size           =    ------     ------
  xdata-const size     =    ------     ------
  edata size           =    ------     ------
  bit size             =    ------     ------
  ebit size            =    ------     ------
  bitaddressable size  =    ------     ------
  ebitaddressable size =    ------     ------
  far data size        =    ------     ------
  huge data size       =    ------     ------
  const size           =    ------     ------
  hconst size          =    ------     ------
End of Module Information.


C251 COMPILATION COMPLETE.  0 WARNING(S),  0 ERROR(S)
