C251 COMPILER V5.60.0,  ds141_co2_meter                                                    27/08/26  08:41:19  PAGE 1   


C251 COMPILER V5.60.0, COMPILATION OF MODULE ds141_co2_meter
OBJECT MODULE PLACED IN .\Objects\ds141_co2_meter.obj
COMPILER INVOKED BY: C:\Keil_v5\C251\BIN\C251.EXE ..\Driver\ds141_co2_meter.c XSMALL INTR2 BROWSE INCDIR(..\App;..\Bsp;.
                    -.\Core;..\Driver;..\Library) DEBUG PRINT(.\Listings\ds141_co2_meter.lst) OBJECT(.\Objects\ds141_co2_meter.obj) 

stmt  level    source

    1          #include "ds141_co2_meter.h"
*** WARNING C317 IN LINE 53 OF \Users\admin\Desktop\WorkSpace\ds_sensor\Library\type_def.h: attempt to redefine macro 'N
             -ULL'
    2          
    3          #if DS_SENSOR == 141
               
               void ds_init(void)
               {
               }
               
               void ds_update(void)
               {
               }
               
               void ds_printf(void)
               {
                   printf("未在此工程实现", dat_for_printf);
               }
               
               void ds_calib(void)
               {
                   /* 无校准需求 */
               }
               
               #endif


Module Information          Static   Overlayable
------------------------------------------------
  code size            =    ------     ------
  ecode size           =    ------     ------
  data size            =    ------     ------
  idata size           =    ------     ------
  pdata size           =    ------     ------
  xdata size           =    ------     ------
  xdata-const size     =    ------     ------
  edata size           =    ------     ------
  bit size             =    ------     ------
  ebit size            =    ------     ------
  bitaddressable size  =    ------     ------
  ebitaddressable size =    ------     ------
  far data size        =    ------     ------
  huge data size       =    ------     ------
  const size           =    ------     ------
  hconst size          =    ------     ------
End of Module Information.


C251 COMPILATION COMPLETE.  1 WARNING(S),  0 ERROR(S)
