C251 COMPILER V5.60.0,  ds172_titration_meter                                              27/08/26  08:41:21  PAGE 1   


C251 COMPILER V5.60.0, COMPILATION OF MODULE ds172_titration_meter
OBJECT MODULE PLACED IN .\Objects\ds172_titration_meter.obj
COMPILER INVOKED BY: C:\Keil_v5\C251\BIN\C251.EXE ..\Driver\ds172_titration_meter.c XSMALL INTR2 BROWSE INCDIR(..\App;..
                    -\Bsp;..\Core;..\Driver;..\Library) DEBUG PRINT(.\Listings\ds172_titration_meter.lst) OBJECT(.\Objects\ds172_titration_me
                    -ter.obj) 

stmt  level    source

    1          #include "ds172_titration_meter.h"
*** WARNING C317 IN LINE 53 OF \Users\admin\Desktop\WorkSpace\ds_sensor\Library\type_def.h: attempt to redefine macro 'N
             -ULL'
    2          
    3          #if DS_SENSOR == 172
               
               #include "stc32g.h"
               #include "STC32G_Delay.h"
               #include "STC32G_GPIO.h"
               #include "STC32G_Exti.h"
               #include "STC32G_NVIC.h"
               #include "STC32G_Timer.h"
               
               sbit IR_EN = P2 ^ 0; // 被阻挡发光（Low）
               
               u8 data_unlcoked = 0;
               u32 titra_count = 0;
               
               static void Exti_config(void)
               {
                   EXTI_InitTypeDef Exti_InitStructure; // 结构定义
               
                   Exti_InitStructure.EXTI_Mode = EXT_MODE_RiseFall; // 中断模式,   EXT_MODE_RiseFall,EXT_MODE_Fall
                   Ext_Inilize(EXT_INT0, &Exti_InitStructure);       // 初始化
                   NVIC_INT0_Init(ENABLE, Priority_3);               // 中断使能, ENABLE/DISABLE; 优先级(低到高) Priorit
             -y_0,Priority_1,Priority_2,Priority_3
               }
               
               static void Timer_config(void) // 100us进IT
               {
                   AUXR &= 0xBF; // Timer clock is 12T mode
                   TMOD &= 0x0F; // Set timer work mode
                   TL1 = 0x38;   // Initial timer value
                   TH1 = 0xFF;   // Initial timer value
                   TF1 = 0;      // Clear TF1 flag
                   TR1 = 1;      // Timer1 start run
               }
               
               void ds_init(void)
               {
                   IR_EN = 1;
                   P2_MODE_OUT_PP(GPIO_Pin_0);
                   P3_MODE_IO_PU(GPIO_Pin_2);
                   P3_PULL_UP_ENABLE(GPIO_Pin_2);
                   delay_ms(100);
                   Exti_config();
                   Timer_config();
               }
               
               void ds_update(void)
               {
                   dat_for_printf = titra_count / 4; // 一次滴定会进入两次触发外部双边沿中断
                   avg_filter_update(&filter, dat_for_printf);
                   task_delay_ms(50);
               }
               
               void ds_printf(void)
C251 COMPILER V5.60.0,  ds172_titration_meter                                              27/08/26  08:41:21  PAGE 2   

               {
                   printf_usb("Counter:%.3f\r\n", dat_for_printf);
               }
               
               void ds_calib(void)
               {
                   /* 无校准需求 */
               }
               
               void INT0_ISR_Handler(void) interrupt INT0_VECTOR // 进中断时已经清除标志
               {
                   static u8 entry_flag = 0;
                   static u8 exit_flag = 0;
                   if (entry_flag == 0)
                   {
                       // 进入光电门
                       entry_flag = 1;
                       // 数据读取上锁
                       data_unlcoked = 0;
                       // start timer
                       TR0 = 1;
                   }
                   else
                   {
                       // 退出光电门
                       exit_flag = 1;
                       // stop timer
                       TR0 = 0;
                       // record time
                       titra_count = TH0 << 8 | TL0;
                       // 数据读取解锁
                       data_unlcoked = 1;
                       // clear timer count
                       TH0 = 0;
                       TL0 = 0;
                       entry_flag = 0;
                   }
               }
               
               #endif


Module Information          Static   Overlayable
------------------------------------------------
  code size            =    ------     ------
  ecode size           =    ------     ------
  data size            =    ------     ------
  idata size           =    ------     ------
  pdata size           =    ------     ------
  xdata size           =    ------     ------
  xdata-const size     =    ------     ------
  edata size           =    ------     ------
  bit size             =    ------     ------
  ebit size            =    ------     ------
  bitaddressable size  =    ------     ------
  ebitaddressable size =    ------     ------
  far data size        =    ------     ------
  huge data size       =    ------     ------
  const size           =    ------     ------
  hconst size          =    ------     ------
End of Module Information.


C251 COMPILATION COMPLETE.  1 WARNING(S),  0 ERROR(S)
