C251 COMPILER V5.60.0,  ds632                                                              15/08/26  09:16:39  PAGE 1   


C251 COMPILER V5.60.0, COMPILATION OF MODULE ds632
OBJECT MODULE PLACED IN .\Objects\ds632.obj
COMPILER INVOKED BY: C:\Keil_v5\C251\BIN\C251.EXE ..\Driver\ds632.c XSMALL INTR2 BROWSE INCDIR(..\App;..\Bsp;..\Core;..\
                    -Driver;..\Library) DEBUG PRINT(.\Listings\ds632.lst) OBJECT(.\Objects\ds632.obj) 

stmt  level    source

*** WARNING C38 IN LINE 1 OF ..\Driver\ds632.c: empty translation unit


Module Information          Static   Overlayable
------------------------------------------------
  code size            =    ------     ------
  ecode size           =    ------     ------
  data size            =    ------     ------
  idata size           =    ------     ------
  pdata size           =    ------     ------
  xdata size           =    ------     ------
  xdata-const size     =    ------     ------
  edata size           =    ------     ------
  bit size             =    ------     ------
  ebit size            =    ------     ------
  bitaddressable size  =    ------     ------
  ebitaddressable size =    ------     ------
  far data size        =    ------     ------
  huge data size       =    ------     ------
  const size           =    ------     ------
  hconst size          =    ------     ------
End of Module Information.


C251 COMPILATION COMPLETE.  1 WARNING(S),  0 ERROR(S)
