C251 COMPILER V5.60.0,  main                                                               07/08/26  17:10:44  PAGE 1   


C251 COMPILER V5.60.0, COMPILATION OF MODULE main
OBJECT MODULE PLACED IN .\Objects\main.obj
COMPILER INVOKED BY: C:\Keil_v5\C251\BIN\C251.EXE ..\App\main.c XSMALL INTR2 FLOAT64 BROWSE INCDIR(..\App;..\Bsp;..\Driv
                    -er;..\Library;..\Tool) DEBUG PRINT(.\Listings\main.lst) OBJECT(.\Objects\main.obj) 

stmt  level    source

    1          // working @ 24 MHz
    2          //------------------------------STC lib--------------------------
    3          #include "stc32g.h"
    4          //------------------------------bsp lib------------------------------
    5          #include "led_drive.h"
    6          #include "key_drive.h"
    7          //------------------------------  Task  ------------------------------
    8          #include "ds_sensor.h"
    9          #include "marco_config.h"
   10          
   11          /* ============================================================
   12           * 全局变量定义（在 ds_sensor.h 中 extern 声明）
   13           * ============================================================ */
   14          volatile float dat_for_printf;
   15          avg_filter_t filter;
   16          avgf_data_t buffer[NUM_BUF_AVG];
   17          
   18          #if USB_INFO
   19          
   20          void CDC_init(void)
   21          {
   22   1          P3M1 |= (0x03), P3M0 &= ~(0x03); // 需要将 P3.0/P3.1设置为高阻输入模式
   23   1          usb_init();                      // USB CDC 接口配置
   24   1          EA = 1;
   25   1          printf("USB init OK!\n");
   26   1      }
   27          char putchar(char c)
   28          {
   29   1          USB_SendData(&c, 1);
   30   1          return c;
   31   1      }
   32          
   33          #endif
   34          
   35          void task_calibration_save(void)
   36          {
   37   1          ds_calib(); // 统一校准接口（无校准则空函数）
   38   1          task_delay_ms(1000);
   39   1      }
   40          
   41          void task_key_scan()
   42          {
   43   1          Scan_Key();
   44   1          task_delay_ms(20);
   45   1      }
   46          
   47          void task_led_blink(void)
   48          {
   49   1      #if USE_BLINK
                   Led_Task();
               #endif
   52   1          task_delay_ms(10);
   53   1      }
   54          
   55          void task_sensor(void)
   56          {
   57   1          ds_update(); // 统一传感器更新接口（内部含采集 + 滤波 + 延时）
   58   1      }
C251 COMPILER V5.60.0,  main                                                               07/08/26  17:10:44  PAGE 2   

   59          
   60          void task_printf(void)
   61          {
   62   1      #if USB_INFO
   63   1          ds_printf(); // 统一打印接口（每个 dsXX 自己决定格式和多值输出）
   64   1      #endif
   65   1          task_delay_ms(100);
   66   1      }
   67          
   68          void STC_init(void)
   69          {
   70   1          WTST = 0;
   71   1          EAXFR = 1;
   72   1          CKCON = 0;
   73   1      
   74   1      #if USB_INFO
   75   1          CDC_init();
   76   1      #endif
   77   1          DIS_LED_init();
   78   1          KEY_GPIO_init();
   79   1      }
   80          
   81          void software_init(void)
   82          {
   83   1          avg_filter_init(&filter, buffer, NUM_BUF_AVG);
   84   1      }
   85          
   86          void main(void)
   87          {
   88   1          STC_init();
   89   1          ds_init(); // 传感器初始化（由 dsXX 文件实现）
   90   1          software_init();
   91   1          task_scheduler_init();
   92   1      
   93   1          task_register(task_sensor, 3);
   94   1          task_register(task_printf, 4);
   95   1          task_register(task_calibration_save, 1);
   96   1          task_register(task_key_scan, 2);
   97   1          task_register(task_led_blink, 2);
   98   1      
   99   1          while (1)
  100   1          {
  101   2              task_scheduler_run();
  102   2          }
  103   1      }
  104          
  105          void Timer0_ISR_Handler(void) interrupt TMR0_VECTOR
  106          {
  107   1          task_scheduler_tick_isr(); // 用于任务框架的时基
  108   1      }


Module Information          Static   Overlayable
------------------------------------------------
  code size            =       232     ------
  ecode size           =    ------     ------
  data size            =    ------     ------
  idata size           =    ------     ------
  pdata size           =    ------     ------
  xdata size           =    ------     ------
  xdata-const size     =    ------     ------
  edata size           =        54          1
  bit size             =    ------     ------
  ebit size            =    ------     ------
  bitaddressable size  =    ------     ------
  ebitaddressable size =    ------     ------
  far data size        =    ------     ------
C251 COMPILER V5.60.0,  main                                                               07/08/26  17:10:44  PAGE 3   

  huge data size       =    ------     ------
  const size           =    ------     ------
  hconst size          =        14     ------
End of Module Information.


C251 COMPILATION COMPLETE.  0 WARNING(S),  0 ERROR(S)
