C251 COMPILER V5.60.0,  main                                                               06/08/26  21:49:26  PAGE 1   


C251 COMPILER V5.60.0, COMPILATION OF MODULE main
OBJECT MODULE PLACED IN .\Objects\main.obj
COMPILER INVOKED BY: C:\Wongsoft\Keil_v5\C251\BIN\C251.EXE ..\App\main.c XSMALL INTR2 BROWSE INCDIR(..\App;..\Bsp;..\Dri
                    -ver;..\Library;..\Tool) DEBUG PRINT(.\Listings\main.lst) OBJECT(.\Objects\main.obj) 

stmt  level    source

    1          // working @ 24 MHz
    2          #include "stc32g.h"
    3          //------------------------------STC lib--------------------------
    4          #if USB_INFO
*** WARNING C322 IN LINE 4 OF ..\App\main.c: 'USB_INFO': unknown identifier
               #include "stc32_stc8_usb.h"
               #endif
    7          //------------------------------bsp lib------------------------------
    8          #include "led_drive.h"
    9          #include "key_drive.h"
   10          //------------------------------  Task  ------------------------------
   11          #include "ds_sensor.h"
   12          #include "marco_config.h"
   13          
   14          /* ============================================================
   15           * 全局变量定义（在 ds_sensor.h 中 extern 声明）
   16           * ============================================================ */
   17          volatile float dat_for_printf;
   18          avg_filter_t filter;
   19          avgf_data_t buffer[NUM_BUF_AVG];
   20          
   21          #if USB_INFO
   22          
   23          void CDC_init(void)
   24          {
   25   1          P3M1 |= (0x03), P3M0 &= ~(0x03); // 需要将 P3.0/P3.1设置为高阻输入模式
   26   1          usb_init();                      // USB CDC 接口配置
   27   1          EA = 1;
   28   1          printf("USB init OK!\n");
   29   1      }
   30          char putchar(char c)
   31          {
   32   1          USB_SendData(&c, 1);
   33   1          return c;
   34   1      }
   35          
   36          #endif
   37          
   38          void task_calibration_save(void)
   39          {
   40   1          ds_calib(); // 统一校准接口（无校准则空函数）
   41   1          task_delay_ms(1000);
   42   1      }
   43          
   44          void task_key_scan()
   45          {
   46   1          Scan_Key();
   47   1          task_delay_ms(20);
   48   1      }
   49          
   50          void task_led_blink(void)
   51          {
   52   1      #if USE_BLINK
   53   1          Led_Task();
   54   1      #endif
   55   1          task_delay_ms(10);
   56   1      }
   57          
C251 COMPILER V5.60.0,  main                                                               06/08/26  21:49:26  PAGE 2   

   58          void task_sensor(void)
   59          {
   60   1          ds_update(); // 统一传感器更新接口（内部含采集 + 滤波 + 延时）
   61   1      }
   62          
   63          void task_printf(void)
   64          {
   65   1      #if USB_INFO
   66   1          ds_printf(); // 统一打印接口（每个 dsXX 自己决定格式和多值输出）
   67   1      #endif
   68   1          task_delay_ms(100);
   69   1      }
   70          
   71          void STC_init(void)
   72          {
   73   1          WTST = 0;
   74   1          EAXFR = 1;
   75   1          CKCON = 0;
   76   1      
   77   1      #if USB_INFO
   78   1          CDC_init();
   79   1      #endif
   80   1          DIS_LED_init();
   81   1          KEY_GPIO_init();
   82   1      }
   83          
   84          void software_init(void)
   85          {
   86   1          avg_filter_init(&filter, buffer, NUM_BUF_AVG);
   87   1      }
   88          
   89          void main(void)
   90          {
   91   1          STC_init();
   92   1          ds_init(); // 传感器初始化（由 dsXX 文件实现）
   93   1          software_init();
   94   1          task_scheduler_init();
   95   1      
   96   1          task_register(task_sensor, 3);
   97   1          task_register(task_printf, 4);
   98   1          task_register(task_calibration_save, 1);
   99   1          task_register(task_key_scan, 2);
  100   1          task_register(task_led_blink, 2);
  101   1      
  102   1          while (1)
  103   1          {
  104   2              task_scheduler_run();
  105   2          }
  106   1      }
  107          
  108          void Timer0_ISR_Handler(void) interrupt TMR0_VECTOR
  109          {
  110   1          task_scheduler_tick_isr(); // 用于任务框架的时基
  111   1      }


Module Information          Static   Overlayable
------------------------------------------------
  code size            =       235     ------
  ecode size           =    ------     ------
  data size            =    ------     ------
  idata size           =    ------     ------
  pdata size           =    ------     ------
  xdata size           =    ------     ------
  xdata-const size     =    ------     ------
  edata size           =        50          1
  bit size             =    ------     ------
C251 COMPILER V5.60.0,  main                                                               06/08/26  21:49:26  PAGE 3   

  ebit size            =    ------     ------
  bitaddressable size  =    ------     ------
  ebitaddressable size =    ------     ------
  far data size        =    ------     ------
  huge data size       =    ------     ------
  const size           =    ------     ------
  hconst size          =        14     ------
End of Module Information.


C251 COMPILATION COMPLETE.  1 WARNING(S),  0 ERROR(S)
