C251 COMPILER V5.60.0,  STC32G_GPIO_Isr                                                    07/08/26  18:36:44  PAGE 1   


C251 COMPILER V5.60.0, COMPILATION OF MODULE STC32G_GPIO_Isr
OBJECT MODULE PLACED IN .\Objects\STC32G_GPIO_Isr.obj
COMPILER INVOKED BY: C:\Wongsoft\Keil_v5\C251\BIN\C251.EXE ..\Library\STC32G_GPIO_Isr.c XSMALL INTR2 BROWSE INCDIR(..\Ap
                    -p;..\Bsp;..\Driver;..\Library;..\Tool) DEBUG PRINT(.\Listings\STC32G_GPIO_Isr.lst) OBJECT(.\Objects\STC32G_GPIO_Isr.obj)
                    - 

stmt  level    source

    1          /*---------------------------------------------------------------------*/
    2          /* --- Web: www.STCAI.com ---------------------------------------------*/
    3          /*---------------------------------------------------------------------*/
    4          
    5          #include        "STC32G_GPIO.h"
    6          


Module Information          Static   Overlayable
------------------------------------------------
  code size            =    ------     ------
  ecode size           =    ------     ------
  data size            =    ------     ------
  idata size           =    ------     ------
  pdata size           =    ------     ------
  xdata size           =    ------     ------
  xdata-const size     =    ------     ------
  edata size           =    ------     ------
  bit size             =    ------     ------
  ebit size            =    ------     ------
  bitaddressable size  =    ------     ------
  ebitaddressable size =    ------     ------
  far data size        =    ------     ------
  huge data size       =    ------     ------
  const size           =    ------     ------
  hconst size          =    ------     ------
End of Module Information.


C251 COMPILATION COMPLETE.  0 WARNING(S),  0 ERROR(S)
