C251 COMPILER V5.60.0,  STC32G_Clock                                                       26/08/26  11:50:14  PAGE 1   


C251 COMPILER V5.60.0, COMPILATION OF MODULE STC32G_Clock
OBJECT MODULE PLACED IN .\Objects\STC32G_Clock.obj
COMPILER INVOKED BY: C:\Keil_v5\C251\BIN\C251.EXE ..\Library\STC32G_Clock.c XSMALL INTR2 BROWSE INCDIR(..\App;..\Bsp;..\
                    -Core;..\Driver;..\Library) DEBUG PRINT(.\Listings\STC32G_Clock.lst) OBJECT(.\Objects\STC32G_Clock.obj) 

stmt  level    source

    1          /*---------------------------------------------------------------------*/
    2          /* --- Web: www.STCAI.com ---------------------------------------------*/
    3          /*---------------------------------------------------------------------*/
    4          
    5          #include        "STC32G_Clock.h"
    6          #include        "STC32G_Delay.h"
    7          
    8          //========================================================================
    9          // 函数: void HIRCClkConfig(u8 div)
   10          // 描述: 高速IRC时钟初始化程序.
   11          // 参数: div: 时钟分频系数.
   12          // 返回: none.
   13          // 版本: V1.0, 2022-04-03
   14          //========================================================================
   15          void HIRCClkConfig(u8 div)
   16          {
   17   1              HIRCCR = 0x80; //启动内部 IRC
   18   1              while (!(HIRCCR & 1)); //等待时钟稳定
   19   1              CLKDIV = div;
   20   1              CLKSEL = 0x00; //选择内部 IRC ( 默认 )
   21   1      }
   22          
   23          //========================================================================
   24          // 函数: void XOSCClkConfig(u8 div)
   25          // 描述: 外部晶振时钟初始化程序.
   26          // 参数: div: 时钟分频系数.
   27          // 返回: none.
   28          // 版本: V1.0, 2022-04-03
   29          //========================================================================
   30          void XOSCClkConfig(u8 div)
   31          {
   32   1              XOSCCR = 0xc0; //启动外部晶振
   33   1              while (!(XOSCCR & 1)); //等待时钟稳定
   34   1              CLKDIV = div;  //时钟分频
   35   1              CLKSEL = 0x01; //选择外部晶振
   36   1      }
   37          
   38          //========================================================================
   39          // 函数: void IRC32KClkConfig(u8 div)
   40          // 描述: 低速32K IRC时钟初始化程序.
   41          // 参数: div: 时钟分频系数.
   42          // 返回: none.
   43          // 版本: V1.0, 2022-04-03
   44          //========================================================================
   45          void IRC32KClkConfig(u8 div)
   46          {
   47   1              IRC32KCR = 0x80; //启动内部 32K IRC
   48   1              while (!(IRC32KCR & 1)); //等待时钟稳定
   49   1              CLKDIV = div;  //时钟分频
   50   1              CLKSEL = 0x03; //选择内部 32K
   51   1      }
   52          
   53          //========================================================================
   54          // 函数: void HSPllClkConfig(u8 clksrc, u8 pcki, u8 pllsel, u8 div)
   55          // 描述: 高速IO时钟初始化程序.
   56          // 参数: clksrc: 系统时钟选择, MCLKSEL_HIRC/MCLKSEL_XIRC/MCLKSEL_X32K/MCLKSEL_I32K/MCLKSEL_PLL/MCLKSEL_PL
             -L2/MCLKSEL_I48M.
   57          // 参数: pllsel: PLL时钟选择, PLL_96M/PLL_144M.
C251 COMPILER V5.60.0,  STC32G_Clock                                                       26/08/26  11:50:14  PAGE 2   

   58          // 参数: div: 高速IO时钟分频系数.
   59          // 返回: none.
   60          // 版本: V1.0, 2022-04-03
   61          //========================================================================
   62          void HSPllClkConfig(u8 clksrc, u8 pllsel, u8 div)
   63          {
   64   1              MainClockSel(clksrc);                   //系统时钟选择, MCLKSEL_HIRC/MCLKSEL_XIRC/MCLKSEL_X32K/MCLKSEL_I32K/MCLKSEL_PLL/
             -MCLKSEL_PLL2/MCLKSEL_I48M
   65   1      
   66   1              //系统时钟 n 分频作为PLL时钟源,确保分频后为12M
   67   1          USBCLK &= ~PCKI_MSK;
   68   1      #if (MAIN_Fosc == 12000000UL)
                   USBCLK |= PCKI_D1;          //PLL输入时钟1分频
               #elif (MAIN_Fosc == 24000000UL)
   71   1          USBCLK |= PCKI_D2;          //PLL输入时钟2分频
   72   1      #elif (MAIN_Fosc == 48000000UL)
                   USBCLK |= PCKI_D4;          //PLL输入时钟4分频
               #elif (MAIN_Fosc == 96000000UL)
                   USBCLK |= PCKI_D8;          //PLL输入时钟8分频
               #else
                   USBCLK |= PCKI_D1;          //默认PLL输入时钟1分频
               #endif
   79   1      
   80   1              PLLClockSel(pllsel);                    //PLL时钟选择, PLL_96M/PLL_144M
   81   1              PLLEnable(ENABLE);                              //PLL倍频使能, ENABLE/DISABLE
   82   1              delay_ms(1);              //等待PLL锁频
   83   1              HSIOClockSel(HSCK_PLL);         //高速IO时钟选择, HSCK_MCLK/HSCK_PLL
   84   1              HSClockDiv(div);                                        //高速IO时钟分频系数
   85   1      }


Module Information          Static   Overlayable
------------------------------------------------
  code size            =       237     ------
  ecode size           =    ------     ------
  data size            =    ------     ------
  idata size           =    ------     ------
  pdata size           =    ------     ------
  xdata size           =    ------     ------
  xdata-const size     =    ------     ------
  edata size           =    ------     ------
  bit size             =    ------     ------
  ebit size            =    ------     ------
  bitaddressable size  =    ------     ------
  ebitaddressable size =    ------     ------
  far data size        =    ------     ------
  huge data size       =    ------     ------
  const size           =    ------     ------
  hconst size          =    ------     ------
End of Module Information.


C251 COMPILATION COMPLETE.  0 WARNING(S),  0 ERROR(S)
