C251 COMPILER V5.60.0,  STC32G_LCM_Isr                                                     06/08/26  21:48:48  PAGE 1   


C251 COMPILER V5.60.0, COMPILATION OF MODULE STC32G_LCM_Isr
OBJECT MODULE PLACED IN .\Objects\STC32G_LCM_Isr.obj
COMPILER INVOKED BY: C:\Wongsoft\Keil_v5\C251\BIN\C251.EXE ..\Library\STC32G_LCM_Isr.c XSMALL INTR2 BROWSE INCDIR(..\App
                    -;..\Bsp;..\Driver;..\Library;..\Tool) DEBUG PRINT(.\Listings\STC32G_LCM_Isr.lst) OBJECT(.\Objects\STC32G_LCM_Isr.obj) 

stmt  level    source

    1          /*---------------------------------------------------------------------*/
    2          /* --- Web: www.STCAI.com ---------------------------------------------*/
    3          /*---------------------------------------------------------------------*/
    4          
    5          #include "STC32G_LCM.h"
    6          
    7          bit LcmFlag;
    8          
    9          //========================================================================
   10          // 函数: LCM_ISR_Handler
   11          // 描述: LCM 中断函数.
   12          // 参数: none.
   13          // 返回: none.
   14          // 版本: V1.0, 2022-03-23
   15          //========================================================================
   16          void LCM_ISR_Handler (void) interrupt LCM_VECTOR
   17          {
   18   1              // TODO: 在此处添加用户代码
   19   1              if(LCMIFSTA & 0x01)
   20   1              {
   21   2                      LCMIFSTA = 0x00;
   22   2                      LcmFlag = 0;
   23   2              }
   24   1      }
   25          
   26          


Module Information          Static   Overlayable
------------------------------------------------
  code size            =        36     ------
  ecode size           =    ------     ------
  data size            =    ------     ------
  idata size           =    ------     ------
  pdata size           =    ------     ------
  xdata size           =    ------     ------
  xdata-const size     =    ------     ------
  edata size           =    ------     ------
  bit size             =         1     ------
  ebit size            =    ------     ------
  bitaddressable size  =    ------     ------
  ebitaddressable size =    ------     ------
  far data size        =    ------     ------
  huge data size       =    ------     ------
  const size           =    ------     ------
  hconst size          =    ------     ------
End of Module Information.


C251 COMPILATION COMPLETE.  0 WARNING(S),  0 ERROR(S)
