C251 COMPILER V5.60.0,  STC32G_Exti_Isr                                                    06/08/26  16:43:27  PAGE 1   


C251 COMPILER V5.60.0, COMPILATION OF MODULE STC32G_Exti_Isr
OBJECT MODULE PLACED IN .\Objects\STC32G_Exti_Isr.obj
COMPILER INVOKED BY: C:\Keil_v5\C251\BIN\C251.EXE ..\Library\STC32G_Exti_Isr.c XSMALL INTR2 BROWSE INCDIR(..\App;..\Bsp;
                    -..\Driver;..\Library;..\Tool) DEBUG PRINT(.\Listings\STC32G_Exti_Isr.lst) OBJECT(.\Objects\STC32G_Exti_Isr.obj) 

stmt  level    source

    1          /*---------------------------------------------------------------------*/
    2          /* --- Web: www.STCAI.com ---------------------------------------------*/
    3          /*---------------------------------------------------------------------*/
    4          
    5          #include "STC32G_Exti.h"
    6          #include "STC32G_Timer.h"
    7          
    8          #include "ds_sensor.h"
    9          
   10          //========================================================================
   11          //                               本地变量声明
   12          //========================================================================
   13          
   14          u8 WakeUpSource;
   15          
   16          u32 titra_count = 0;
   17          
   18          //========================================================================
   19          // 函数: INT0_ISR_Handler
   20          // 描述: INT0中断函数.
   21          // 参数: none.
   22          // 返回: none.
   23          // 版本: V1.0, 2020-09-23
   24          //========================================================================
   25          void INT0_ISR_Handler(void) interrupt INT0_VECTOR // 进中断时已经清除标志
   26          {
   27   1              // TODO: 在此处添加用户代码
   28   1      //      P00 = ~P00;
   29   1      #if DS_SENSOR == 172
                   titra_count++;
               #endif
   32   1              WakeUpSource = 1;
   33   1      }
   34          
   35          //========================================================================
   36          // 函数: INT1_ISR_Handler
   37          // 描述: INT1中断函数.
   38          // 参数: none.
   39          // 返回: none.
   40          // 版本: V1.0, 2020-09-23
   41          //========================================================================
   42          void INT1_ISR_Handler(void) interrupt INT1_VECTOR // 进中断时已经清除标志
   43          {
   44   1              // TODO: 在此处添加用户代码
   45   1              //      P01 = ~P01;
   46   1              WakeUpSource = 2;
   47   1      }
   48          
   49          //========================================================================
   50          // 函数: INT2_ISR_Handler
   51          // 描述: INT2中断函数.
   52          // 参数: none.
   53          // 返回: none.
   54          // 版本: V1.0, 2020-09-23
   55          //========================================================================
   56          void INT2_ISR_Handler(void) interrupt INT2_VECTOR // 进中断时已经清除标志
   57          {
   58   1              // TODO: 在此处添加用户代码
C251 COMPILER V5.60.0,  STC32G_Exti_Isr                                                    06/08/26  16:43:27  PAGE 2   

   59   1              //      P02 = ~P02;
   60   1              WakeUpSource = 3;
   61   1      }
   62          
   63          //========================================================================
   64          // 函数: INT3_ISR_Handler
   65          // 描述: INT3中断函数.
   66          // 参数: none.
   67          // 返回: none.
   68          // 版本: V1.0, 2020-09-23
   69          //========================================================================
   70          void INT3_ISR_Handler(void) interrupt INT3_VECTOR // 进中断时已经清除标志
   71          {
   72   1              // TODO: 在此处添加用户代码
   73   1              //      P03 = ~P03;
   74   1              WakeUpSource = 4;
   75   1      }
   76          
   77          //========================================================================
   78          // 函数: INT4_ISR_Handler
   79          // 描述: INT4中断函数.
   80          // 参数: none.
   81          // 返回: none.
   82          // 版本: V1.0, 2020-09-23
   83          //========================================================================
   84          void INT4_ISR_Handler(void) interrupt INT4_VECTOR // 进中断时已经清除标志
   85          {
   86   1              // TODO: 在此处添加用户代码
   87   1              //      P04 = ~P04;
   88   1              WakeUpSource = 5;
   89   1      }


Module Information          Static   Overlayable
------------------------------------------------
  code size            =        70     ------
  ecode size           =    ------     ------
  data size            =    ------     ------
  idata size           =    ------     ------
  pdata size           =    ------     ------
  xdata size           =    ------     ------
  xdata-const size     =    ------     ------
  edata size           =         5     ------
  bit size             =    ------     ------
  ebit size            =    ------     ------
  bitaddressable size  =    ------     ------
  ebitaddressable size =    ------     ------
  far data size        =    ------     ------
  huge data size       =    ------     ------
  const size           =    ------     ------
  hconst size          =         8     ------
End of Module Information.


C251 COMPILATION COMPLETE.  0 WARNING(S),  0 ERROR(S)
