C251 COMPILER V5.60.0,  STC32G_LIN_Isr                                                     06/08/26  15:59:06  PAGE 1   


C251 COMPILER V5.60.0, COMPILATION OF MODULE STC32G_LIN_Isr
OBJECT MODULE PLACED IN .\Objects\STC32G_LIN_Isr.obj
COMPILER INVOKED BY: C:\Keil_v5\C251\BIN\C251.EXE ..\Library\STC32G_LIN_Isr.c XSMALL INTR2 BROWSE INCDIR(..\App;..\Bsp;.
                    -.\Driver;..\Library;..\Tool) DEBUG PRINT(.\Listings\STC32G_LIN_Isr.lst) OBJECT(.\Objects\STC32G_LIN_Isr.obj) 

stmt  level    source

    1          /*---------------------------------------------------------------------*/
    2          /* --- Web: www.STCAI.com ---------------------------------------------*/
    3          /*---------------------------------------------------------------------*/
    4          
    5          #include        "STC32G_LIN.h"
    6          
    7          bit LinRxFlag;
    8          
    9          //========================================================================
   10          // 函数: LIN_ISR_Handler
   11          // 描述: LIN中断函数.
   12          // 参数: none.
   13          // 返回: none.
   14          // 版本: V1.0, 2022-03-28
   15          //========================================================================
   16          void LIN_ISR_Handler (void) interrupt LIN_VECTOR
   17          {
   18   1              u8 isr;
   19   1              u8 arTemp;
   20   1              arTemp = LINAR;     //LINAR 现场保存，避免主循环里写完 LINAR 后产生中断，在中断里修改了 LINAR 内容
   21   1              
   22   1              isr = LinReadReg(LSR);          //读取寄存器清除状态标志位
   23   1              if((isr & 0x03) == 0x03)
   24   1              {
   25   2                      isr = LinReadReg(LER);
   26   2                      if(isr == 0x00)         //No Error
   27   2                      {
   28   3                              LinRxFlag = 1;
   29   3                      }
   30   2              }
   31   1              else
   32   1              {
   33   2                      isr = LinReadReg(LER);  //读取清除错误寄存器
   34   2              }
   35   1      
   36   1              LINAR = arTemp;    //LINAR 现场恢复
   37   1      }
   38          
   39          


Module Information          Static   Overlayable
------------------------------------------------
  code size            =        88     ------
  ecode size           =    ------     ------
  data size            =    ------     ------
  idata size           =    ------     ------
  pdata size           =    ------     ------
  xdata size           =    ------     ------
  xdata-const size     =    ------     ------
  edata size           =    ------     ------
  bit size             =         1     ------
  ebit size            =    ------     ------
  bitaddressable size  =    ------     ------
  ebitaddressable size =    ------     ------
  far data size        =    ------     ------
  huge data size       =    ------     ------
  const size           =    ------     ------
  hconst size          =    ------     ------
C251 COMPILER V5.60.0,  STC32G_LIN_Isr                                                     06/08/26  15:59:06  PAGE 2   

End of Module Information.


C251 COMPILATION COMPLETE.  0 WARNING(S),  0 ERROR(S)
