C251 COMPILER V5.60.0,  STC32G_LCM                                                         06/08/26  21:48:48  PAGE 1   


C251 COMPILER V5.60.0, COMPILATION OF MODULE STC32G_LCM
OBJECT MODULE PLACED IN .\Objects\STC32G_LCM.obj
COMPILER INVOKED BY: C:\Wongsoft\Keil_v5\C251\BIN\C251.EXE ..\Library\STC32G_LCM.c XSMALL INTR2 BROWSE INCDIR(..\App;..\
                    -Bsp;..\Driver;..\Library;..\Tool) DEBUG PRINT(.\Listings\STC32G_LCM.lst) OBJECT(.\Objects\STC32G_LCM.obj) 

stmt  level    source

    1          /*---------------------------------------------------------------------*/
    2          /* --- Web: www.STCAI.com ---------------------------------------------*/
    3          /*---------------------------------------------------------------------*/
    4          
    5          #include "STC32G_LCM.h"
    6          
    7          //========================================================================
    8          // º¯Êý: void LCM_Inilize(LCM_InitTypeDef *LCM)
    9          // ÃèÊö: LCM ³õÊ¼»¯³ÌÐò.
   10          // ²ÎÊý: LCM: ½á¹¹²ÎÊý,Çë²Î¿¼LCM.hÀïµÄ¶¨Òå.
   11          // ·µ»Ø: none.
   12          // °æ±¾: V1.0, 2021-06-02
   13          //========================================================================
   14          void LCM_Inilize(LCM_InitTypeDef *LCM)
   15          {
   16   1              LCMIFSTA = 0x00;
   17   1              if(LCM->LCM_Mode == MODE_M6800)         LCMIFCFG |= MODE_M6800; //LCM½Ó¿ÚÄ£Ê½£ºM6800
   18   1              else LCMIFCFG &= ~MODE_M6800;   //LCM½Ó¿ÚÄ£Ê½£ºI8080
   19   1              
   20   1              if(LCM->LCM_Bit_Wide == BIT_WIDE_16)            LCMIFCFG |= BIT_WIDE_16;        //LCMÊý¾Ý¿í¶È£º16Î»
   21   1              else LCMIFCFG &= ~BIT_WIDE_16;  //LCMÊý¾Ý¿í¶È£º8Î»
   22   1              
   23   1              if(LCM->LCM_Setup_Time <= 7) LCMIFCFG2 = (LCMIFCFG2 & ~0x1c) | (LCM->LCM_Setup_Time << 2);      //LCMÍ¨ÐÅÊý¾Ý
             -½¨Á¢Ê±¼ä£º0~7
   24   1              if(LCM->LCM_Hold_Time <= 3) LCMIFCFG2 = (LCMIFCFG2 & ~0x03) | LCM->LCM_Hold_Time;       //LCMÍ¨ÐÅÊý¾Ý½¨Á¢Ê±¼ä£
             -º0~7
   25   1              
   26   1              if(LCM->LCM_Enable == ENABLE)           LCMIFCR |= 0x80;        //Ê¹ÄÜLCM½Ó¿Ú¹¦ÄÜ
   27   1              else LCMIFCR &= ~0x80;  //½ûÖ¹LCM½Ó¿Ú¹¦ÄÜ
   28   1      }


Module Information          Static   Overlayable
------------------------------------------------
  code size            =       188     ------
  ecode size           =    ------     ------
  data size            =    ------     ------
  idata size           =    ------     ------
  pdata size           =    ------     ------
  xdata size           =    ------     ------
  xdata-const size     =    ------     ------
  edata size           =    ------     ------
  bit size             =    ------     ------
  ebit size            =    ------     ------
  bitaddressable size  =    ------     ------
  ebitaddressable size =    ------     ------
  far data size        =    ------     ------
  huge data size       =    ------     ------
  const size           =    ------     ------
  hconst size          =    ------     ------
End of Module Information.


C251 COMPILATION COMPLETE.  0 WARNING(S),  0 ERROR(S)
