C251 COMPILER V5.60.0,  STC32G_I2C                                                         06/08/26  21:48:48  PAGE 1   


C251 COMPILER V5.60.0, COMPILATION OF MODULE STC32G_I2C
OBJECT MODULE PLACED IN .\Objects\STC32G_I2C.obj
COMPILER INVOKED BY: C:\Wongsoft\Keil_v5\C251\BIN\C251.EXE ..\Library\STC32G_I2C.c XSMALL INTR2 BROWSE INCDIR(..\App;..\
                    -Bsp;..\Driver;..\Library;..\Tool) DEBUG PRINT(.\Listings\STC32G_I2C.lst) OBJECT(.\Objects\STC32G_I2C.obj) 

stmt  level    source

    1          /*---------------------------------------------------------------------*/
    2          /* --- Web: www.STCAI.com ---------------------------------------------*/
    3          /*---------------------------------------------------------------------*/
    4          
    5          #include        "STC32G_I2C.h"
    6          
    7          u8 I2C_BUF_type I2C_Buffer[I2C_BUF_LENTH];
    8          
    9          #define SLAW    0xA2
   10          #define SLAR    0xA3
   11          
   12          //========================================================================
   13          // 函数: void I2C_Init(I2C_InitTypeDef *I2Cx)
   14          // 描述: I2C初始化程序.
   15          // 参数: I2Cx: 结构参数,请参考I2C.h里的定义.
   16          // 返回: none.
   17          // 版本: V1.0, 2012-11-22
   18          //========================================================================
   19          void I2C_Init(I2C_InitTypeDef *I2Cx)
   20          {
   21   1              if(I2Cx->I2C_Mode == I2C_Mode_Master)
   22   1              {
   23   2                      I2C_Master();                   //设为主机      
   24   2                      I2CMSST = 0x00;         //清除I2C主机状态寄存器
   25   2                      I2C_SetSpeed(I2Cx->I2C_Speed);
   26   2                      if(I2Cx->I2C_MS_WDTA == ENABLE)         I2C_WDTA_EN();  //使能自动发送
   27   2                      else                                                                    I2C_WDTA_DIS(); //禁止自动发送
   28   2              }
   29   1              else
   30   1              {
   31   2                      I2C_Slave();    //设为从机
   32   2                      I2CSLST = 0x00;         //清除I2C从机状态寄存器
   33   2                      I2C_Address(I2Cx->I2C_SL_ADR);
   34   2                      if(I2Cx->I2C_SL_MA == ENABLE)           I2C_MATCH_EN(); //从机地址比较功能，只接受相匹配地址
   35   2                      else                                                                    I2C_MATCH_DIS();        //禁止从机地址比较功能，接受所有设备地址
   36   2              }
   37   1              
   38   1              I2C_Function(I2Cx->I2C_Enable);
   39   1      }
   40          
   41          //========================================================================
   42          // 函数: u8     Get_MSBusy_Status (void)
   43          // 描述: 获取主机忙碌状态.
   44          // 参数: none.
   45          // 返回: 主机忙碌状态.
   46          // 版本: V1.0, 2012-11-22
   47          //========================================================================
   48          u8 Get_MSBusy_Status(void)
   49          {
   50   1              return (I2CMSST & 0x80);
   51   1      }
   52          
   53          //========================================================================
   54          // 函数: void   Wait (void)
   55          // 描述: 等待主机模式I2C控制器执行完成I2CMSCR.
   56          // 参数: none.
   57          // 返回: none.
   58          // 版本: V1.0, 2012-11-22
C251 COMPILER V5.60.0,  STC32G_I2C                                                         06/08/26  21:48:48  PAGE 2   

   59          //========================================================================
   60          void Wait()
   61          {
   62   1              while (!(I2CMSST & 0x40));
   63   1              I2CMSST &= ~0x40;
   64   1      }
   65          
   66          //========================================================================
   67          // 函数: void Start (void)
   68          // 描述: I2C总线起始函数.
   69          // 参数: none.
   70          // 返回: none.
   71          // 版本: V1.0, 2020-09-15
   72          //========================================================================
   73          void Start()
   74          {
   75   1              I2CMSCR = 0x01;                         //发送START命令
   76   1              Wait();
   77   1      }
   78          
   79          //========================================================================
   80          // 函数: void SendData (char dat)
   81          // 描述: I2C发送一个字节数据函数.
   82          // 参数: 发送的数据.
   83          // 返回: none.
   84          // 版本: V1.0, 2020-09-15
   85          //========================================================================
   86          void SendData(char dat)
   87          {
   88   1              I2CTXD = dat;                           //写数据到数据缓冲区
   89   1              I2CMSCR = 0x02;                         //发送SEND命令
   90   1              Wait();
   91   1      }
   92          
   93          //========================================================================
   94          // 函数: void RecvACK (void)
   95          // 描述: I2C获取ACK函数.
   96          // 参数: none.
   97          // 返回: none.
   98          // 版本: V1.0, 2020-09-15
   99          //========================================================================
  100          void RecvACK()
  101          {
  102   1              I2CMSCR = 0x03;                         //发送读ACK命令
  103   1              Wait();
  104   1      }
  105          
  106          //========================================================================
  107          // 函数: char RecvData (void)
  108          // 描述: I2C读取一个字节数据函数.
  109          // 参数: none.
  110          // 返回: 读取数据.
  111          // 版本: V1.0, 2020-09-15
  112          //========================================================================
  113          char RecvData()
  114          {
  115   1              I2CMSCR = 0x04;                         //发送RECV命令
  116   1              Wait();
  117   1              return I2CRXD;
  118   1      }
  119          
  120          //========================================================================
  121          // 函数: void SendACK (void)
  122          // 描述: I2C发送ACK函数.
  123          // 参数: none.
  124          // 返回: none.
C251 COMPILER V5.60.0,  STC32G_I2C                                                         06/08/26  21:48:48  PAGE 3   

  125          // 版本: V1.0, 2020-09-15
  126          //========================================================================
  127          void SendACK()
  128          {
  129   1              I2CMSST = 0x00;                         //设置ACK信号
  130   1              I2CMSCR = 0x05;                         //发送ACK命令
  131   1              Wait();
  132   1      }
  133          
  134          //========================================================================
  135          // 函数: void SendNAK (void)
  136          // 描述: I2C发送NAK函数.
  137          // 参数: none.
  138          // 返回: none.
  139          // 版本: V1.0, 2020-09-15
  140          //========================================================================
  141          void SendNAK()
  142          {
  143   1              I2CMSST = 0x01;                         //设置NAK信号
  144   1              I2CMSCR = 0x05;                         //发送ACK命令
  145   1              Wait();
  146   1      }
  147          
  148          //========================================================================
  149          // 函数: void Stop (void)
  150          // 描述: I2C总线停止函数.
  151          // 参数: none.
  152          // 返回: none.
  153          // 版本: V1.0, 2020-09-15
  154          //========================================================================
  155          void Stop()
  156          {
  157   1              I2CMSCR = 0x06;                         //发送STOP命令
  158   1              Wait();
  159   1      }
  160          
  161          //========================================================================
  162          // 函数: void SendCmdData (u8 cmd, u8 dat)
  163          // 描述: I2C发送一个字节数据函数.
  164          // 参数: 命令/数据.
  165          // 返回: none.
  166          // 版本: V1.0, 2020-09-15
  167          //========================================================================
  168          void SendCmdData(u8 cmd, u8 dat)
  169          {
  170   1              I2CTXD = dat;                           //写数据到数据缓冲区
  171   1              I2CMSCR = cmd;                          //设置命令
  172   1              Wait();
  173   1      }
  174          
  175          //========================================================================
  176          // 函数: void I2C_WriteNbyte(u8 dev_addr, u8 mem_addr, u8 *p, u8 number)
  177          // 描述: I2C写入数据函数.
  178          // 参数: dev_addr: 设备地址, mem_addr: 存储地址, *p写入数据存储位置, number写入数据个数.
  179          // 返回: none.
  180          // 版本: V1.0, 2020-09-15
  181          //========================================================================
  182          void I2C_WriteNbyte(u8 dev_addr, u8 mem_addr, u8 *p, u8 number)  /*  DeviceAddress,WordAddress,First Data
             - Address,Byte lenth   */
  183          {
  184   1              Start();                                //发送起始命令
  185   1              SendData(dev_addr);                     //发送设备地址+写命令
  186   1              RecvACK();
  187   1              SendData(mem_addr);                     //发送存储地址
  188   1              RecvACK();
  189   1              do
C251 COMPILER V5.60.0,  STC32G_I2C                                                         06/08/26  21:48:48  PAGE 4   

  190   1              {
  191   2                      SendData(*p++);
  192   2                      RecvACK();
  193   2              }
  194   1              while(--number);
  195   1              Stop();                                 //发送停止命令
  196   1      }
  197          
  198          //========================================================================
  199          // 函数: void I2C_ReadNbyte(u8 dev_addr, u8 mem_addr, u8 *p, u8 number)
  200          // 描述: I2C读取数据函数.
  201          // 参数: dev_addr: 设备地址, mem_addr: 存储地址, *p读取数据存储位置, number读取数据个数.
  202          // 返回: none.
  203          // 版本: V1.0, 2020-09-15
  204          //========================================================================
  205          void I2C_ReadNbyte(u8 dev_addr, u8 mem_addr, u8 *p, u8 number)   /*  DeviceAddress,WordAddress,First Data
             - Address,Byte lenth   */
  206          {
  207   1              Start();                                //发送起始命令
  208   1              SendData(dev_addr);                     //发送设备地址+写命令
  209   1              RecvACK();
  210   1              SendData(mem_addr);                     //发送存储地址
  211   1              RecvACK();
  212   1              Start();                                //发送起始命令
  213   1              SendData(dev_addr|1);                   //发送设备地址+读命令
  214   1              RecvACK();
  215   1              do
  216   1              {
  217   2                      *p = RecvData();
  218   2                      p++;
  219   2                      if(number != 1) SendACK();          //send ACK
  220   2              }
  221   1              while(--number);
  222   1              SendNAK();                              //send no ACK   
  223   1              Stop();                                 //发送停止命令
  224   1      }


Module Information          Static   Overlayable
------------------------------------------------
  code size            =       555     ------
  ecode size           =    ------     ------
  data size            =    ------     ------
  idata size           =    ------     ------
  pdata size           =    ------     ------
  xdata size           =    ------     ------
  xdata-const size     =    ------     ------
  edata size           =         8          6
  bit size             =    ------     ------
  ebit size            =    ------     ------
  bitaddressable size  =    ------     ------
  ebitaddressable size =    ------     ------
  far data size        =    ------     ------
  huge data size       =    ------     ------
  const size           =    ------     ------
  hconst size          =    ------     ------
End of Module Information.


C251 COMPILATION COMPLETE.  0 WARNING(S),  0 ERROR(S)
