C251 COMPILER V5.60.0,  task_scheduler                                                     26/08/26  11:50:06  PAGE 1   


C251 COMPILER V5.60.0, COMPILATION OF MODULE task_scheduler
OBJECT MODULE PLACED IN .\Objects\task_scheduler.obj
COMPILER INVOKED BY: C:\Keil_v5\C251\BIN\C251.EXE ..\Core\task_scheduler.c XSMALL INTR2 BROWSE INCDIR(..\App;..\Bsp;..\C
                    -ore;..\Driver;..\Library) DEBUG PRINT(.\Listings\task_scheduler.lst) OBJECT(.\Objects\task_scheduler.obj) 

stmt  level    source

    1          #include "task_scheduler.h"
    2          
    3          #include "config.h"
    4          
    5          #define TIMER0_RELOAD 0xA240 // 1ms@24MHz, 1T mode
    6          
    7          static TaskScheduler_t scheduler;
    8          static volatile u32 sys_tick_ms = 0;
    9          static volatile u32 sys_tick_us = 0; // ISR 中 += 1000
   10          
   11          //------------------------------------------------------------
   12          // 初始化任务调度器
   13          //------------------------------------------------------------
   14          void task_scheduler_init(void)
   15          {
   16   1          u8 i;
   17   1          scheduler.task_count = 0;
   18   1          scheduler.current_task = 0xFF; // 无任务在运行
   19   1          scheduler.idle_hook = 0;
   20   1          sys_tick_ms = 0;
   21   1          sys_tick_us = 0;
   22   1      
   23   1          for (i = 0; i < MAX_TASKS; i++)
   24   1          {
   25   2              scheduler.tasks[i].stats.max_us = 0;
   26   2              scheduler.tasks[i].stats.min_us = 0xFFFFFFFF;
   27   2              scheduler.tasks[i].stats.avg_us = 0;
   28   2              scheduler.tasks[i].stats.total_us = 0;
   29   2              scheduler.tasks[i].stats.exec_cnt = 0;
   30   2              scheduler.tasks[i].stats.overrun_cnt = 0;
   31   2              scheduler.tasks[i].stats.last_dur_us = 0;
   32   2              scheduler.tasks[i].running = 0;
   33   2              scheduler.tasks[i].wake_tick = 0; // 0 表示立即可调度
   34   2          }
   35   1      
   36   1          // 1ms@24.000MHz
   37   1          TM0PS = 0x00; // Set timer clock prescaler
   38   1          AUXR |= 0x80; // Timer clock is 1T mode
   39   1          TMOD &= 0xF0; // Set timer work mode
   40   1          TL0 = (u8)(TIMER0_RELOAD & 0xFF);
   41   1          TH0 = (u8)(TIMER0_RELOAD >> 8);
   42   1          TF0 = 0; // Clear TF0 flag
   43   1          TR0 = 1; // Timer0 start run
   44   1          ET0 = 1; // Enable timer0 interrupt
   45   1      }
   46          
   47          //------------------------------------------------------------
   48          // 设置空闲钩子
   49          //------------------------------------------------------------
   50          void task_set_idle_hook(TaskIdleHook_t hook)
   51          {
   52   1          scheduler.idle_hook = hook;
   53   1      }
   54          
   55          //------------------------------------------------------------
   56          // 原子读取系统滴答（关闭 EA 保证 u32 读原子性）
   57          //------------------------------------------------------------
   58          u32 task_get_tick_ms(void)
C251 COMPILER V5.60.0,  task_scheduler                                                     26/08/26  11:50:06  PAGE 2   

   59          {
   60   1          u32 t;
   61   1          EA = 0;
   62   1          t = sys_tick_ms;
   63   1          EA = 1;
   64   1          return t;
   65   1      }
   66          
   67          //------------------------------------------------------------
   68          // 注册一个任务（RTOS 风格，不需要 period_ms）
   69          //------------------------------------------------------------
   70          u8 task_register(TaskFunc_t func, u8 priority)
   71          {
   72   1          u8 id = scheduler.task_count;
   73   1          if (id >= MAX_TASKS)
   74   1              return 0xFF;
   75   1      
   76   1          scheduler.tasks[id].id = id;
   77   1          scheduler.tasks[id].priority = priority;
   78   1          scheduler.tasks[id].wake_tick = 0; // 首次立即可调度
   79   1          scheduler.tasks[id].running = 0;
   80   1          scheduler.tasks[id].func = func;
   81   1      
   82   1          scheduler.task_count++;
   83   1          return id;
   84   1      }
   85          
   86          //------------------------------------------------------------
   87          // 中断调用，系统时基更新
   88          //------------------------------------------------------------
   89          void task_scheduler_tick_isr(void)
   90          {
   91   1          sys_tick_ms++;
   92   1          sys_tick_us += 1000;
   93   1      }
   94          
   95          //------------------------------------------------------------
   96          // 挂起当前任务 n 毫秒（只能在任务函数内调用）
   97          //------------------------------------------------------------
   98          void task_delay_ms(u32 ms)
   99          {
  100   1          u8 id = scheduler.current_task;
  101   1          if (id >= scheduler.task_count)
  102   1              return; // 安全保护：不在任务上下文中调用则忽略
  103   1      
  104   1          scheduler.tasks[id].wake_tick = task_get_tick_ms() + ms;
  105   1      }
  106          
  107          //------------------------------------------------------------
  108          // 获取任务统计
  109          //------------------------------------------------------------
  110          const TaskStats_t *task_get_stats(u8 task_id)
  111          {
  112   1          if (task_id >= scheduler.task_count)
  113   1              return 0;
  114   1          return &scheduler.tasks[task_id].stats;
  115   1      }
  116          
  117          //------------------------------------------------------------
  118          // 非阻塞超时检查
  119          // 返回: 1=等待中, 0=超时到
  120          // 用法: static u32 tmo = 0; if (!task_timeout(&tmo, 500)) { ... }
  121          //------------------------------------------------------------
  122          u8 task_timeout(u32 *t_next, u32 timeout_ms)
  123          {
  124   1          u32 now = task_get_tick_ms();
C251 COMPILER V5.60.0,  task_scheduler                                                     26/08/26  11:50:06  PAGE 3   

  125   1      
  126   1          if (*t_next == 0)
  127   1          {
  128   2              *t_next = now + timeout_ms;
  129   2              return 1;
  130   2          }
  131   1      
  132   1          // 无符号回绕安全比较：now < t_next
  133   1          if ((u32)(now - *t_next) >= 0x80000000UL)
  134   1              return 1;
  135   1      
  136   1          *t_next = now + timeout_ms;
  137   1          return 0;
  138   1      }
  139          
  140          //------------------------------------------------------------
  141          // 进入临界区：关中断，保存并返回 EA 状态
  142          //------------------------------------------------------------
  143          u8 task_enter_critical(void)
  144          {
  145   1          u8 s = EA;
  146   1          EA = 0;
  147   1          return s;
  148   1      }
  149          
  150          //------------------------------------------------------------
  151          // 退出临界区：恢复 EA 状态
  152          //------------------------------------------------------------
  153          void task_exit_critical(u8 ea_save)
  154          {
  155   1          EA = ea_save;
  156   1      }
  157          
  158          //------------------------------------------------------------
  159          // 主循环中调用，调度任务执行
  160          //------------------------------------------------------------
  161          void task_scheduler_run(void)
  162          {
  163   1          u8 i, j;
  164   1          Task_t *ready_list[MAX_TASKS];
  165   1          u8 ready_count = 0;
  166   1          u32 now, now_us, start_us, dur_us;
  167   1      
  168   1          now = task_get_tick_ms();
  169   1      
  170   1          // 扫描就绪任务：wake_tick <= now
  171   1          for (i = 0; i < scheduler.task_count; i++)
  172   1          {
  173   2              Task_t *t = &scheduler.tasks[i];
  174   2      
  175   2              // 无符号回绕安全：now >= wake_tick 等价于 (now - wake_tick) < 0x80000000UL
  176   2              if ((u32)(now - t->wake_tick) < 0x80000000UL)
  177   2              {
  178   3                  // 积压检测：wake_tick 落后超过 1ms 说明被延迟了
  179   3                  // （注意：这里只检测“就绪后有没有被调度延迟”，不是周期积压）
  180   3                  if ((u32)(now - t->wake_tick) > 1)
  181   3                  {
  182   4                      t->stats.overrun_cnt++;
  183   4                  }
  184   3                  ready_list[ready_count++] = t;
  185   3              }
  186   2          }
  187   1      
  188   1          // 按优先级排序（高值优先，冒泡）
  189   1          for (i = 0; i < ready_count; i++)
  190   1          {
C251 COMPILER V5.60.0,  task_scheduler                                                     26/08/26  11:50:06  PAGE 4   

  191   2              for (j = i + 1; j < ready_count; j++)
  192   2              {
  193   3                  if (ready_list[j]->priority > ready_list[i]->priority)
  194   3                  {
  195   4                      Task_t *tmp = ready_list[i];
  196   4                      ready_list[i] = ready_list[j];
  197   4                      ready_list[j] = tmp;
  198   4                  }
  199   3              }
  200   2          }
  201   1      
  202   1          // 执行就绪任务并统计耗时（精度 1ms）
  203   1          for (i = 0; i < ready_count; i++)
  204   1          {
  205   2              Task_t *t = ready_list[i];
  206   2      
  207   2              // 标记任务正在运行，记录当前任务 ID 给 task_delay_ms 使用
  208   2              t->running = 1;
  209   2              scheduler.current_task = t->id;
  210   2      
  211   2              EA = 0;
  212   2              start_us = sys_tick_us;
  213   2              EA = 1;
  214   2      
  215   2              t->func(); // 任务内可能调用 task_delay_ms() 设置 wake_tick
  216   2      
  217   2              EA = 0;
  218   2              now_us = sys_tick_us;
  219   2              EA = 1;
  220   2      
  221   2              dur_us = now_us - start_us;
  222   2      
  223   2              t->running = 0;
  224   2      
  225   2              // 更新统计
  226   2              t->stats.last_dur_us = dur_us;
  227   2              t->stats.total_us += dur_us;
  228   2              t->stats.exec_cnt++;
  229   2              if (dur_us > t->stats.max_us)
  230   2                  t->stats.max_us = dur_us;
  231   2              if (dur_us < t->stats.min_us)
  232   2                  t->stats.min_us = dur_us;
  233   2              t->stats.avg_us = t->stats.total_us / t->stats.exec_cnt;
  234   2          }
  235   1      
  236   1          scheduler.current_task = 0xFF; // 无任务运行
  237   1      
  238   1          // 无任务就绪时调用空闲钩子
  239   1          if (ready_count == 0 && scheduler.idle_hook)
  240   1          {
  241   2              scheduler.idle_hook();
  242   2          }
  243   1      }


Module Information          Static   Overlayable
------------------------------------------------
  code size            =       929     ------
  ecode size           =    ------     ------
  data size            =    ------     ------
  idata size           =    ------     ------
  pdata size           =    ------     ------
  xdata size           =    ------     ------
  xdata-const size     =    ------     ------
  edata size           =       308         53
  bit size             =    ------     ------
  ebit size            =    ------     ------
C251 COMPILER V5.60.0,  task_scheduler                                                     26/08/26  11:50:06  PAGE 5   

  bitaddressable size  =    ------     ------
  ebitaddressable size =    ------     ------
  far data size        =    ------     ------
  huge data size       =    ------     ------
  const size           =    ------     ------
  hconst size          =        16     ------
End of Module Information.


C251 COMPILATION COMPLETE.  0 WARNING(S),  0 ERROR(S)
